Archive member included to satisfy reference by file (symbol)

/usr/lib/gcc/arm-none-eabi/14.2.0/thumb/v6-m/nofp/libgcc.a(_thumb1_case_uqi.o)
                              /home/phil/Repos/LoRa_STM32-claude/build/obj/sx1276_174cd5fd.o (__gnu_thumb1_case_uqi)
/usr/lib/gcc/arm-none-eabi/14.2.0/thumb/v6-m/nofp/libgcc.a(_thumb1_case_shi.o)
                              /home/phil/Repos/LoRa_STM32-claude/build/obj/main_47d3d071.o (__gnu_thumb1_case_shi)
/usr/lib/gcc/arm-none-eabi/14.2.0/thumb/v6-m/nofp/libgcc.a(_thumb1_case_uhi.o)
                              /home/phil/Repos/LoRa_STM32-claude/build/obj/bsp_fc5dfbea.o (__gnu_thumb1_case_uhi)
/usr/lib/gcc/arm-none-eabi/14.2.0/thumb/v6-m/nofp/libgcc.a(_udivsi3.o)
                              /home/phil/Repos/LoRa_STM32-claude/build/obj/iwdg_f9b75010.o (__aeabi_uidiv)
/usr/lib/gcc/arm-none-eabi/14.2.0/thumb/v6-m/nofp/libgcc.a(_divsi3.o)
                              /home/phil/Repos/LoRa_STM32-claude/build/obj/bsp_fc5dfbea.o (__aeabi_idiv)
/usr/lib/gcc/arm-none-eabi/14.2.0/thumb/v6-m/nofp/libgcc.a(_dvmd_tls.o)
                              /usr/lib/gcc/arm-none-eabi/14.2.0/thumb/v6-m/nofp/libgcc.a(_udivsi3.o) (__aeabi_idiv0)
/usr/lib/gcc/arm-none-eabi/14.2.0/thumb/v6-m/nofp/libgcc.a(_arm_cmpdf2.o)
                              /home/phil/Repos/LoRa_STM32-claude/build/obj/sx1276_174cd5fd.o (__aeabi_dcmpgt)
/usr/lib/gcc/arm-none-eabi/14.2.0/thumb/v6-m/nofp/libgcc.a(_arm_cmpsf2.o)
                              /home/phil/Repos/LoRa_STM32-claude/build/obj/ds18b20_8a272139.o (__aeabi_fcmpeq)
/usr/lib/gcc/arm-none-eabi/14.2.0/thumb/v6-m/nofp/libgcc.a(_aeabi_uldivmod.o)
                              /home/phil/Repos/LoRa_STM32-claude/build/obj/stm32l0xx_hal_uart_151166ad.o (__aeabi_uldivmod)
/usr/lib/gcc/arm-none-eabi/14.2.0/thumb/v6-m/nofp/libgcc.a(_muldi3.o)
                              /home/phil/Repos/LoRa_STM32-claude/build/obj/hw_rtc_40701610.o (__aeabi_lmul)
/usr/lib/gcc/arm-none-eabi/14.2.0/thumb/v6-m/nofp/libgcc.a(_fixunssfsi.o)
                              /home/phil/Repos/LoRa_STM32-claude/build/obj/bsp_fc5dfbea.o (__aeabi_f2uiz)
/usr/lib/gcc/arm-none-eabi/14.2.0/thumb/v6-m/nofp/libgcc.a(_fixunsdfsi.o)
                              /home/phil/Repos/LoRa_STM32-claude/build/obj/sx1276_174cd5fd.o (__aeabi_d2uiz)
/usr/lib/gcc/arm-none-eabi/14.2.0/thumb/v6-m/nofp/libgcc.a(_udivmoddi4.o)
                              /usr/lib/gcc/arm-none-eabi/14.2.0/thumb/v6-m/nofp/libgcc.a(_aeabi_uldivmod.o) (__udivmoddi4)
/usr/lib/gcc/arm-none-eabi/14.2.0/thumb/v6-m/nofp/libgcc.a(divsf3.o)
                              /home/phil/Repos/LoRa_STM32-claude/build/obj/weight_b45b8a79.o (__aeabi_fdiv)
/usr/lib/gcc/arm-none-eabi/14.2.0/thumb/v6-m/nofp/libgcc.a(eqsf2.o)
                              /usr/lib/gcc/arm-none-eabi/14.2.0/thumb/v6-m/nofp/libgcc.a(_arm_cmpsf2.o) (__eqsf2)
/usr/lib/gcc/arm-none-eabi/14.2.0/thumb/v6-m/nofp/libgcc.a(gesf2.o)
                              /usr/lib/gcc/arm-none-eabi/14.2.0/thumb/v6-m/nofp/libgcc.a(_arm_cmpsf2.o) (__gesf2)
/usr/lib/gcc/arm-none-eabi/14.2.0/thumb/v6-m/nofp/libgcc.a(lesf2.o)
                              /usr/lib/gcc/arm-none-eabi/14.2.0/thumb/v6-m/nofp/libgcc.a(_arm_cmpsf2.o) (__lesf2)
/usr/lib/gcc/arm-none-eabi/14.2.0/thumb/v6-m/nofp/libgcc.a(mulsf3.o)
                              /home/phil/Repos/LoRa_STM32-claude/build/obj/main_47d3d071.o (__aeabi_fmul)
/usr/lib/gcc/arm-none-eabi/14.2.0/thumb/v6-m/nofp/libgcc.a(subsf3.o)
                              /home/phil/Repos/LoRa_STM32-claude/build/obj/RegionCommon_2f44c7de.o (__aeabi_fsub)
/usr/lib/gcc/arm-none-eabi/14.2.0/thumb/v6-m/nofp/libgcc.a(fixsfsi.o)
                              /home/phil/Repos/LoRa_STM32-claude/build/obj/weight_b45b8a79.o (__aeabi_f2iz)
/usr/lib/gcc/arm-none-eabi/14.2.0/thumb/v6-m/nofp/libgcc.a(floatsisf.o)
                              /home/phil/Repos/LoRa_STM32-claude/build/obj/weight_b45b8a79.o (__aeabi_i2f)
/usr/lib/gcc/arm-none-eabi/14.2.0/thumb/v6-m/nofp/libgcc.a(floatunsisf.o)
                              /home/phil/Repos/LoRa_STM32-claude/build/obj/bh1750_d36a6ef9.o (__aeabi_ui2f)
/usr/lib/gcc/arm-none-eabi/14.2.0/thumb/v6-m/nofp/libgcc.a(adddf3.o)
                              /home/phil/Repos/LoRa_STM32-claude/build/obj/sx1276_174cd5fd.o (__aeabi_dadd)
/usr/lib/gcc/arm-none-eabi/14.2.0/thumb/v6-m/nofp/libgcc.a(divdf3.o)
                              /home/phil/Repos/LoRa_STM32-claude/build/obj/sx1276_174cd5fd.o (__aeabi_ddiv)
/usr/lib/gcc/arm-none-eabi/14.2.0/thumb/v6-m/nofp/libgcc.a(eqdf2.o)
                              /usr/lib/gcc/arm-none-eabi/14.2.0/thumb/v6-m/nofp/libgcc.a(_arm_cmpdf2.o) (__eqdf2)
/usr/lib/gcc/arm-none-eabi/14.2.0/thumb/v6-m/nofp/libgcc.a(gedf2.o)
                              /usr/lib/gcc/arm-none-eabi/14.2.0/thumb/v6-m/nofp/libgcc.a(_arm_cmpdf2.o) (__gedf2)
/usr/lib/gcc/arm-none-eabi/14.2.0/thumb/v6-m/nofp/libgcc.a(ledf2.o)
[...]
Memory Configuration

Name             Origin             Length             Attributes
FLASH            0x08000000         0x00030000         xr
RAM              0x20000000         0x00005000         xrw
*default*        0x00000000         0xffffffff

Linker script and memory map

LOAD /usr/lib/gcc/arm-none-eabi/14.2.0/thumb/v6-m/nofp/crti.o
LOAD /usr/lib/gcc/arm-none-eabi/14.2.0/thumb/v6-m/nofp/crtbegin.o
LOAD /usr/lib/gcc/arm-none-eabi/14.2.0/../../../../arm-none-eabi/lib/thumb/v6-m/nofp/crt0.o
LOAD /home/phil/Repos/LoRa_STM32-claude/build/obj/startup_stm32l072xx_e5a63952.o
LOAD /home/phil/Repos/LoRa_STM32-claude/build/obj/flash_eraseprogram_078ea408.o
LOAD /home/phil/Repos/LoRa_STM32-claude/build/obj/iwdg_f9b75010.o
LOAD /home/phil/Repos/LoRa_STM32-claude/build/obj/sx1276_174cd5fd.o
LOAD /home/phil/Repos/LoRa_STM32-claude/build/obj/pwr_out_09116cf3.o
LOAD /home/phil/Repos/LoRa_STM32-claude/build/obj/gpio_exti_f80a3f3b.o
LOAD /home/phil/Repos/LoRa_STM32-claude/build/obj/oil_float_a0c282d6.o
LOAD /home/phil/Repos/LoRa_STM32-claude/build/obj/ds18b20_8a272139.o
LOAD /home/phil/Repos/LoRa_STM32-claude/build/obj/sht20_78cb122d.o
LOAD /home/phil/Repos/LoRa_STM32-claude/build/obj/sht31_e71d2731.o
LOAD /home/phil/Repos/LoRa_STM32-claude/build/obj/bh1750_d36a6ef9.o
LOAD /home/phil/Repos/LoRa_STM32-claude/build/obj/lidar_lite_v3hp_29c3a030.o
LOAD /home/phil/Repos/LoRa_STM32-claude/build/obj/tfsensor_f8521127.o
LOAD /home/phil/Repos/LoRa_STM32-claude/build/obj/ult_3f609183.o
LOAD /home/phil/Repos/LoRa_STM32-claude/build/obj/weight_b45b8a79.o
LOAD /home/phil/Repos/LoRa_STM32-claude/build/obj/stm32l0xx_nucleo_36d0a9be.o
LOAD /home/phil/Repos/LoRa_STM32-claude/build/obj/sx1276mb1las_a2dfe320.o
LOAD /home/phil/Repos/LoRa_STM32-claude/build/obj/system_stm32l0xx_d1d9d34c.o
LOAD /home/phil/Repos/LoRa_STM32-claude/build/obj/stm32l0xx_hal_spi_0d710a1d.o
LOAD /home/phil/Repos/LoRa_STM32-claude/build/obj/stm32l0xx_hal_uart_151166ad.o
LOAD /home/phil/Repos/LoRa_STM32-claude/build/obj/stm32l0xx_hal_adc_c7549bd9.o
LOAD /home/phil/Repos/LoRa_STM32-claude/build/obj/stm32l0xx_hal_rcc_5d6cbea2.o
LOAD /home/phil/Repos/LoRa_STM32-claude/build/obj/stm32l0xx_hal_rcc_ex_717f907f.o
LOAD /home/phil/Repos/LoRa_STM32-claude/build/obj/stm32l0xx_hal_48c60b3a.o
LOAD /home/phil/Repos/LoRa_STM32-claude/build/obj/stm32l0xx_hal_cortex_96b83243.o
LOAD /home/phil/Repos/LoRa_STM32-claude/build/obj/stm32l0xx_hal_gpio_6314eb15.o
LOAD /home/phil/Repos/LoRa_STM32-claude/build/obj/stm32l0xx_hal_dma_059f8871.o
LOAD /home/phil/Repos/LoRa_STM32-claude/build/obj/stm32l0xx_hal_pwr_cd42b393.o
LOAD /home/phil/Repos/LoRa_STM32-claude/build/obj/stm32l0xx_hal_pwr_ex_1298891d.o
LOAD /home/phil/Repos/LoRa_STM32-claude/build/obj/stm32l0xx_hal_rtc_760a24a3.o
LOAD /home/phil/Repos/LoRa_STM32-claude/build/obj/stm32l0xx_hal_rtc_ex_dcf355d0.o
LOAD /home/phil/Repos/LoRa_STM32-claude/build/obj/stm32l0xx_hal_tim_821fd5ef.o
LOAD /home/phil/Repos/LoRa_STM32-claude/build/obj/stm32l0xx_hal_tim_ex_b8a8c763.o
LOAD /home/phil/Repos/LoRa_STM32-claude/build/obj/stm32l0xx_hal_adc_ex_38e6fee2.o
LOAD /home/phil/Repos/LoRa_STM32-claude/build/obj/stm32l0xx_hal_uart_ex_5f0f995d.o
LOAD /home/phil/Repos/LoRa_STM32-claude/build/obj/stm32l0xx_hal_i2c_d420655c.o
LOAD /home/phil/Repos/LoRa_STM32-claude/build/obj/stm32l0xx_hal_i2c_ex_a1e58d1b.o
LOAD /home/phil/Repos/LoRa_STM32-claude/build/obj/stm32l0xx_hal_flash_ex_2521ef03.o
LOAD /home/phil/Repos/LoRa_STM32-claude/build/obj/stm32l0xx_hal_flash_20ada424.o
LOAD /home/phil/Repos/LoRa_STM32-claude/build/obj/stm32l0xx_hal_iwdg_16129b01.o
LOAD /home/phil/Repos/LoRa_STM32-claude/build/obj/bsp_fc5dfbea.o
LOAD /home/phil/Repos/LoRa_STM32-claude/build/obj/debug_f8cb5e76.o
LOAD /home/phil/Repos/LoRa_STM32-claude/build/obj/hw_gpio_097d5577.o
LOAD /home/phil/Repos/LoRa_STM32-claude/build/obj/hw_rtc_40701610.o
LOAD /home/phil/Repos/LoRa_STM32-claude/build/obj/hw_spi_1d9ffd93.o
LOAD /home/phil/Repos/LoRa_STM32-claude/build/obj/main_47d3d071.o
LOAD /home/phil/Repos/LoRa_STM32-claude/build/obj/stm32l0xx_hal_msp_59407185.o
LOAD /home/phil/Repos/LoRa_STM32-claude/build/obj/stm32l0xx_hw_492d4781.o
LOAD /home/phil/Repos/LoRa_STM32-claude/build/obj/stm32l0xx_it_b362cb1e.o
LOAD /home/phil/Repos/LoRa_STM32-claude/build/obj/vcom_81525599.o
LOAD /home/phil/Repos/LoRa_STM32-claude/build/obj/at_82e457e9.o
LOAD /home/phil/Repos/LoRa_STM32-claude/build/obj/command_a2f38ca8.o
LOAD /home/phil/Repos/LoRa_STM32-claude/build/obj/lora_bb201500.o
LOAD /home/phil/Repos/LoRa_STM32-claude/build/obj/tiny_sscanf_7164f13a.o
LOAD /home/phil/Repos/LoRa_STM32-claude/build/obj/tiny_vsnprintf_2c952753.o
LOAD /home/phil/Repos/LoRa_STM32-claude/build/obj/Region_e7cf99a6.o
LOAD /home/phil/Repos/LoRa_STM32-claude/build/obj/RegionAS923_4ae8236a.o
LOAD /home/phil/Repos/LoRa_STM32-claude/build/obj/RegionAU915_d811be32.o
LOAD /home/phil/Repos/LoRa_STM32-claude/build/obj/RegionCN470_56439487.o
LOAD /home/phil/Repos/LoRa_STM32-claude/build/obj/RegionCN779_04586a81.o
LOAD /home/phil/Repos/LoRa_STM32-claude/build/obj/RegionCommon_2f44c7de.o
LOAD /home/phil/Repos/LoRa_STM32-claude/build/obj/RegionEU433_f02a5e49.o
LOAD /home/phil/Repos/LoRa_STM32-claude/build/obj/RegionEU868_fd21cf6c.o
LOAD /home/phil/Repos/LoRa_STM32-claude/build/obj/RegionIN865_4b3f076a.o
LOAD /home/phil/Repos/LoRa_STM32-claude/build/obj/RegionKR920_96d02b25.o
LOAD /home/phil/Repos/LoRa_STM32-claude/build/obj/RegionUS915_983effa7.o
LOAD /home/phil/Repos/LoRa_STM32-claude/build/obj/RegionRU864_a0aa9aa7.o
LOAD /home/phil/Repos/LoRa_STM32-claude/build/obj/RegionKZ865_12f67f7a.o
LOAD /home/phil/Repos/LoRa_STM32-claude/build/obj/RegionMA869_28b4a04d.o
LOAD /home/phil/Repos/LoRa_STM32-claude/build/obj/LoRaMac_6eac7497.o
LOAD /home/phil/Repos/LoRa_STM32-claude/build/obj/LoRaMacCrypto_5c88798c.o
LOAD /home/phil/Repos/LoRa_STM32-claude/build/obj/lora-test_9d43f367.o
LOAD /home/phil/Repos/LoRa_STM32-claude/build/obj/delay_69b8651c.o
LOAD /home/phil/Repos/LoRa_STM32-claude/build/obj/low_power_manager_062ac3e9.o
LOAD /home/phil/Repos/LoRa_STM32-claude/build/obj/timeServer_ff13a564.o
LOAD /home/phil/Repos/LoRa_STM32-claude/build/obj/utilities_06cf1bad.o
LOAD /home/phil/Repos/LoRa_STM32-claude/build/obj/trace_0f7c981b.o
LOAD /home/phil/Repos/LoRa_STM32-claude/build/obj/queue_53f702e2.o
LOAD /home/phil/Repos/LoRa_STM32-claude/build/obj/aes_fc1b9773.o
LOAD /home/phil/Repos/LoRa_STM32-claude/build/obj/cmac_a4bbb0de.o
LOAD /home/phil/Repos/LoRa_STM32-claude/build/obj/dendrometer_76937874.o
START GROUP
LOAD /usr/lib/gcc/arm-none-eabi/14.2.0/thumb/v6-m/nofp/libgcc.a
LOAD /usr/lib/gcc/arm-none-eabi/14.2.0/../../../../arm-none-eabi/lib/thumb/v6-m/nofp/libc_nano.a
END GROUP
START GROUP
LOAD /usr/lib/gcc/arm-none-eabi/14.2.0/thumb/v6-m/nofp/libgcc.a
LOAD /usr/lib/gcc/arm-none-eabi/14.2.0/../../../../arm-none-eabi/lib/thumb/v6-m/nofp/libc_nano.a
LOAD /usr/lib/gcc/arm-none-eabi/14.2.0/../../../../arm-none-eabi/lib/thumb/v6-m/nofp/libnosys.a
END GROUP
START GROUP
LOAD /usr/lib/gcc/arm-none-eabi/14.2.0/thumb/v6-m/nofp/libgcc.a
LOAD /usr/lib/gcc/arm-none-eabi/14.2.0/../../../../arm-none-eabi/lib/thumb/v6-m/nofp/libc_nano.a
LOAD /usr/lib/gcc/arm-none-eabi/14.2.0/../../../../arm-none-eabi/lib/thumb/v6-m/nofp/libnosys.a
END GROUP
LOAD /usr/lib/gcc/arm-none-eabi/14.2.0/thumb/v6-m/nofp/crtend.o
LOAD /usr/lib/gcc/arm-none-eabi/14.2.0/thumb/v6-m/nofp/crtn.o
                0x20005000                        _estack = 0x20005000

.isr_vector     0x08000000       0xc0
                0x08000000                        . = ALIGN (0x4)
 *(.isr_vector)
 .isr_vector    0x08000000       0xc0 /home/phil/Repos/LoRa_STM32-claude/build/obj/startup_stm32l072xx_e5a63952.o
                0x08000000                g_pfnVectors
                0x080000c0                        . = ALIGN (0x4)

.text           0x080000c0    0x158f0
                0x080000c0                        . = ALIGN (0x4)
 *(.text)
 .text          0x080000c0       0x14 /usr/lib/gcc/arm-none-eabi/14.2.0/thumb/v6-m/nofp/libgcc.a(_thumb1_case_uqi.o)
                0x080000c0                __gnu_thumb1_case_uqi
 .text          0x080000d4       0x14 /usr/lib/gcc/arm-none-eabi/14.2.0/thumb/v6-m/nofp/libgcc.a(_thumb1_case_shi.o)
                0x080000d4                __gnu_thumb1_case_shi
 .text          0x080000e8       0x14 /usr/lib/gcc/arm-none-eabi/14.2.0/thumb/v6-m/nofp/libgcc.a(_thumb1_case_uhi.o)
                0x080000e8                __gnu_thumb1_case_uhi
 .text          0x080000fc       0x8c /usr/lib/gcc/arm-none-eabi/14.2.0/thumb/v6-m/nofp/libgcc.a(_udivsi3.o)
                0x080000fc                __udivsi3
                0x080000fc                __aeabi_uidiv
                0x08000174                __aeabi_uidivmod
 .text          0x08000188       0xa8 /usr/lib/gcc/arm-none-eabi/14.2.0/thumb/v6-m/nofp/libgcc.a(_divsi3.o)
                0x08000188                __aeabi_idiv
                0x08000188                __divsi3
                0x0800021c                __aeabi_idivmod
 .text          0x08000230        0x4 /usr/lib/gcc/arm-none-eabi/14.2.0/thumb/v6-m/nofp/libgcc.a(_dvmd_tls.o)
                0x08000230                __aeabi_ldiv0
                0x08000230                __aeabi_idiv0
 .text          0x08000234       0x7c /usr/lib/gcc/arm-none-eabi/14.2.0/thumb/v6-m/nofp/libgcc.a(_arm_cmpdf2.o)
                0x08000234                __aeabi_cdrcmple
                0x08000244                __aeabi_cdcmple
                0x08000244                __aeabi_cdcmpeq
                0x08000254                __aeabi_dcmpeq
                0x08000260                __aeabi_dcmplt
                0x08000274                __aeabi_dcmple
                0x08000288                __aeabi_dcmpgt
                0x0800029c                __aeabi_dcmpge
 .text          0x080002b0       0x74 /usr/lib/gcc/arm-none-eabi/14.2.0/thumb/v6-m/nofp/libgcc.a(_arm_cmpsf2.o)
                0x080002b0                __aeabi_cfrcmple
                0x080002b8                __aeabi_cfcmple
                0x080002b8                __aeabi_cfcmpeq
                0x080002c8                __aeabi_fcmpeq
                0x080002d4                __aeabi_fcmplt
                0x080002e8                __aeabi_fcmple
                0x080002fc                __aeabi_fcmpgt
                0x08000310                __aeabi_fcmpge
 .text          0x08000324       0x40 /usr/lib/gcc/arm-none-eabi/14.2.0/thumb/v6-m/nofp/libgcc.a(_aeabi_uldivmod.o)
                0x08000324                __aeabi_uldivmod
 .text          0x08000364       0x18 /usr/lib/gcc/arm-none-eabi/14.2.0/thumb/v6-m/nofp/libgcc.a(_lshrdi3.o)
                0x08000364                __aeabi_llsr
                0x08000364                __lshrdi3
 .text          0x0800037c       0x18 /usr/lib/gcc/arm-none-eabi/14.2.0/thumb/v6-m/nofp/libgcc.a(_ashldi3.o)
                0x0800037c                __ashldi3
                0x0800037c                __aeabi_llsl
 .text          0x08000394       0x3c /usr/lib/gcc/arm-none-eabi/14.2.0/thumb/v6-m/nofp/libgcc.a(_clzsi2.o)
                0x08000394                __clzsi2
 .text          0x080003d0       0x18 /usr/lib/gcc/arm-none-eabi/14.2.0/thumb/v6-m/nofp/libgcc.a(_clzdi2.o)
                0x080003d0                __clzdi2
 .text          0x080003e8       0x14 /usr/lib/gcc/arm-none-eabi/14.2.0/../../../../arm-none-eabi/lib/thumb/v6-m/nofp/libc_nano.a(libc_a-strcmp.o)
                0x080003e8                strcmp
 .text          0x080003fc        0xe /usr/lib/gcc/arm-none-eabi/14.2.0/../../../../arm-none-eabi/lib/thumb/v6-m/nofp/libc_nano.a(libc_a-strlen.o)
                0x080003fc                strlen
 *(.text*)
 *fill*         0x0800040a        0x2 
 .text.__do_global_dtors_aux
                0x0800040c       0x28 /usr/lib/gcc/arm-none-eabi/14.2.0/thumb/v6-m/nofp/crtbegin.o
 .text.frame_dummy
                0x08000434       0x20 /usr/lib/gcc/arm-none-eabi/14.2.0/thumb/v6-m/nofp/crtbegin.o
 .text.Reset_Handler
                0x08000454       0x50 /home/phil/Repos/LoRa_STM32-claude/build/obj/startup_stm32l072xx_e5a63952.o
                0x08000454                Reset_Handler
 .text.Default_Handler
                0x080004a4        0x2 /home/phil/Repos/LoRa_STM32-claude/build/obj/startup_stm32l072xx_e5a63952.o
                0x080004a4                TSC_IRQHandler
                0x080004a4                ADC1_COMP_IRQHandler
                0x080004a4                PVD_IRQHandler
                0x080004a4                I2C1_IRQHandler
                0x080004a4                RCC_CRS_IRQHandler
                0x080004a4                SPI1_IRQHandler
                0x080004a4                TIM6_DAC_IRQHandler
                0x080004a4                I2C2_IRQHandler
                0x080004a4                DMA1_Channel1_IRQHandler
                0x080004a4                USART4_5_IRQHandler
                0x080004a4                Default_Handler
                0x080004a4                TIM22_IRQHandler
                0x080004a4                TIM7_IRQHandler
                0x080004a4                USB_IRQHandler
                0x080004a4                I2C3_IRQHandler
                0x080004a4                SPI2_IRQHandler
                0x080004a4                WWDG_IRQHandler
                0x080004a4                TIM2_IRQHandler
                0x080004a4                DMA1_Channel2_3_IRQHandler
                0x080004a4                USART2_IRQHandler
                0x080004a4                FLASH_IRQHandler
                0x080004a4                LPTIM1_IRQHandler
 *fill*         0x080004a6        0x2 
 .text.EEPROM_program
                0x080004a8       0x48 /home/phil/Repos/LoRa_STM32-claude/build/obj/flash_eraseprogram_078ea408.o
                0x080004a8                EEPROM_program
 .text.FLASH_read
                0x080004f0       0x10 /home/phil/Repos/LoRa_STM32-claude/build/obj/flash_eraseprogram_078ea408.o
                0x080004f0                FLASH_read
 .text.EEPROM_erase_one_address
                0x08000500       0x30 /home/phil/Repos/LoRa_STM32-claude/build/obj/flash_eraseprogram_078ea408.o
                0x08000500                EEPROM_erase_one_address
 .text.EEPROM_erase_lora_config
                0x08000530       0x40 /home/phil/Repos/LoRa_STM32-claude/build/obj/flash_eraseprogram_078ea408.o
                0x08000530                EEPROM_erase_lora_config
 .text.iwdg_init
                0x08000570       0xe8 /home/phil/Repos/LoRa_STM32-claude/build/obj/iwdg_f9b75010.o
                0x08000570                iwdg_init
 .text.HAL_TIM_IC_CaptureCallback
                0x08000658       0x50 /home/phil/Repos/LoRa_STM32-claude/build/obj/iwdg_f9b75010.o
                0x08000658                HAL_TIM_IC_CaptureCallback
 .text.TIMER_IRQHandler
                0x080006a8       0x10 /home/phil/Repos/LoRa_STM32-claude/build/obj/iwdg_f9b75010.o
                0x080006a8                TIMER_IRQHandler
 .text.IWDG_Refresh
                0x080006b8       0x18 /home/phil/Repos/LoRa_STM32-claude/build/obj/iwdg_f9b75010.o
                0x080006b8                IWDG_Refresh
 .text.GetFskBandwidthRegValue
                0x080006d0       0x2c /home/phil/Repos/LoRa_STM32-claude/build/obj/sx1276_174cd5fd.o
 .text.SX1276OnDio4Irq
                0x080006fc       0x1c /home/phil/Repos/LoRa_STM32-claude/build/obj/sx1276_174cd5fd.o
                0x080006fc                SX1276OnDio4Irq
 .text.SX1276BoardInit
                0x08000718        0xc /home/phil/Repos/LoRa_STM32-claude/build/obj/sx1276_174cd5fd.o
                0x08000718                SX1276BoardInit
 .text.SX1276GetStatus
                0x08000724        0xc /home/phil/Repos/LoRa_STM32-claude/build/obj/sx1276_174cd5fd.o
                0x08000724                SX1276GetStatus
 .text.SX1276Reset
                0x08000730       0x4c /home/phil/Repos/LoRa_STM32-claude/build/obj/sx1276_174cd5fd.o
                0x08000730                SX1276Reset
 .text.SX1276WriteBuffer
                0x0800077c       0x3e /home/phil/Repos/LoRa_STM32-claude/build/obj/sx1276_174cd5fd.o
                0x0800077c                SX1276WriteBuffer
 .text.SX1276Write
                0x080007ba       0x12 /home/phil/Repos/LoRa_STM32-claude/build/obj/sx1276_174cd5fd.o
                0x080007ba                SX1276Write
 .text.SX1276SetChannel
                0x080007cc       0x54 /home/phil/Repos/LoRa_STM32-claude/build/obj/sx1276_174cd5fd.o
                0x080007cc                SX1276SetChannel
 .text.SX1276ReadBuffer
                0x08000820       0x40 /home/phil/Repos/LoRa_STM32-claude/build/obj/sx1276_174cd5fd.o
                0x08000820                SX1276ReadBuffer
 .text.SX1276Read
                0x08000860       0x12 /home/phil/Repos/LoRa_STM32-claude/build/obj/sx1276_174cd5fd.o
                0x08000860                SX1276Read
 *fill*         0x08000872        0x2 
 .text.RxChainCalibration
                0x08000874       0x98 /home/phil/Repos/LoRa_STM32-claude/build/obj/sx1276_174cd5fd.o
                0x08000874                RxChainCalibration
 .text.SX1276GetTimeOnAir
                0x0800090c      0x1e4 /home/phil/Repos/LoRa_STM32-claude/build/obj/sx1276_174cd5fd.o
                0x0800090c                SX1276GetTimeOnAir
 .text.SX1276ReadRssi
                0x08000af0       0x44 /home/phil/Repos/LoRa_STM32-claude/build/obj/sx1276_174cd5fd.o
                0x08000af0                SX1276ReadRssi
 .text.SX1276SetOpMode.part.0
                0x08000b34       0x38 /home/phil/Repos/LoRa_STM32-claude/build/obj/sx1276_174cd5fd.o
 .text.SX1276SetStby
                0x08000b6c       0x28 /home/phil/Repos/LoRa_STM32-claude/build/obj/sx1276_174cd5fd.o
                0x08000b6c                SX1276SetStby
 .text.SX1276SetOpMode
                0x08000b94       0x34 /home/phil/Repos/LoRa_STM32-claude/build/obj/sx1276_174cd5fd.o
                0x08000b94                SX1276SetOpMode
 .text.SX1276SetSleep
                0x08000bc8       0x38 /home/phil/Repos/LoRa_STM32-claude/build/obj/sx1276_174cd5fd.o
                0x08000bc8                SX1276SetSleep
 .text.SX1276SetRx
                0x08000c00      0x210 /home/phil/Repos/LoRa_STM32-claude/build/obj/sx1276_174cd5fd.o
                0x08000c00                SX1276SetRx
 .text.SX1276SetTx
                0x08000e10       0xb0 /home/phil/Repos/LoRa_STM32-claude/build/obj/sx1276_174cd5fd.o
                0x08000e10                SX1276SetTx
 .text.SX1276StartCad
                0x08000ec0       0x34 /home/phil/Repos/LoRa_STM32-claude/build/obj/sx1276_174cd5fd.o
                0x08000ec0                SX1276StartCad
 .text.SX1276SetModem
                0x08000ef4       0x6c /home/phil/Repos/LoRa_STM32-claude/build/obj/sx1276_174cd5fd.o
                0x08000ef4                SX1276SetModem
 .text.SX1276Init
                0x08000f60       0x98 /home/phil/Repos/LoRa_STM32-claude/build/obj/sx1276_174cd5fd.o
                0x08000f60                SX1276Init
 .text.SX1276IsChannelFree
                0x08000ff8       0x48 /home/phil/Repos/LoRa_STM32-claude/build/obj/sx1276_174cd5fd.o
                0x08000ff8                SX1276IsChannelFree
 .text.SX1276Random
                0x08001040       0x3c /home/phil/Repos/LoRa_STM32-claude/build/obj/sx1276_174cd5fd.o
                0x08001040                SX1276Random
 .text.SX1276SetRxConfig
                0x0800107c      0x320 /home/phil/Repos/LoRa_STM32-claude/build/obj/sx1276_174cd5fd.o
                0x0800107c                SX1276SetRxConfig
 .text.SX1276SetTxConfig
                0x0800139c      0x274 /home/phil/Repos/LoRa_STM32-claude/build/obj/sx1276_174cd5fd.o
                0x0800139c                SX1276SetTxConfig
 .text.SX1276SetTxContinuousWave
                0x08001610       0x80 /home/phil/Repos/LoRa_STM32-claude/build/obj/sx1276_174cd5fd.o
                0x08001610                SX1276SetTxContinuousWave
 .text.SX1276OnDio2Irq
                0x08001690       0xc0 /home/phil/Repos/LoRa_STM32-claude/build/obj/sx1276_174cd5fd.o
                0x08001690                SX1276OnDio2Irq
 .text.SX1276OnDio3Irq
                0x08001750       0x54 /home/phil/Repos/LoRa_STM32-claude/build/obj/sx1276_174cd5fd.o
                0x08001750                SX1276OnDio3Irq
 .text.SX1276WriteFifo
                0x080017a4        0xe /home/phil/Repos/LoRa_STM32-claude/build/obj/sx1276_174cd5fd.o
                0x080017a4                SX1276WriteFifo
 *fill*         0x080017b2        0x2 
 .text.SX1276Send
                0x080017b4       0xec /home/phil/Repos/LoRa_STM32-claude/build/obj/sx1276_174cd5fd.o
                0x080017b4                SX1276Send
 .text.SX1276ReadFifo
                0x080018a0        0xe /home/phil/Repos/LoRa_STM32-claude/build/obj/sx1276_174cd5fd.o
                0x080018a0                SX1276ReadFifo
 *fill*         0x080018ae        0x2 
 .text.SX1276OnDio0Irq
                0x080018b0      0x310 /home/phil/Repos/LoRa_STM32-claude/build/obj/sx1276_174cd5fd.o
                0x080018b0                SX1276OnDio0Irq
 .text.SX1276OnDio1Irq
                0x08001bc0      0x10c /home/phil/Repos/LoRa_STM32-claude/build/obj/sx1276_174cd5fd.o
                0x08001bc0                SX1276OnDio1Irq
 .text.SX1276SetMaxPayloadLength
                0x08001ccc       0x30 /home/phil/Repos/LoRa_STM32-claude/build/obj/sx1276_174cd5fd.o
                0x08001ccc                SX1276SetMaxPayloadLength
 .text.SX1276SetPublicNetwork
                0x08001cfc       0x24 /home/phil/Repos/LoRa_STM32-claude/build/obj/sx1276_174cd5fd.o
                0x08001cfc                SX1276SetPublicNetwork
 .text.SX1276OnTimeoutIrq
                0x08001d20       0xc4 /home/phil/Repos/LoRa_STM32-claude/build/obj/sx1276_174cd5fd.o
                0x08001d20                SX1276OnTimeoutIrq
 .text.SX1276GetRadioWakeUpTime
                0x08001de4       0x14 /home/phil/Repos/LoRa_STM32-claude/build/obj/sx1276_174cd5fd.o
                0x08001de4                SX1276GetRadioWakeUpTime
 .text.pwr_control_IoInit
                0x08001df8       0x48 /home/phil/Repos/LoRa_STM32-claude/build/obj/pwr_out_09116cf3.o
                0x08001df8                pwr_control_IoInit
 .text.pwr_control_IoDeInit
                0x08001e40       0x3c /home/phil/Repos/LoRa_STM32-claude/build/obj/pwr_out_09116cf3.o
                0x08001e40                pwr_control_IoDeInit
 .text.GPIO_EXTI4_IoInit
                0x08001e7c       0x70 /home/phil/Repos/LoRa_STM32-claude/build/obj/gpio_exti_f80a3f3b.o
                0x08001e7c                GPIO_EXTI4_IoInit
 .text.GPIO_EXTI14_IoInit
                0x08001eec       0x74 /home/phil/Repos/LoRa_STM32-claude/build/obj/gpio_exti_f80a3f3b.o
                0x08001eec                GPIO_EXTI14_IoInit
 .text.GPIO_EXTI15_IoInit
                0x08001f60       0x74 /home/phil/Repos/LoRa_STM32-claude/build/obj/gpio_exti_f80a3f3b.o
                0x08001f60                GPIO_EXTI15_IoInit
 .text.GPIO_INPUT_IoInit
                0x08001fd4       0x3c /home/phil/Repos/LoRa_STM32-claude/build/obj/gpio_exti_f80a3f3b.o
                0x08001fd4                GPIO_INPUT_IoInit
 .text.GPIO_INPUT_DeIoInit
                0x08002010       0x3c /home/phil/Repos/LoRa_STM32-claude/build/obj/gpio_exti_f80a3f3b.o
                0x08002010                GPIO_INPUT_DeIoInit
 .text.BSP_oil_float_Init
                0x0800204c       0x4c /home/phil/Repos/LoRa_STM32-claude/build/obj/oil_float_a0c282d6.o
                0x0800204c                BSP_oil_float_Init
 .text.BSP_oil_float_DeInit
                0x08002098       0x3c /home/phil/Repos/LoRa_STM32-claude/build/obj/oil_float_a0c282d6.o
                0x08002098                BSP_oil_float_DeInit
 .text.DS18B20_Mode_IPU
                0x080020d4       0x80 /home/phil/Repos/LoRa_STM32-claude/build/obj/ds18b20_8a272139.o
                0x080020d4                DS18B20_Mode_IPU
 .text.DS18B20_Mode_Out_PP
                0x08002154       0x84 /home/phil/Repos/LoRa_STM32-claude/build/obj/ds18b20_8a272139.o
                0x08002154                DS18B20_Mode_Out_PP
 .text.DS18B20_Rst
                0x080021d8       0x68 /home/phil/Repos/LoRa_STM32-claude/build/obj/ds18b20_8a272139.o
                0x080021d8                DS18B20_Rst
 .text.DS18B20_Presence
                0x08002240       0xe0 /home/phil/Repos/LoRa_STM32-claude/build/obj/ds18b20_8a272139.o
                0x08002240                DS18B20_Presence
 .text.DS18B20_ReadBit
                0x08002320       0x7c /home/phil/Repos/LoRa_STM32-claude/build/obj/ds18b20_8a272139.o
                0x08002320                DS18B20_ReadBit
 .text.DS18B20_ReadByte
                0x0800239c       0x1e /home/phil/Repos/LoRa_STM32-claude/build/obj/ds18b20_8a272139.o
                0x0800239c                DS18B20_ReadByte
 *fill*         0x080023ba        0x2 
 .text.DS18B20_WriteByte
                0x080023bc       0x90 /home/phil/Repos/LoRa_STM32-claude/build/obj/ds18b20_8a272139.o
                0x080023bc                DS18B20_WriteByte
 .text.DS18B20_SkipRom
                0x0800244c       0x18 /home/phil/Repos/LoRa_STM32-claude/build/obj/ds18b20_8a272139.o
                0x0800244c                DS18B20_SkipRom
 .text.DS18B20_Init
                0x08002464       0x20 /home/phil/Repos/LoRa_STM32-claude/build/obj/ds18b20_8a272139.o
                0x08002464                DS18B20_Init
 .text.DS18B20_IoDeInit
                0x08002484       0x90 /home/phil/Repos/LoRa_STM32-claude/build/obj/ds18b20_8a272139.o
                0x08002484                DS18B20_IoDeInit
 .text.crcCalc  0x08002514       0x32 /home/phil/Repos/LoRa_STM32-claude/build/obj/ds18b20_8a272139.o
                0x08002514                crcCalc
 *fill*         0x08002546        0x2 
 .text.DS18B20_GetTemp_SkipRom
                0x08002548       0xfc /home/phil/Repos/LoRa_STM32-claude/build/obj/ds18b20_8a272139.o
                0x08002548                DS18B20_GetTemp_SkipRom
 .text.BSP_sht20_Init
                0x08002644       0x48 /home/phil/Repos/LoRa_STM32-claude/build/obj/sht20_78cb122d.o
                0x08002644                BSP_sht20_Init
 .text.SHT20_RH
                0x0800268c       0xec /home/phil/Repos/LoRa_STM32-claude/build/obj/sht20_78cb122d.o
                0x0800268c                SHT20_RH
 .text.SHT20_RT
                0x08002778       0xf8 /home/phil/Repos/LoRa_STM32-claude/build/obj/sht20_78cb122d.o
                0x08002778                SHT20_RT
 .text.BSP_sht31_Init
                0x08002870       0x48 /home/phil/Repos/LoRa_STM32-claude/build/obj/sht31_e71d2731.o
                0x08002870                BSP_sht31_Init
 .text.SHT31_Read
                0x080028b8       0x90 /home/phil/Repos/LoRa_STM32-claude/build/obj/sht31_e71d2731.o
                0x080028b8                SHT31_Read
 .text.tran_SHT31data
                0x08002948       0xfc /home/phil/Repos/LoRa_STM32-claude/build/obj/sht31_e71d2731.o
                0x08002948                tran_SHT31data
 .text.I2C_IoInit
                0x08002a44       0x3c /home/phil/Repos/LoRa_STM32-claude/build/obj/bh1750_d36a6ef9.o
                0x08002a44                I2C_IoInit
 .text.I2C_DoInit
                0x08002a80       0x34 /home/phil/Repos/LoRa_STM32-claude/build/obj/bh1750_d36a6ef9.o
                0x08002a80                I2C_DoInit
 .text.SDA_IN   0x08002ab4       0x34 /home/phil/Repos/LoRa_STM32-claude/build/obj/bh1750_d36a6ef9.o
                0x08002ab4                SDA_IN
 .text.SDA_OUT  0x08002ae8       0x38 /home/phil/Repos/LoRa_STM32-claude/build/obj/bh1750_d36a6ef9.o
                0x08002ae8                SDA_OUT
 .text.IIC_Delay
                0x08002b20       0x16 /home/phil/Repos/LoRa_STM32-claude/build/obj/bh1750_d36a6ef9.o
                0x08002b20                IIC_Delay
 .text.IIC_Start
                0x08002b36       0x4c /home/phil/Repos/LoRa_STM32-claude/build/obj/bh1750_d36a6ef9.o
                0x08002b36                IIC_Start
 .text.IIC_Stop
                0x08002b82       0x48 /home/phil/Repos/LoRa_STM32-claude/build/obj/bh1750_d36a6ef9.o
                0x08002b82                IIC_Stop
 .text.IIC_WaitAck
                0x08002bca       0x62 /home/phil/Repos/LoRa_STM32-claude/build/obj/bh1750_d36a6ef9.o
                0x08002bca                IIC_WaitAck
 .text.IIC_SendByte
                0x08002c2c       0x72 /home/phil/Repos/LoRa_STM32-claude/build/obj/bh1750_d36a6ef9.o
                0x08002c2c                IIC_SendByte
 .text.IIC_Ack  0x08002c9e       0x48 /home/phil/Repos/LoRa_STM32-claude/build/obj/bh1750_d36a6ef9.o
                0x08002c9e                IIC_Ack
 .text.IIC_NAck
                0x08002ce6       0x48 /home/phil/Repos/LoRa_STM32-claude/build/obj/bh1750_d36a6ef9.o
                0x08002ce6                IIC_NAck
 .text.IIC_ReadByte
                0x08002d2e       0x62 /home/phil/Repos/LoRa_STM32-claude/build/obj/bh1750_d36a6ef9.o
                0x08002d2e                IIC_ReadByte
 .text.IIC_Read_Len
                0x08002d90       0x52 /home/phil/Repos/LoRa_STM32-claude/build/obj/bh1750_d36a6ef9.o
                0x08002d90                IIC_Read_Len
 *fill*         0x08002de2        0x2 
 .text.IIC_Write_Byte
                0x08002de4       0x40 /home/phil/Repos/LoRa_STM32-claude/build/obj/bh1750_d36a6ef9.o
                0x08002de4                IIC_Write_Byte
 .text.bh1750_read
                0x08002e24       0x6c /home/phil/Repos/LoRa_STM32-claude/build/obj/bh1750_d36a6ef9.o
                0x08002e24                bh1750_read
 .text.BSP_lidar_Init
                0x08002e90       0x48 /home/phil/Repos/LoRa_STM32-claude/build/obj/lidar_lite_v3hp_29c3a030.o
                0x08002e90                BSP_lidar_Init
 .text.waitbusy
                0x08002ed8       0x4c /home/phil/Repos/LoRa_STM32-claude/build/obj/lidar_lite_v3hp_29c3a030.o
                0x08002ed8                waitbusy
 .text.LidarLite_init
                0x08002f24       0xa4 /home/phil/Repos/LoRa_STM32-claude/build/obj/lidar_lite_v3hp_29c3a030.o
                0x08002f24                LidarLite_init
 .text.LidarLite
                0x08002fc8       0x90 /home/phil/Repos/LoRa_STM32-claude/build/obj/lidar_lite_v3hp_29c3a030.o
                0x08002fc8                LidarLite
 .text.BSP_tfsensor_Init
                0x08003058       0x6c /home/phil/Repos/LoRa_STM32-claude/build/obj/tfsensor_f8521127.o
                0x08003058                BSP_tfsensor_Init
 .text.check_deceive
                0x080030c4       0x78 /home/phil/Repos/LoRa_STM32-claude/build/obj/tfsensor_f8521127.o
                0x080030c4                check_deceive
 .text.tfsensor_read_distance
                0x0800313c       0x6c /home/phil/Repos/LoRa_STM32-claude/build/obj/tfsensor_f8521127.o
                0x0800313c                tfsensor_read_distance
 .text.GPIO_ULT_INPUT_Init
                0x080031a8       0x40 /home/phil/Repos/LoRa_STM32-claude/build/obj/ult_3f609183.o
                0x080031a8                GPIO_ULT_INPUT_Init
 .text.GPIO_ULT_OUTPUT_Init
                0x080031e8       0x40 /home/phil/Repos/LoRa_STM32-claude/build/obj/ult_3f609183.o
                0x080031e8                GPIO_ULT_OUTPUT_Init
 .text.GPIO_ULT_INPUT_DeInit
                0x08003228       0x3c /home/phil/Repos/LoRa_STM32-claude/build/obj/ult_3f609183.o
                0x08003228                GPIO_ULT_INPUT_DeInit
 .text.GPIO_ULT_OUTPUT_DeInit
                0x08003264       0x3c /home/phil/Repos/LoRa_STM32-claude/build/obj/ult_3f609183.o
                0x08003264                GPIO_ULT_OUTPUT_DeInit
 .text.TIM3_Init
                0x080032a0       0x48 /home/phil/Repos/LoRa_STM32-claude/build/obj/ult_3f609183.o
                0x080032a0                TIM3_Init
 .text.HAL_TIM_PeriodElapsedCallback
                0x080032e8       0x18 /home/phil/Repos/LoRa_STM32-claude/build/obj/ult_3f609183.o
                0x080032e8                HAL_TIM_PeriodElapsedCallback
 .text.ult_test_temp
                0x08003300       0xf4 /home/phil/Repos/LoRa_STM32-claude/build/obj/ult_3f609183.o
                0x08003300                ult_test_temp
 .text.ADC_Dxpd
                0x080033f4       0x2c /home/phil/Repos/LoRa_STM32-claude/build/obj/ult_3f609183.o
                0x080033f4                ADC_Dxpd
 .text.ADC_Average
                0x08003420       0x1c /home/phil/Repos/LoRa_STM32-claude/build/obj/ult_3f609183.o
                0x08003420                ADC_Average
 .text.ULT_test
                0x0800343c       0x48 /home/phil/Repos/LoRa_STM32-claude/build/obj/ult_3f609183.o
                0x0800343c                ULT_test
 .text.WEIGHT_SCK_Init
                0x08003484       0x4c /home/phil/Repos/LoRa_STM32-claude/build/obj/weight_b45b8a79.o
                0x08003484                WEIGHT_SCK_Init
 .text.WEIGHT_DOUT_Init
                0x080034d0       0x38 /home/phil/Repos/LoRa_STM32-claude/build/obj/weight_b45b8a79.o
                0x080034d0                WEIGHT_DOUT_Init
 .text.WEIGHT_SCK_DeInit
                0x08003508       0x3c /home/phil/Repos/LoRa_STM32-claude/build/obj/weight_b45b8a79.o
                0x08003508                WEIGHT_SCK_DeInit
 .text.WEIGHT_DOUT_DeInit
                0x08003544       0x3c /home/phil/Repos/LoRa_STM32-claude/build/obj/weight_b45b8a79.o
                0x08003544                WEIGHT_DOUT_DeInit
 .text.HX711_Read
                0x08003580       0x80 /home/phil/Repos/LoRa_STM32-claude/build/obj/weight_b45b8a79.o
                0x08003580                HX711_Read
 .text.Get_Maopi
                0x08003600       0x10 /home/phil/Repos/LoRa_STM32-claude/build/obj/weight_b45b8a79.o
                0x08003600                Get_Maopi
 .text.Get_Weight
                0x08003610       0x38 /home/phil/Repos/LoRa_STM32-claude/build/obj/weight_b45b8a79.o
                0x08003610                Get_Weight
 .text.SX1276GetWakeTime
                0x08003648        0x4 /home/phil/Repos/LoRa_STM32-claude/build/obj/sx1276mb1las_a2dfe320.o
                0x08003648                SX1276GetWakeTime
 .text.SX1276SetXO
                0x0800364c        0x2 /home/phil/Repos/LoRa_STM32-claude/build/obj/sx1276mb1las_a2dfe320.o
                0x0800364c                SX1276SetXO
 .text.SX1276CheckRfFrequency
                0x0800364e        0x4 /home/phil/Repos/LoRa_STM32-claude/build/obj/sx1276mb1las_a2dfe320.o
                0x0800364e                SX1276CheckRfFrequency
 .text.SX1276SetRfTxPower
                0x08003652       0x50 /home/phil/Repos/LoRa_STM32-claude/build/obj/sx1276mb1las_a2dfe320.o
                0x08003652                SX1276SetRfTxPower
 *fill*         0x080036a2        0x2 
 .text.SX1276IoInit
                0x080036a4       0x64 /home/phil/Repos/LoRa_STM32-claude/build/obj/sx1276mb1las_a2dfe320.o
                0x080036a4                SX1276IoInit
 .text.SX1276IoDeInit
                0x08003708       0x54 /home/phil/Repos/LoRa_STM32-claude/build/obj/sx1276mb1las_a2dfe320.o
                0x08003708                SX1276IoDeInit
 .text.SX1276IoIrqInit
                0x0800375c       0x48 /home/phil/Repos/LoRa_STM32-claude/build/obj/sx1276mb1las_a2dfe320.o
                0x0800375c                SX1276IoIrqInit
 .text.SX1276AntSwInit
                0x080037a4       0x34 /home/phil/Repos/LoRa_STM32-claude/build/obj/sx1276mb1las_a2dfe320.o
 .text.SX1276SetAntSwLowPower
                0x080037d8       0x40 /home/phil/Repos/LoRa_STM32-claude/build/obj/sx1276mb1las_a2dfe320.o
                0x080037d8                SX1276SetAntSwLowPower
 .text.SX1276SetAntSw
                0x08003818       0x18 /home/phil/Repos/LoRa_STM32-claude/build/obj/sx1276mb1las_a2dfe320.o
                0x08003818                SX1276SetAntSw
 .text.SystemInit
                0x08003830       0x5c /home/phil/Repos/LoRa_STM32-claude/build/obj/system_stm32l0xx_d1d9d34c.o
                0x08003830                SystemInit
 .text.SPI_WaitOnFlagUntilTimeout
                0x0800388c       0x94 /home/phil/Repos/LoRa_STM32-claude/build/obj/stm32l0xx_hal_spi_0d710a1d.o
 .text.HAL_SPI_MspInit
                0x08003920        0x2 /home/phil/Repos/LoRa_STM32-claude/build/obj/stm32l0xx_hal_spi_0d710a1d.o
                0x08003920                HAL_SPI_MspInit
 *fill*         0x08003922        0x2 
 .text.HAL_SPI_Init
                0x08003924       0x80 /home/phil/Repos/LoRa_STM32-claude/build/obj/stm32l0xx_hal_spi_0d710a1d.o
                0x08003924                HAL_SPI_Init
 .text.HAL_SPI_TransmitReceive
                0x080039a4      0x2ec /home/phil/Repos/LoRa_STM32-claude/build/obj/stm32l0xx_hal_spi_0d710a1d.o
                0x080039a4                HAL_SPI_TransmitReceive
 .text.UART_EndRxTransfer
                0x08003c90       0x20 /home/phil/Repos/LoRa_STM32-claude/build/obj/stm32l0xx_hal_uart_151166ad.o
 .text.HAL_UART_Transmit_IT
                0x08003cb0       0x5e /home/phil/Repos/LoRa_STM32-claude/build/obj/stm32l0xx_hal_uart_151166ad.o
                0x08003cb0                HAL_UART_Transmit_IT
 *fill*         0x08003d0e        0x2 
 .text.HAL_UART_Receive_IT
                0x08003d10       0xa8 /home/phil/Repos/LoRa_STM32-claude/build/obj/stm32l0xx_hal_uart_151166ad.o
                0x08003d10                HAL_UART_Receive_IT
 .text.HAL_UART_Transmit_DMA
                0x08003db8       0x90 /home/phil/Repos/LoRa_STM32-claude/build/obj/stm32l0xx_hal_uart_151166ad.o
                0x08003db8                HAL_UART_Transmit_DMA
 .text.UART_DMATransmitCplt
                0x08003e48       0x34 /home/phil/Repos/LoRa_STM32-claude/build/obj/stm32l0xx_hal_uart_151166ad.o
 .text.HAL_UART_TxHalfCpltCallback
                0x08003e7c        0x2 /home/phil/Repos/LoRa_STM32-claude/build/obj/stm32l0xx_hal_uart_151166ad.o
                0x08003e7c                HAL_UART_TxHalfCpltCallback
 .text.UART_DMATxHalfCplt
                0x08003e7e        0xa /home/phil/Repos/LoRa_STM32-claude/build/obj/stm32l0xx_hal_uart_151166ad.o
 .text.UART_Receive_IT.isra.0
                0x08003e88       0x74 /home/phil/Repos/LoRa_STM32-claude/build/obj/stm32l0xx_hal_uart_151166ad.o
 .text.HAL_UART_ErrorCallback
                0x08003efc        0x2 /home/phil/Repos/LoRa_STM32-claude/build/obj/stm32l0xx_hal_uart_151166ad.o
                0x08003efc                HAL_UART_ErrorCallback
 .text.UART_DMAError
                0x08003efe       0x5a /home/phil/Repos/LoRa_STM32-claude/build/obj/stm32l0xx_hal_uart_151166ad.o
 .text.HAL_UART_IRQHandler
                0x08003f58      0x198 /home/phil/Repos/LoRa_STM32-claude/build/obj/stm32l0xx_hal_uart_151166ad.o
                0x08003f58                HAL_UART_IRQHandler
 .text.UART_DMAAbortOnError
                0x080040f0       0x16 /home/phil/Repos/LoRa_STM32-claude/build/obj/stm32l0xx_hal_uart_151166ad.o
 *fill*         0x08004106        0x2 
 .text.UART_SetConfig
                0x08004108      0x270 /home/phil/Repos/LoRa_STM32-claude/build/obj/stm32l0xx_hal_uart_151166ad.o
                0x08004108                UART_SetConfig
 .text.UART_AdvFeatureConfig
                0x08004378       0xd0 /home/phil/Repos/LoRa_STM32-claude/build/obj/stm32l0xx_hal_uart_151166ad.o
                0x08004378                UART_AdvFeatureConfig
 .text.UART_WaitOnFlagUntilTimeout
                0x08004448       0x64 /home/phil/Repos/LoRa_STM32-claude/build/obj/stm32l0xx_hal_uart_151166ad.o
                0x08004448                UART_WaitOnFlagUntilTimeout
 .text.HAL_UART_Transmit
                0x080044ac       0xcc /home/phil/Repos/LoRa_STM32-claude/build/obj/stm32l0xx_hal_uart_151166ad.o
                0x080044ac                HAL_UART_Transmit
 .text.UART_CheckIdleState
                0x08004578       0x64 /home/phil/Repos/LoRa_STM32-claude/build/obj/stm32l0xx_hal_uart_151166ad.o
                0x08004578                UART_CheckIdleState
 .text.HAL_UART_Init
                0x080045dc       0x6c /home/phil/Repos/LoRa_STM32-claude/build/obj/stm32l0xx_hal_uart_151166ad.o
                0x080045dc                HAL_UART_Init
 .text.ADC_DelayMicroSecond
                0x08004648       0x2c /home/phil/Repos/LoRa_STM32-claude/build/obj/stm32l0xx_hal_adc_c7549bd9.o
 .text.ADC_Enable.constprop.0
                0x08004674       0x70 /home/phil/Repos/LoRa_STM32-claude/build/obj/stm32l0xx_hal_adc_c7549bd9.o
 .text.HAL_ADC_MspInit
                0x080046e4        0x2 /home/phil/Repos/LoRa_STM32-claude/build/obj/stm32l0xx_hal_adc_c7549bd9.o
                0x080046e4                HAL_ADC_MspInit
 *fill*         0x080046e6        0x2 
 .text.HAL_ADC_Init
                0x080046e8      0x1a4 /home/phil/Repos/LoRa_STM32-claude/build/obj/stm32l0xx_hal_adc_c7549bd9.o
                0x080046e8                HAL_ADC_Init
 .text.HAL_ADC_Start
                0x0800488c       0x58 /home/phil/Repos/LoRa_STM32-claude/build/obj/stm32l0xx_hal_adc_c7549bd9.o
                0x0800488c                HAL_ADC_Start
 .text.HAL_ADC_PollForConversion
                0x080048e4       0xc0 /home/phil/Repos/LoRa_STM32-claude/build/obj/stm32l0xx_hal_adc_c7549bd9.o
                0x080048e4                HAL_ADC_PollForConversion
 .text.HAL_ADC_GetValue
                0x080049a4        0x6 /home/phil/Repos/LoRa_STM32-claude/build/obj/stm32l0xx_hal_adc_c7549bd9.o
                0x080049a4                HAL_ADC_GetValue
 *fill*         0x080049aa        0x2 
 .text.HAL_ADC_ConfigChannel
                0x080049ac       0xa8 /home/phil/Repos/LoRa_STM32-claude/build/obj/stm32l0xx_hal_adc_c7549bd9.o
                0x080049ac                HAL_ADC_ConfigChannel
 .text.RCC_SetFlashLatencyFromMSIRange
                0x08004a54       0x74 /home/phil/Repos/LoRa_STM32-claude/build/obj/stm32l0xx_hal_rcc_5d6cbea2.o
 .text.HAL_RCC_OscConfig
                0x08004ac8      0x4e0 /home/phil/Repos/LoRa_STM32-claude/build/obj/stm32l0xx_hal_rcc_5d6cbea2.o
                0x08004ac8                HAL_RCC_OscConfig
 .text.HAL_RCC_GetSysClockFreq
                0x08004fa8       0x84 /home/phil/Repos/LoRa_STM32-claude/build/obj/stm32l0xx_hal_rcc_5d6cbea2.o
                0x08004fa8                HAL_RCC_GetSysClockFreq
 .text.HAL_RCC_ClockConfig
                0x0800502c      0x170 /home/phil/Repos/LoRa_STM32-claude/build/obj/stm32l0xx_hal_rcc_5d6cbea2.o
                0x0800502c                HAL_RCC_ClockConfig
 .text.HAL_RCC_GetPCLK1Freq
                0x0800519c       0x20 /home/phil/Repos/LoRa_STM32-claude/build/obj/stm32l0xx_hal_rcc_5d6cbea2.o
                0x0800519c                HAL_RCC_GetPCLK1Freq
 .text.HAL_RCC_GetPCLK2Freq
                0x080051bc       0x20 /home/phil/Repos/LoRa_STM32-claude/build/obj/stm32l0xx_hal_rcc_5d6cbea2.o
                0x080051bc                HAL_RCC_GetPCLK2Freq
 .text.HAL_RCCEx_PeriphCLKConfig
                0x080051dc      0x1b8 /home/phil/Repos/LoRa_STM32-claude/build/obj/stm32l0xx_hal_rcc_ex_717f907f.o
                0x080051dc                HAL_RCCEx_PeriphCLKConfig
 .text.HAL_RCCEx_GetPeriphCLKFreq
                0x08005394      0x200 /home/phil/Repos/LoRa_STM32-claude/build/obj/stm32l0xx_hal_rcc_ex_717f907f.o
                0x08005394                HAL_RCCEx_GetPeriphCLKFreq
 .text.HAL_Init
                0x08005594       0x20 /home/phil/Repos/LoRa_STM32-claude/build/obj/stm32l0xx_hal_48c60b3a.o
                0x08005594                HAL_Init
 .text.HAL_IncTick
                0x080055b4       0x10 /home/phil/Repos/LoRa_STM32-claude/build/obj/stm32l0xx_hal_48c60b3a.o
                0x080055b4                HAL_IncTick
 .text.HAL_GetTick
                0x080055c4        0xc /home/phil/Repos/LoRa_STM32-claude/build/obj/stm32l0xx_hal_48c60b3a.o
                0x080055c4                HAL_GetTick
 .text.HAL_DBGMCU_DisableDBGSleepMode
                0x080055d0       0x10 /home/phil/Repos/LoRa_STM32-claude/build/obj/stm32l0xx_hal_48c60b3a.o
                0x080055d0                HAL_DBGMCU_DisableDBGSleepMode
 .text.HAL_DBGMCU_DisableDBGStopMode
                0x080055e0       0x10 /home/phil/Repos/LoRa_STM32-claude/build/obj/stm32l0xx_hal_48c60b3a.o
                0x080055e0                HAL_DBGMCU_DisableDBGStopMode
 .text.HAL_DBGMCU_DisableDBGStandbyMode
                0x080055f0       0x10 /home/phil/Repos/LoRa_STM32-claude/build/obj/stm32l0xx_hal_48c60b3a.o
                0x080055f0                HAL_DBGMCU_DisableDBGStandbyMode
 .text.HAL_NVIC_SetPriority
                0x08005600       0x50 /home/phil/Repos/LoRa_STM32-claude/build/obj/stm32l0xx_hal_cortex_96b83243.o
                0x08005600                HAL_NVIC_SetPriority
 .text.HAL_NVIC_EnableIRQ
                0x08005650       0x14 /home/phil/Repos/LoRa_STM32-claude/build/obj/stm32l0xx_hal_cortex_96b83243.o
                0x08005650                HAL_NVIC_EnableIRQ
 .text.HAL_NVIC_DisableIRQ
                0x08005664       0x14 /home/phil/Repos/LoRa_STM32-claude/build/obj/stm32l0xx_hal_cortex_96b83243.o
                0x08005664                HAL_NVIC_DisableIRQ
 .text.HAL_GPIO_Init
                0x08005678      0x174 /home/phil/Repos/LoRa_STM32-claude/build/obj/stm32l0xx_hal_gpio_6314eb15.o
                0x08005678                HAL_GPIO_Init
 .text.HAL_GPIO_DeInit
                0x080057ec       0xf8 /home/phil/Repos/LoRa_STM32-claude/build/obj/stm32l0xx_hal_gpio_6314eb15.o
                0x080057ec                HAL_GPIO_DeInit
 .text.HAL_GPIO_ReadPin
                0x080058e4        0xc /home/phil/Repos/LoRa_STM32-claude/build/obj/stm32l0xx_hal_gpio_6314eb15.o
                0x080058e4                HAL_GPIO_ReadPin
 .text.HAL_GPIO_WritePin
                0x080058f0        0xc /home/phil/Repos/LoRa_STM32-claude/build/obj/stm32l0xx_hal_gpio_6314eb15.o
                0x080058f0                HAL_GPIO_WritePin
 .text.HAL_GPIO_EXTI_IRQHandler
                0x080058fc       0x18 /home/phil/Repos/LoRa_STM32-claude/build/obj/stm32l0xx_hal_gpio_6314eb15.o
                0x080058fc                HAL_GPIO_EXTI_IRQHandler
 .text.HAL_DMA_Init
                0x08005914      0x12c /home/phil/Repos/LoRa_STM32-claude/build/obj/stm32l0xx_hal_dma_059f8871.o
                0x08005914                HAL_DMA_Init
 .text.HAL_DMA_Start_IT
                0x08005a40       0x56 /home/phil/Repos/LoRa_STM32-claude/build/obj/stm32l0xx_hal_dma_059f8871.o
                0x08005a40                HAL_DMA_Start_IT
 *fill*         0x08005a96        0x2 
 .text.HAL_DMA_Abort_IT
                0x08005a98       0x9c /home/phil/Repos/LoRa_STM32-claude/build/obj/stm32l0xx_hal_dma_059f8871.o
                0x08005a98                HAL_DMA_Abort_IT
 .text.HAL_DMA_IRQHandler
                0x08005b34      0x190 /home/phil/Repos/LoRa_STM32-claude/build/obj/stm32l0xx_hal_dma_059f8871.o
                0x08005b34                HAL_DMA_IRQHandler
 .text.HAL_PWR_DisablePVD
                0x08005cc4       0x10 /home/phil/Repos/LoRa_STM32-claude/build/obj/stm32l0xx_hal_pwr_cd42b393.o
                0x08005cc4                HAL_PWR_DisablePVD
 .text.HAL_PWR_EnterSLEEPMode
                0x08005cd4       0x30 /home/phil/Repos/LoRa_STM32-claude/build/obj/stm32l0xx_hal_pwr_cd42b393.o
                0x08005cd4                HAL_PWR_EnterSLEEPMode
 .text.HAL_PWR_EnterSTOPMode
                0x08005d04       0x38 /home/phil/Repos/LoRa_STM32-claude/build/obj/stm32l0xx_hal_pwr_cd42b393.o
                0x08005d04                HAL_PWR_EnterSTOPMode
 .text.HAL_PWREx_EnableFastWakeUp
                0x08005d3c       0x14 /home/phil/Repos/LoRa_STM32-claude/build/obj/stm32l0xx_hal_pwr_ex_1298891d.o
                0x08005d3c                HAL_PWREx_EnableFastWakeUp
 .text.HAL_PWREx_EnableUltraLowPower
                0x08005d50       0x14 /home/phil/Repos/LoRa_STM32-claude/build/obj/stm32l0xx_hal_pwr_ex_1298891d.o
                0x08005d50                HAL_PWREx_EnableUltraLowPower
 .text.HAL_RTC_DeactivateAlarm
                0x08005d64       0xb8 /home/phil/Repos/LoRa_STM32-claude/build/obj/stm32l0xx_hal_rtc_760a24a3.o
                0x08005d64                HAL_RTC_DeactivateAlarm
 .text.HAL_RTC_WaitForSynchro
                0x08005e1c       0x34 /home/phil/Repos/LoRa_STM32-claude/build/obj/stm32l0xx_hal_rtc_760a24a3.o
                0x08005e1c                HAL_RTC_WaitForSynchro
 .text.RTC_EnterInitMode
                0x08005e50       0x38 /home/phil/Repos/LoRa_STM32-claude/build/obj/stm32l0xx_hal_rtc_760a24a3.o
                0x08005e50                RTC_EnterInitMode
 .text.HAL_RTC_Init
                0x08005e88       0x90 /home/phil/Repos/LoRa_STM32-claude/build/obj/stm32l0xx_hal_rtc_760a24a3.o
                0x08005e88                HAL_RTC_Init
 .text.RTC_ByteToBcd2
                0x08005f18       0x16 /home/phil/Repos/LoRa_STM32-claude/build/obj/stm32l0xx_hal_rtc_760a24a3.o
                0x08005f18                RTC_ByteToBcd2
 *fill*         0x08005f2e        0x2 
 .text.HAL_RTC_SetTime
                0x08005f30      0x10c /home/phil/Repos/LoRa_STM32-claude/build/obj/stm32l0xx_hal_rtc_760a24a3.o
                0x08005f30                HAL_RTC_SetTime
 .text.HAL_RTC_SetDate
                0x0800603c       0xe4 /home/phil/Repos/LoRa_STM32-claude/build/obj/stm32l0xx_hal_rtc_760a24a3.o
                0x0800603c                HAL_RTC_SetDate
 .text.HAL_RTC_SetAlarm_IT
                0x08006120      0x19c /home/phil/Repos/LoRa_STM32-claude/build/obj/stm32l0xx_hal_rtc_760a24a3.o
                0x08006120                HAL_RTC_SetAlarm_IT
 .text.RTC_Bcd2ToByte
                0x080062bc       0x12 /home/phil/Repos/LoRa_STM32-claude/build/obj/stm32l0xx_hal_rtc_760a24a3.o
                0x080062bc                RTC_Bcd2ToByte
 *fill*         0x080062ce        0x2 
 .text.HAL_RTC_GetTime
                0x080062d0       0x54 /home/phil/Repos/LoRa_STM32-claude/build/obj/stm32l0xx_hal_rtc_760a24a3.o
                0x080062d0                HAL_RTC_GetTime
 .text.HAL_RTC_GetDate
                0x08006324       0x44 /home/phil/Repos/LoRa_STM32-claude/build/obj/stm32l0xx_hal_rtc_760a24a3.o
                0x08006324                HAL_RTC_GetDate
 .text.HAL_RTCEx_EnableBypassShadow
                0x08006368       0x34 /home/phil/Repos/LoRa_STM32-claude/build/obj/stm32l0xx_hal_rtc_ex_dcf355d0.o
                0x08006368                HAL_RTCEx_EnableBypassShadow
 .text.TIM_Base_SetConfig
                0x0800639c       0x4c /home/phil/Repos/LoRa_STM32-claude/build/obj/stm32l0xx_hal_tim_821fd5ef.o
 .text.TIM_TI1_SetConfig
                0x080063e8       0x5c /home/phil/Repos/LoRa_STM32-claude/build/obj/stm32l0xx_hal_tim_821fd5ef.o
 .text.TIM_CCxChannelCmd
                0x08006444       0x16 /home/phil/Repos/LoRa_STM32-claude/build/obj/stm32l0xx_hal_tim_821fd5ef.o
 .text.HAL_TIM_Base_MspInit
                0x0800645a        0x2 /home/phil/Repos/LoRa_STM32-claude/build/obj/stm32l0xx_hal_tim_821fd5ef.o
                0x0800645a                HAL_TIM_Base_MspInit
 .text.HAL_TIM_Base_Init
                0x0800645c       0x36 /home/phil/Repos/LoRa_STM32-claude/build/obj/stm32l0xx_hal_tim_821fd5ef.o
                0x0800645c                HAL_TIM_Base_Init
 .text.HAL_TIM_Base_Start_IT
                0x08006492       0x14 /home/phil/Repos/LoRa_STM32-claude/build/obj/stm32l0xx_hal_tim_821fd5ef.o
                0x08006492                HAL_TIM_Base_Start_IT
 *fill*         0x080064a6        0x2 
 .text.HAL_TIM_Base_Stop_IT
                0x080064a8       0x20 /home/phil/Repos/LoRa_STM32-claude/build/obj/stm32l0xx_hal_tim_821fd5ef.o
                0x080064a8                HAL_TIM_Base_Stop_IT
 .text.HAL_TIM_OC_Start_IT
                0x080064c8       0x40 /home/phil/Repos/LoRa_STM32-claude/build/obj/stm32l0xx_hal_tim_821fd5ef.o
                0x080064c8                HAL_TIM_OC_Start_IT
 .text.HAL_TIM_OC_Stop_IT
                0x08006508       0x4c /home/phil/Repos/LoRa_STM32-claude/build/obj/stm32l0xx_hal_tim_821fd5ef.o
                0x08006508                HAL_TIM_OC_Stop_IT
 .text.HAL_TIM_IC_Init
                0x08006554       0x36 /home/phil/Repos/LoRa_STM32-claude/build/obj/stm32l0xx_hal_tim_821fd5ef.o
                0x08006554                HAL_TIM_IC_Init
 .text.HAL_TIM_IC_MspDeInit
                0x0800658a        0x2 /home/phil/Repos/LoRa_STM32-claude/build/obj/stm32l0xx_hal_tim_821fd5ef.o
                0x0800658a                HAL_TIM_IC_MspDeInit
 .text.HAL_TIM_IC_DeInit
                0x0800658c       0x34 /home/phil/Repos/LoRa_STM32-claude/build/obj/stm32l0xx_hal_tim_821fd5ef.o
                0x0800658c                HAL_TIM_IC_DeInit
 .text.HAL_TIM_IC_Start_IT
                0x080065c0        0xa /home/phil/Repos/LoRa_STM32-claude/build/obj/stm32l0xx_hal_tim_821fd5ef.o
                0x080065c0                HAL_TIM_IC_Start_IT
 .text.HAL_TIM_IC_Stop_IT
                0x080065ca        0xa /home/phil/Repos/LoRa_STM32-claude/build/obj/stm32l0xx_hal_tim_821fd5ef.o
                0x080065ca                HAL_TIM_IC_Stop_IT
 .text.HAL_TIM_IC_ConfigChannel
                0x080065d4      0x138 /home/phil/Repos/LoRa_STM32-claude/build/obj/stm32l0xx_hal_tim_821fd5ef.o
                0x080065d4                HAL_TIM_IC_ConfigChannel
 .text.HAL_TIM_ReadCapturedValue
                0x0800670c       0x42 /home/phil/Repos/LoRa_STM32-claude/build/obj/stm32l0xx_hal_tim_821fd5ef.o
                0x0800670c                HAL_TIM_ReadCapturedValue
 .text.HAL_TIM_OC_DelayElapsedCallback
                0x0800674e        0x2 /home/phil/Repos/LoRa_STM32-claude/build/obj/stm32l0xx_hal_tim_821fd5ef.o
                0x0800674e                HAL_TIM_OC_DelayElapsedCallback
 .text.HAL_TIM_PWM_PulseFinishedCallback
                0x08006750        0x2 /home/phil/Repos/LoRa_STM32-claude/build/obj/stm32l0xx_hal_tim_821fd5ef.o
                0x08006750                HAL_TIM_PWM_PulseFinishedCallback
 .text.HAL_TIM_TriggerCallback
                0x08006752        0x2 /home/phil/Repos/LoRa_STM32-claude/build/obj/stm32l0xx_hal_tim_821fd5ef.o
                0x08006752                HAL_TIM_TriggerCallback
 .text.HAL_TIM_IRQHandler
                0x08006754      0x110 /home/phil/Repos/LoRa_STM32-claude/build/obj/stm32l0xx_hal_tim_821fd5ef.o
                0x08006754                HAL_TIM_IRQHandler
 .text.HAL_TIMEx_RemapConfig
                0x08006864       0x20 /home/phil/Repos/LoRa_STM32-claude/build/obj/stm32l0xx_hal_tim_ex_b8a8c763.o
                0x08006864                HAL_TIMEx_RemapConfig
 .text.HAL_ADCEx_Calibration_Start
                0x08006884       0xa0 /home/phil/Repos/LoRa_STM32-claude/build/obj/stm32l0xx_hal_adc_ex_38e6fee2.o
                0x08006884                HAL_ADCEx_Calibration_Start
 .text.HAL_UARTEx_StopModeWakeUpSourceConfig
                0x08006924       0x90 /home/phil/Repos/LoRa_STM32-claude/build/obj/stm32l0xx_hal_uart_ex_5f0f995d.o
                0x08006924                HAL_UARTEx_StopModeWakeUpSourceConfig
 .text.HAL_UARTEx_EnableStopMode
                0x080069b4       0x2c /home/phil/Repos/LoRa_STM32-claude/build/obj/stm32l0xx_hal_uart_ex_5f0f995d.o
                0x080069b4                HAL_UARTEx_EnableStopMode
 .text.HAL_UARTEx_WakeupCallback
                0x080069e0        0x2 /home/phil/Repos/LoRa_STM32-claude/build/obj/stm32l0xx_hal_uart_ex_5f0f995d.o
                0x080069e0                HAL_UARTEx_WakeupCallback
 .text.I2C_Flush_TXDR
                0x080069e2       0x1c /home/phil/Repos/LoRa_STM32-claude/build/obj/stm32l0xx_hal_i2c_d420655c.o
 *fill*         0x080069fe        0x2 
 .text.I2C_TransferConfig
                0x08006a00       0x24 /home/phil/Repos/LoRa_STM32-claude/build/obj/stm32l0xx_hal_i2c_d420655c.o
 .text.I2C_WaitOnFlagUntilTimeout
                0x08006a24       0x4c /home/phil/Repos/LoRa_STM32-claude/build/obj/stm32l0xx_hal_i2c_d420655c.o
 .text.I2C_IsAcknowledgeFailed
                0x08006a70       0x80 /home/phil/Repos/LoRa_STM32-claude/build/obj/stm32l0xx_hal_i2c_d420655c.o
 .text.I2C_WaitOnTXISFlagUntilTimeout
                0x08006af0       0x5a /home/phil/Repos/LoRa_STM32-claude/build/obj/stm32l0xx_hal_i2c_d420655c.o
 .text.I2C_RequestMemoryWrite
                0x08006b4a       0x68 /home/phil/Repos/LoRa_STM32-claude/build/obj/stm32l0xx_hal_i2c_d420655c.o
 .text.I2C_RequestMemoryRead
                0x08006bb2       0x66 /home/phil/Repos/LoRa_STM32-claude/build/obj/stm32l0xx_hal_i2c_d420655c.o
 .text.I2C_WaitOnRXNEFlagUntilTimeout
                0x08006c18       0x78 /home/phil/Repos/LoRa_STM32-claude/build/obj/stm32l0xx_hal_i2c_d420655c.o
 .text.I2C_WaitOnSTOPFlagUntilTimeout
                0x08006c90       0x56 /home/phil/Repos/LoRa_STM32-claude/build/obj/stm32l0xx_hal_i2c_d420655c.o
 *fill*         0x08006ce6        0x2 
 .text.HAL_I2C_Init
                0x08006ce8       0xac /home/phil/Repos/LoRa_STM32-claude/build/obj/stm32l0xx_hal_i2c_d420655c.o
                0x08006ce8                HAL_I2C_Init
 .text.HAL_I2C_Master_Transmit
                0x08006d94      0x120 /home/phil/Repos/LoRa_STM32-claude/build/obj/stm32l0xx_hal_i2c_d420655c.o
                0x08006d94                HAL_I2C_Master_Transmit
 .text.HAL_I2C_Master_Receive
                0x08006eb4      0x120 /home/phil/Repos/LoRa_STM32-claude/build/obj/stm32l0xx_hal_i2c_d420655c.o
                0x08006eb4                HAL_I2C_Master_Receive
 .text.HAL_I2C_Mem_Write
                0x08006fd4      0x16c /home/phil/Repos/LoRa_STM32-claude/build/obj/stm32l0xx_hal_i2c_d420655c.o
                0x08006fd4                HAL_I2C_Mem_Write
 .text.HAL_I2C_Mem_Read
                0x08007140      0x174 /home/phil/Repos/LoRa_STM32-claude/build/obj/stm32l0xx_hal_i2c_d420655c.o
                0x08007140                HAL_I2C_Mem_Read
 .text.HAL_I2C_GetError
                0x080072b4        0x4 /home/phil/Repos/LoRa_STM32-claude/build/obj/stm32l0xx_hal_i2c_d420655c.o
                0x080072b4                HAL_I2C_GetError
 .text.HAL_I2CEx_ConfigAnalogFilter
                0x080072b8       0x4c /home/phil/Repos/LoRa_STM32-claude/build/obj/stm32l0xx_hal_i2c_ex_a1e58d1b.o
                0x080072b8                HAL_I2CEx_ConfigAnalogFilter
 .text.HAL_FLASHEx_DATAEEPROM_Unlock
                0x08007304       0x24 /home/phil/Repos/LoRa_STM32-claude/build/obj/stm32l0xx_hal_flash_ex_2521ef03.o
                0x08007304                HAL_FLASHEx_DATAEEPROM_Unlock
 .text.HAL_FLASHEx_DATAEEPROM_Lock
                0x08007328       0x14 /home/phil/Repos/LoRa_STM32-claude/build/obj/stm32l0xx_hal_flash_ex_2521ef03.o
                0x08007328                HAL_FLASHEx_DATAEEPROM_Lock
 .text.HAL_FLASHEx_DATAEEPROM_Erase
                0x0800733c       0x24 /home/phil/Repos/LoRa_STM32-claude/build/obj/stm32l0xx_hal_flash_ex_2521ef03.o
                0x0800733c                HAL_FLASHEx_DATAEEPROM_Erase
 .text.HAL_FLASHEx_DATAEEPROM_Program
                0x08007360       0x54 /home/phil/Repos/LoRa_STM32-claude/build/obj/stm32l0xx_hal_flash_ex_2521ef03.o
                0x08007360                HAL_FLASHEx_DATAEEPROM_Program
 .text.FLASH_SetErrorCode
                0x080073b4       0xac /home/phil/Repos/LoRa_STM32-claude/build/obj/stm32l0xx_hal_flash_20ada424.o
 .text.FLASH_WaitForLastOperation
                0x08007460       0x74 /home/phil/Repos/LoRa_STM32-claude/build/obj/stm32l0xx_hal_flash_20ada424.o
                0x08007460                FLASH_WaitForLastOperation
 .text.HAL_IWDG_Init
                0x080074d4       0x58 /home/phil/Repos/LoRa_STM32-claude/build/obj/stm32l0xx_hal_iwdg_16129b01.o
                0x080074d4                HAL_IWDG_Init
 .text.HAL_IWDG_Refresh
                0x0800752c       0x10 /home/phil/Repos/LoRa_STM32-claude/build/obj/stm32l0xx_hal_iwdg_16129b01.o
                0x0800752c                HAL_IWDG_Refresh
 .text.Device_status
                0x0800753c       0x54 /home/phil/Repos/LoRa_STM32-claude/build/obj/bsp_fc5dfbea.o
                0x0800753c                Device_status
 .text.HAL_I2C_MspInit
                0x08007590       0x74 /home/phil/Repos/LoRa_STM32-claude/build/obj/bsp_fc5dfbea.o
                0x08007590                HAL_I2C_MspInit
 .text.BSP_sensor_Read
                0x08007604      0x73c /home/phil/Repos/LoRa_STM32-claude/build/obj/bsp_fc5dfbea.o
                0x08007604                BSP_sensor_Read
 .text.HAL_I2C_MspDeInit
                0x08007d40       0x34 /home/phil/Repos/LoRa_STM32-claude/build/obj/bsp_fc5dfbea.o
                0x08007d40                HAL_I2C_MspDeInit
 .text.BSP_sensor_Init
                0x08007d74      0x298 /home/phil/Repos/LoRa_STM32-claude/build/obj/bsp_fc5dfbea.o
                0x08007d74                BSP_sensor_Init
 .text.dendro_board_5v_on
                0x0800800c       0x14 /home/phil/Repos/LoRa_STM32-claude/build/obj/bsp_fc5dfbea.o
                0x0800800c                dendro_board_5v_on
 .text.dendro_board_5v_off
                0x08008020       0x14 /home/phil/Repos/LoRa_STM32-claude/build/obj/bsp_fc5dfbea.o
                0x08008020                dendro_board_5v_off
 .text.dendro_board_adc_read_signal
                0x08008034        0xa /home/phil/Repos/LoRa_STM32-claude/build/obj/bsp_fc5dfbea.o
                0x08008034                dendro_board_adc_read_signal
 *fill*         0x0800803e        0x2 
 .text.dendro_board_adc_read_reference
                0x08008040       0x10 /home/phil/Repos/LoRa_STM32-claude/build/obj/bsp_fc5dfbea.o
                0x08008040                dendro_board_adc_read_reference
 .text.dendro_board_delay_ms
                0x08008050        0x8 /home/phil/Repos/LoRa_STM32-claude/build/obj/bsp_fc5dfbea.o
                0x08008050                dendro_board_delay_ms
 .text.DBG_Init
                0x08008058       0x64 /home/phil/Repos/LoRa_STM32-claude/build/obj/debug_f8cb5e76.o
                0x08008058                DBG_Init
 .text.Error_Handler
                0x080080bc        0x2 /home/phil/Repos/LoRa_STM32-claude/build/obj/debug_f8cb5e76.o
                0x080080bc                Error_Handler
 *fill*         0x080080be        0x2 
 .text.HW_GPIO_GetBitPos
                0x080080c0       0x38 /home/phil/Repos/LoRa_STM32-claude/build/obj/hw_gpio_097d5577.o
 .text.HW_GPIO_Init
                0x080080f8       0x98 /home/phil/Repos/LoRa_STM32-claude/build/obj/hw_gpio_097d5577.o
                0x080080f8                HW_GPIO_Init
 .text.HW_GPIO_SetIrq
                0x08008190       0x34 /home/phil/Repos/LoRa_STM32-claude/build/obj/hw_gpio_097d5577.o
                0x08008190                HW_GPIO_SetIrq
 .text.HW_GPIO_IrqHandler
                0x080081c4       0x18 /home/phil/Repos/LoRa_STM32-claude/build/obj/hw_gpio_097d5577.o
                0x080081c4                HW_GPIO_IrqHandler
 .text.HW_GPIO_Write
                0x080081dc        0xa /home/phil/Repos/LoRa_STM32-claude/build/obj/hw_gpio_097d5577.o
                0x080081dc                HW_GPIO_Write
 *fill*         0x080081e6        0x2 
 .text.HW_RTC_GetCalendarValue
                0x080081e8       0xac /home/phil/Repos/LoRa_STM32-claude/build/obj/hw_rtc_40701610.o
 .text.HW_RTC_GetMinimumTimeout
                0x08008294        0x4 /home/phil/Repos/LoRa_STM32-claude/build/obj/hw_rtc_40701610.o
                0x08008294                HW_RTC_GetMinimumTimeout
 .text.HW_RTC_ms2Tick
                0x08008298       0x10 /home/phil/Repos/LoRa_STM32-claude/build/obj/hw_rtc_40701610.o
                0x08008298                HW_RTC_ms2Tick
 .text.HW_RTC_Tick2ms
                0x080082a8       0x14 /home/phil/Repos/LoRa_STM32-claude/build/obj/hw_rtc_40701610.o
                0x080082a8                HW_RTC_Tick2ms
 .text.HW_RTC_GetTimerElapsedTime
                0x080082bc       0x18 /home/phil/Repos/LoRa_STM32-claude/build/obj/hw_rtc_40701610.o
                0x080082bc                HW_RTC_GetTimerElapsedTime
 .text.HW_RTC_GetTimerValue
                0x080082d4        0xe /home/phil/Repos/LoRa_STM32-claude/build/obj/hw_rtc_40701610.o
                0x080082d4                HW_RTC_GetTimerValue
 *fill*         0x080082e2        0x2 
 .text.HW_RTC_StopAlarm
                0x080082e4       0x24 /home/phil/Repos/LoRa_STM32-claude/build/obj/hw_rtc_40701610.o
                0x080082e4                HW_RTC_StopAlarm
 .text.HW_RTC_SetAlarm
                0x08008308      0x144 /home/phil/Repos/LoRa_STM32-claude/build/obj/hw_rtc_40701610.o
                0x08008308                HW_RTC_SetAlarm
 .text.HW_RTC_IrqHandler
                0x0800844c       0x40 /home/phil/Repos/LoRa_STM32-claude/build/obj/hw_rtc_40701610.o
                0x0800844c                HW_RTC_IrqHandler
 .text.HW_RTC_DelayMs
                0x0800848c       0x26 /home/phil/Repos/LoRa_STM32-claude/build/obj/hw_rtc_40701610.o
                0x0800848c                HW_RTC_DelayMs
 *fill*         0x080084b2        0x2 
 .text.HW_RTC_SetTimerContext
                0x080084b4       0x1c /home/phil/Repos/LoRa_STM32-claude/build/obj/hw_rtc_40701610.o
                0x080084b4                HW_RTC_SetTimerContext
 .text.HW_RTC_Init
                0x080084d0       0x78 /home/phil/Repos/LoRa_STM32-claude/build/obj/hw_rtc_40701610.o
                0x080084d0                HW_RTC_Init
 .text.HW_RTC_GetTimerContext
                0x08008548        0xc /home/phil/Repos/LoRa_STM32-claude/build/obj/hw_rtc_40701610.o
                0x08008548                HW_RTC_GetTimerContext
 .text.HW_SPI_IoInit
                0x08008554       0x62 /home/phil/Repos/LoRa_STM32-claude/build/obj/hw_spi_1d9ffd93.o
                0x08008554                HW_SPI_IoInit
 *fill*         0x080085b6        0x2 
 .text.HW_SPI_Init
                0x080085b8       0x80 /home/phil/Repos/LoRa_STM32-claude/build/obj/hw_spi_1d9ffd93.o
                0x080085b8                HW_SPI_Init
 .text.HW_SPI_IoDeInit
                0x08008638       0x84 /home/phil/Repos/LoRa_STM32-claude/build/obj/hw_spi_1d9ffd93.o
                0x08008638                HW_SPI_IoDeInit
 .text.HW_SPI_InOut
                0x080086bc       0x28 /home/phil/Repos/LoRa_STM32-claude/build/obj/hw_spi_1d9ffd93.o
                0x080086bc                HW_SPI_InOut
 .text.OnIWDGRefreshTimeoutEvent
                0x080086e4       0x28 /home/phil/Repos/LoRa_STM32-claude/build/obj/main_47d3d071.o
 .text.OnNetworkJoinedLedEvent
                0x0800870c       0x28 /home/phil/Repos/LoRa_STM32-claude/build/obj/main_47d3d071.o
 .text.UnconfirmedUplinkChangeToConfirmedUplinkTimeoutEvent
                0x08008734       0x18 /home/phil/Repos/LoRa_STM32-claude/build/obj/main_47d3d071.o
 .text.OnReJoinTimerEvent
                0x0800874c       0x18 /home/phil/Repos/LoRa_STM32-claude/build/obj/main_47d3d071.o
 .text.LORA_ConfirmClass
                0x08008764       0x28 /home/phil/Repos/LoRa_STM32-claude/build/obj/main_47d3d071.o
 .text.OnDownlinkDetectTimeoutEvent
                0x0800878c       0x20 /home/phil/Repos/LoRa_STM32-claude/build/obj/main_47d3d071.o
 .text.LORA_RxData
                0x080087ac      0x634 /home/phil/Repos/LoRa_STM32-claude/build/obj/main_47d3d071.o
 .text.OnTxTimerEvent
                0x08008de0       0x44 /home/phil/Repos/LoRa_STM32-claude/build/obj/main_47d3d071.o
 .text.OnTxTimerEvent2
                0x08008e24       0xdc /home/phil/Repos/LoRa_STM32-claude/build/obj/main_47d3d071.o
 .text.LORA_HasJoined
                0x08008f00       0x8c /home/phil/Repos/LoRa_STM32-claude/build/obj/main_47d3d071.o
 .text.startup.main
                0x08008f8c      0xda8 /home/phil/Repos/LoRa_STM32-claude/build/obj/main_47d3d071.o
                0x08008f8c                main
 .text.HAL_InitTick
                0x08009d34        0x4 /home/phil/Repos/LoRa_STM32-claude/build/obj/stm32l0xx_hal_msp_59407185.o
                0x08009d34                HAL_InitTick
 .text.HAL_Delay
                0x08009d38        0xc /home/phil/Repos/LoRa_STM32-claude/build/obj/stm32l0xx_hal_msp_59407185.o
                0x08009d38                HAL_Delay
 .text.HAL_MspInit
                0x08009d44       0x30 /home/phil/Repos/LoRa_STM32-claude/build/obj/stm32l0xx_hal_msp_59407185.o
                0x08009d44                HAL_MspInit
 .text.HAL_RTC_MspInit
                0x08009d74       0x5c /home/phil/Repos/LoRa_STM32-claude/build/obj/stm32l0xx_hal_msp_59407185.o
                0x08009d74                HAL_RTC_MspInit
 .text.HAL_RTC_AlarmAEventCallback
                0x08009dd0        0x8 /home/phil/Repos/LoRa_STM32-claude/build/obj/stm32l0xx_hal_msp_59407185.o
                0x08009dd0                HAL_RTC_AlarmAEventCallback
 .text.HAL_GPIO_EXTI_Callback
                0x08009dd8        0x8 /home/phil/Repos/LoRa_STM32-claude/build/obj/stm32l0xx_hal_msp_59407185.o
                0x08009dd8                HAL_GPIO_EXTI_Callback
 .text.HAL_TIM_IC_MspInit
                0x08009de0       0x20 /home/phil/Repos/LoRa_STM32-claude/build/obj/stm32l0xx_hal_msp_59407185.o
                0x08009de0                HAL_TIM_IC_MspInit
 .text.MSP_GetIRQn
                0x08009e00       0x20 /home/phil/Repos/LoRa_STM32-claude/build/obj/stm32l0xx_hal_msp_59407185.o
                0x08009e00                MSP_GetIRQn
 .text.SystemClock_Config
                0x08009e20       0x98 /home/phil/Repos/LoRa_STM32-claude/build/obj/stm32l0xx_hw_492d4781.o
                0x08009e20                SystemClock_Config
 .text.HW_GetRandomSeed
                0x08009eb8       0x20 /home/phil/Repos/LoRa_STM32-claude/build/obj/stm32l0xx_hw_492d4781.o
                0x08009eb8                HW_GetRandomSeed
 .text.HW_GetUniqueId
                0x08009ed8       0x54 /home/phil/Repos/LoRa_STM32-claude/build/obj/stm32l0xx_hw_492d4781.o
                0x08009ed8                HW_GetUniqueId
 .text.HW_AdcInit
                0x08009f2c       0x5c /home/phil/Repos/LoRa_STM32-claude/build/obj/stm32l0xx_hw_492d4781.o
                0x08009f2c                HW_AdcInit
 .text.HW_Init  0x08009f88       0x38 /home/phil/Repos/LoRa_STM32-claude/build/obj/stm32l0xx_hw_492d4781.o
                0x08009f88                HW_Init
 .text.HW_AdcReadChannel
                0x08009fc0       0x9c /home/phil/Repos/LoRa_STM32-claude/build/obj/stm32l0xx_hw_492d4781.o
                0x08009fc0                HW_AdcReadChannel
 .text.HW_GetTemperatureLevel
                0x0800a05c       0x64 /home/phil/Repos/LoRa_STM32-claude/build/obj/stm32l0xx_hw_492d4781.o
                0x0800a05c                HW_GetTemperatureLevel
 .text.HW_GetBatteryLevel
                0x0800a0c0       0x44 /home/phil/Repos/LoRa_STM32-claude/build/obj/stm32l0xx_hw_492d4781.o
                0x0800a0c0                HW_GetBatteryLevel
 .text.LPM_EnterStopMode
                0x0800a104       0x38 /home/phil/Repos/LoRa_STM32-claude/build/obj/stm32l0xx_hw_492d4781.o
                0x0800a104                LPM_EnterStopMode
 .text.LPM_ExitStopMode
                0x0800a13c       0x5c /home/phil/Repos/LoRa_STM32-claude/build/obj/stm32l0xx_hw_492d4781.o
                0x0800a13c                LPM_ExitStopMode
 .text.LPM_EnterSleepMode
                0x0800a198        0xc /home/phil/Repos/LoRa_STM32-claude/build/obj/stm32l0xx_hw_492d4781.o
                0x0800a198                LPM_EnterSleepMode
 .text.NMI_Handler
                0x0800a1a4        0x2 /home/phil/Repos/LoRa_STM32-claude/build/obj/stm32l0xx_it_b362cb1e.o
                0x0800a1a4                NMI_Handler
 .text.HardFault_Handler
                0x0800a1a6        0x4 /home/phil/Repos/LoRa_STM32-claude/build/obj/stm32l0xx_it_b362cb1e.o
                0x0800a1a6                HardFault_Handler
 .text.SVC_Handler
                0x0800a1aa        0x2 /home/phil/Repos/LoRa_STM32-claude/build/obj/stm32l0xx_it_b362cb1e.o
                0x0800a1aa                SVC_Handler
 .text.PendSV_Handler
                0x0800a1ac        0x2 /home/phil/Repos/LoRa_STM32-claude/build/obj/stm32l0xx_it_b362cb1e.o
                0x0800a1ac                PendSV_Handler
 .text.SysTick_Handler
                0x0800a1ae        0x8 /home/phil/Repos/LoRa_STM32-claude/build/obj/stm32l0xx_it_b362cb1e.o
                0x0800a1ae                SysTick_Handler
 .text.USART1_IRQHandler
                0x0800a1b6        0x8 /home/phil/Repos/LoRa_STM32-claude/build/obj/stm32l0xx_it_b362cb1e.o
                0x0800a1b6                USART1_IRQHandler
 .text.RNG_LPUART1_IRQHandler
                0x0800a1be        0x8 /home/phil/Repos/LoRa_STM32-claude/build/obj/stm32l0xx_it_b362cb1e.o
                0x0800a1be                RNG_LPUART1_IRQHandler
 .text.DMA1_Channel4_5_6_7_IRQHandler
                0x0800a1c6        0x8 /home/phil/Repos/LoRa_STM32-claude/build/obj/stm32l0xx_it_b362cb1e.o
                0x0800a1c6                DMA1_Channel4_5_6_7_IRQHandler
 .text.RTC_IRQHandler
                0x0800a1ce        0x8 /home/phil/Repos/LoRa_STM32-claude/build/obj/stm32l0xx_it_b362cb1e.o
                0x0800a1ce                RTC_IRQHandler
 .text.EXTI0_1_IRQHandler
                0x0800a1d6       0x10 /home/phil/Repos/LoRa_STM32-claude/build/obj/stm32l0xx_it_b362cb1e.o
                0x0800a1d6                EXTI0_1_IRQHandler
 .text.EXTI2_3_IRQHandler
                0x0800a1e6       0x10 /home/phil/Repos/LoRa_STM32-claude/build/obj/stm32l0xx_it_b362cb1e.o
                0x0800a1e6                EXTI2_3_IRQHandler
 *fill*         0x0800a1f6        0x2 
 .text.EXTI4_15_IRQHandler
                0x0800a1f8      0x170 /home/phil/Repos/LoRa_STM32-claude/build/obj/stm32l0xx_it_b362cb1e.o
                0x0800a1f8                EXTI4_15_IRQHandler
 .text.TIM21_IRQHandler
                0x0800a368        0x8 /home/phil/Repos/LoRa_STM32-claude/build/obj/stm32l0xx_it_b362cb1e.o
                0x0800a368                TIM21_IRQHandler
 .text.TIM3_IRQHandler
                0x0800a370       0x10 /home/phil/Repos/LoRa_STM32-claude/build/obj/stm32l0xx_it_b362cb1e.o
                0x0800a370                TIM3_IRQHandler
 .text.vcom_Init
                0x0800a380       0x3c /home/phil/Repos/LoRa_STM32-claude/build/obj/vcom_81525599.o
                0x0800a380                vcom_Init
 .text.vcom_Trace
                0x0800a3bc       0x14 /home/phil/Repos/LoRa_STM32-claude/build/obj/vcom_81525599.o
                0x0800a3bc                vcom_Trace
 .text.HAL_UART_TxCpltCallback
                0x0800a3d0       0x14 /home/phil/Repos/LoRa_STM32-claude/build/obj/vcom_81525599.o
                0x0800a3d0                HAL_UART_TxCpltCallback
 .text.vcom_ReceiveInit
                0x0800a3e4       0x34 /home/phil/Repos/LoRa_STM32-claude/build/obj/vcom_81525599.o
                0x0800a3e4                vcom_ReceiveInit
 .text.HAL_UART_RxCpltCallback
                0x0800a418       0xc4 /home/phil/Repos/LoRa_STM32-claude/build/obj/vcom_81525599.o
                0x0800a418                HAL_UART_RxCpltCallback
 .text.vcom_DMA_TX_IRQHandler
                0x0800a4dc       0x10 /home/phil/Repos/LoRa_STM32-claude/build/obj/vcom_81525599.o
                0x0800a4dc                vcom_DMA_TX_IRQHandler
 .text.vcom_IRQHandler
                0x0800a4ec       0x10 /home/phil/Repos/LoRa_STM32-claude/build/obj/vcom_81525599.o
                0x0800a4ec                vcom_IRQHandler
 .text.tfmini_uart_IRQHandler
                0x0800a4fc       0x10 /home/phil/Repos/LoRa_STM32-claude/build/obj/vcom_81525599.o
                0x0800a4fc                tfmini_uart_IRQHandler
 .text.vcom_IoInit
                0x0800a50c       0x5c /home/phil/Repos/LoRa_STM32-claude/build/obj/vcom_81525599.o
                0x0800a50c                vcom_IoInit
 .text.uart1_init_uart1
                0x0800a568       0x34 /home/phil/Repos/LoRa_STM32-claude/build/obj/vcom_81525599.o
                0x0800a568                uart1_init_uart1
 .text.uart1_IoInit
                0x0800a59c       0x54 /home/phil/Repos/LoRa_STM32-claude/build/obj/vcom_81525599.o
                0x0800a59c                uart1_IoInit
 .text.uart1_IoDeInit
                0x0800a5f0       0x4c /home/phil/Repos/LoRa_STM32-claude/build/obj/vcom_81525599.o
                0x0800a5f0                uart1_IoDeInit
 .text.HAL_UART_MspInit
                0x0800a63c       0xe8 /home/phil/Repos/LoRa_STM32-claude/build/obj/vcom_81525599.o
                0x0800a63c                HAL_UART_MspInit
 .text.at_tfmini_data_receive
                0x0800a724       0xd0 /home/phil/Repos/LoRa_STM32-claude/build/obj/vcom_81525599.o
                0x0800a724                at_tfmini_data_receive
 .text.translate_status
                0x0800a7f4       0x14 /home/phil/Repos/LoRa_STM32-claude/build/obj/at_82e457e9.o
 .text.print_8_02x
                0x0800a808       0x34 /home/phil/Repos/LoRa_STM32-claude/build/obj/at_82e457e9.o
 .text.print_16_02x
                0x0800a83c       0x54 /home/phil/Repos/LoRa_STM32-claude/build/obj/at_82e457e9.o
 .text.print_d  0x0800a890       0x18 /home/phil/Repos/LoRa_STM32-claude/build/obj/at_82e457e9.o
 .text.print_u  0x0800a8a8       0x18 /home/phil/Repos/LoRa_STM32-claude/build/obj/at_82e457e9.o
 .text.changeform
                0x0800a8c0       0x8c /home/phil/Repos/LoRa_STM32-claude/build/obj/at_82e457e9.o
 .text.sscanf_uint32_as_hhx.part.0
                0x0800a94c       0x28 /home/phil/Repos/LoRa_STM32-claude/build/obj/at_82e457e9.o
 .text.sscanf_16_hhx.constprop.0
                0x0800a974       0x20 /home/phil/Repos/LoRa_STM32-claude/build/obj/at_82e457e9.o
 .text.sscanf_16_hhx.part.0.isra.0
                0x0800a994       0x50 /home/phil/Repos/LoRa_STM32-claude/build/obj/at_82e457e9.o
 .text.set_at_receive
                0x0800a9e4       0x24 /home/phil/Repos/LoRa_STM32-claude/build/obj/at_82e457e9.o
                0x0800a9e4                set_at_receive
 .text.at_return_error
                0x0800aa08        0x4 /home/phil/Repos/LoRa_STM32-claude/build/obj/at_82e457e9.o
                0x0800aa08                at_return_error
 .text.at_reset
                0x0800aa0c       0x1c /home/phil/Repos/LoRa_STM32-claude/build/obj/at_82e457e9.o
                0x0800aa0c                at_reset
 .text.at_DEBUG_run
                0x0800aa28       0x20 /home/phil/Repos/LoRa_STM32-claude/build/obj/at_82e457e9.o
                0x0800aa28                at_DEBUG_run
 .text.at_FDR   0x0800aa48       0x40 /home/phil/Repos/LoRa_STM32-claude/build/obj/at_82e457e9.o
                0x0800aa48                at_FDR
 .text.at_DevEUI_get
                0x0800aa88        0xe /home/phil/Repos/LoRa_STM32-claude/build/obj/at_82e457e9.o
                0x0800aa88                at_DevEUI_get
 *fill*         0x0800aa96        0x2 
 .text.at_DevEUI_set
                0x0800aa98       0x64 /home/phil/Repos/LoRa_STM32-claude/build/obj/at_82e457e9.o
                0x0800aa98                at_DevEUI_set
 .text.at_AppEUI_get
                0x0800aafc        0xe /home/phil/Repos/LoRa_STM32-claude/build/obj/at_82e457e9.o
                0x0800aafc                at_AppEUI_get
 *fill*         0x0800ab0a        0x2 
 .text.at_AppEUI_set
                0x0800ab0c       0x64 /home/phil/Repos/LoRa_STM32-claude/build/obj/at_82e457e9.o
                0x0800ab0c                at_AppEUI_set
 .text.at_DevAddr_set
                0x0800ab70       0x3c /home/phil/Repos/LoRa_STM32-claude/build/obj/at_82e457e9.o
                0x0800ab70                at_DevAddr_set
 .text.at_DevAddr_get
                0x0800abac        0xa /home/phil/Repos/LoRa_STM32-claude/build/obj/at_82e457e9.o
                0x0800abac                at_DevAddr_get
 .text.at_AppKey_get
                0x0800abb6        0xe /home/phil/Repos/LoRa_STM32-claude/build/obj/at_82e457e9.o
                0x0800abb6                at_AppKey_get
 .text.at_AppKey_set
                0x0800abc4       0x22 /home/phil/Repos/LoRa_STM32-claude/build/obj/at_82e457e9.o
                0x0800abc4                at_AppKey_set
 .text.at_NwkSKey_get
                0x0800abe6        0xe /home/phil/Repos/LoRa_STM32-claude/build/obj/at_82e457e9.o
                0x0800abe6                at_NwkSKey_get
 .text.at_NwkSKey_set
                0x0800abf4       0x22 /home/phil/Repos/LoRa_STM32-claude/build/obj/at_82e457e9.o
                0x0800abf4                at_NwkSKey_set
 .text.at_AppSKey_get
                0x0800ac16        0xe /home/phil/Repos/LoRa_STM32-claude/build/obj/at_82e457e9.o
                0x0800ac16                at_AppSKey_get
 .text.at_AppSKey_set
                0x0800ac24       0x22 /home/phil/Repos/LoRa_STM32-claude/build/obj/at_82e457e9.o
                0x0800ac24                at_AppSKey_set
 .text.at_ADR_get
                0x0800ac46       0x24 /home/phil/Repos/LoRa_STM32-claude/build/obj/at_82e457e9.o
                0x0800ac46                at_ADR_get
 .text.at_ADR_set
                0x0800ac6a       0x26 /home/phil/Repos/LoRa_STM32-claude/build/obj/at_82e457e9.o
                0x0800ac6a                at_ADR_set
 .text.at_TransmitPower_get
                0x0800ac90       0x26 /home/phil/Repos/LoRa_STM32-claude/build/obj/at_82e457e9.o
                0x0800ac90                at_TransmitPower_get
 *fill*         0x0800acb6        0x2 
 .text.at_TransmitPower_set
                0x0800acb8       0x3c /home/phil/Repos/LoRa_STM32-claude/build/obj/at_82e457e9.o
                0x0800acb8                at_TransmitPower_set
 .text.at_DataRate_get
                0x0800acf4       0x26 /home/phil/Repos/LoRa_STM32-claude/build/obj/at_82e457e9.o
                0x0800acf4                at_DataRate_get
 *fill*         0x0800ad1a        0x2 
 .text.at_DataRate_set
                0x0800ad1c       0x38 /home/phil/Repos/LoRa_STM32-claude/build/obj/at_82e457e9.o
                0x0800ad1c                at_DataRate_set
 .text.at_DutyCycle_set
                0x0800ad54       0x1c /home/phil/Repos/LoRa_STM32-claude/build/obj/at_82e457e9.o
                0x0800ad54                at_DutyCycle_set
 .text.at_DutyCycle_get
                0x0800ad70       0x2c /home/phil/Repos/LoRa_STM32-claude/build/obj/at_82e457e9.o
                0x0800ad70                at_DutyCycle_get
 .text.at_PublicNetwork_get
                0x0800ad9c       0x24 /home/phil/Repos/LoRa_STM32-claude/build/obj/at_82e457e9.o
                0x0800ad9c                at_PublicNetwork_get
 .text.at_PublicNetwork_set
                0x0800adc0       0x26 /home/phil/Repos/LoRa_STM32-claude/build/obj/at_82e457e9.o
                0x0800adc0                at_PublicNetwork_set
 .text.at_Rx2Frequency_get
                0x0800ade6       0x24 /home/phil/Repos/LoRa_STM32-claude/build/obj/at_82e457e9.o
                0x0800ade6                at_Rx2Frequency_get
 *fill*         0x0800ae0a        0x2 
 .text.at_Rx2Frequency_set
                0x0800ae0c       0x3c /home/phil/Repos/LoRa_STM32-claude/build/obj/at_82e457e9.o
                0x0800ae0c                at_Rx2Frequency_set
 .text.at_Rx2DataRate_get
                0x0800ae48       0x24 /home/phil/Repos/LoRa_STM32-claude/build/obj/at_82e457e9.o
                0x0800ae48                at_Rx2DataRate_get
 .text.at_Rx2DataRate_set
                0x0800ae6c       0x44 /home/phil/Repos/LoRa_STM32-claude/build/obj/at_82e457e9.o
                0x0800ae6c                at_Rx2DataRate_set
 .text.at_Rx1Delay_get
                0x0800aeb0       0x24 /home/phil/Repos/LoRa_STM32-claude/build/obj/at_82e457e9.o
                0x0800aeb0                at_Rx1Delay_get
 .text.at_Rx1Delay_set
                0x0800aed4       0x2c /home/phil/Repos/LoRa_STM32-claude/build/obj/at_82e457e9.o
                0x0800aed4                at_Rx1Delay_set
 .text.at_Rx2Delay_get
                0x0800af00       0x24 /home/phil/Repos/LoRa_STM32-claude/build/obj/at_82e457e9.o
                0x0800af00                at_Rx2Delay_get
 .text.at_Rx2Delay_set
                0x0800af24       0x2c /home/phil/Repos/LoRa_STM32-claude/build/obj/at_82e457e9.o
                0x0800af24                at_Rx2Delay_set
 .text.at_JoinAcceptDelay1_get
                0x0800af50       0x24 /home/phil/Repos/LoRa_STM32-claude/build/obj/at_82e457e9.o
                0x0800af50                at_JoinAcceptDelay1_get
 .text.at_JoinAcceptDelay1_set
                0x0800af74       0x3c /home/phil/Repos/LoRa_STM32-claude/build/obj/at_82e457e9.o
                0x0800af74                at_JoinAcceptDelay1_set
 .text.at_JoinAcceptDelay2_get
                0x0800afb0       0x24 /home/phil/Repos/LoRa_STM32-claude/build/obj/at_82e457e9.o
                0x0800afb0                at_JoinAcceptDelay2_get
 .text.at_JoinAcceptDelay2_set
                0x0800afd4       0x3c /home/phil/Repos/LoRa_STM32-claude/build/obj/at_82e457e9.o
                0x0800afd4                at_JoinAcceptDelay2_set
 .text.at_NetworkJoinMode_get
                0x0800b010       0x14 /home/phil/Repos/LoRa_STM32-claude/build/obj/at_82e457e9.o
                0x0800b010                at_NetworkJoinMode_get
 .text.at_NetworkJoinMode_set
                0x0800b024       0x28 /home/phil/Repos/LoRa_STM32-claude/build/obj/at_82e457e9.o
                0x0800b024                at_NetworkJoinMode_set
 .text.at_NetworkID_get
                0x0800b04c       0x40 /home/phil/Repos/LoRa_STM32-claude/build/obj/at_82e457e9.o
                0x0800b04c                at_NetworkID_get
 .text.at_NetworkID_set
                0x0800b08c       0x44 /home/phil/Repos/LoRa_STM32-claude/build/obj/at_82e457e9.o
                0x0800b08c                at_NetworkID_set
 .text.at_UplinkCounter_get
                0x0800b0d0       0x24 /home/phil/Repos/LoRa_STM32-claude/build/obj/at_82e457e9.o
                0x0800b0d0                at_UplinkCounter_get
 .text.at_UplinkCounter_set
                0x0800b0f4       0x2c /home/phil/Repos/LoRa_STM32-claude/build/obj/at_82e457e9.o
                0x0800b0f4                at_UplinkCounter_set
 .text.at_DownlinkCounter_get
                0x0800b120       0x24 /home/phil/Repos/LoRa_STM32-claude/build/obj/at_82e457e9.o
                0x0800b120                at_DownlinkCounter_get
 .text.at_DownlinkCounter_set
                0x0800b144       0x2c /home/phil/Repos/LoRa_STM32-claude/build/obj/at_82e457e9.o
                0x0800b144                at_DownlinkCounter_set
 .text.at_DeviceClass_get
                0x0800b170       0x30 /home/phil/Repos/LoRa_STM32-claude/build/obj/at_82e457e9.o
                0x0800b170                at_DeviceClass_get
 .text.at_DeviceClass_set
                0x0800b1a0       0x38 /home/phil/Repos/LoRa_STM32-claude/build/obj/at_82e457e9.o
                0x0800b1a0                at_DeviceClass_set
 .text.at_Join  0x0800b1d8        0xa /home/phil/Repos/LoRa_STM32-claude/build/obj/at_82e457e9.o
                0x0800b1d8                at_Join
 .text.at_NetworkJoinStatus
                0x0800b1e2       0x22 /home/phil/Repos/LoRa_STM32-claude/build/obj/at_82e457e9.o
                0x0800b1e2                at_NetworkJoinStatus
 .text.at_SendBinary
                0x0800b204       0xa0 /home/phil/Repos/LoRa_STM32-claude/build/obj/at_82e457e9.o
                0x0800b204                at_SendBinary
 .text.at_Send  0x0800b2a4       0x78 /home/phil/Repos/LoRa_STM32-claude/build/obj/at_82e457e9.o
                0x0800b2a4                at_Send
 .text.at_ReceiveBinary
                0x0800b31c       0x50 /home/phil/Repos/LoRa_STM32-claude/build/obj/at_82e457e9.o
                0x0800b31c                at_ReceiveBinary
 .text.at_Receive
                0x0800b36c       0x4c /home/phil/Repos/LoRa_STM32-claude/build/obj/at_82e457e9.o
                0x0800b36c                at_Receive
 .text.at_RJTDC_set
                0x0800b3b8       0x3c /home/phil/Repos/LoRa_STM32-claude/build/obj/at_82e457e9.o
                0x0800b3b8                at_RJTDC_set
 .text.at_RJTDC_get
                0x0800b3f4       0x14 /home/phil/Repos/LoRa_STM32-claude/build/obj/at_82e457e9.o
                0x0800b3f4                at_RJTDC_get
 .text.at_RPL_set
                0x0800b408       0x3c /home/phil/Repos/LoRa_STM32-claude/build/obj/at_82e457e9.o
                0x0800b408                at_RPL_set
 .text.at_RPL_get
                0x0800b444       0x14 /home/phil/Repos/LoRa_STM32-claude/build/obj/at_82e457e9.o
                0x0800b444                at_RPL_get
 .text.at_version_get
                0x0800b458       0x18 /home/phil/Repos/LoRa_STM32-claude/build/obj/at_82e457e9.o
                0x0800b458                at_version_get
 .text.at_ack_set
                0x0800b470       0x90 /home/phil/Repos/LoRa_STM32-claude/build/obj/at_82e457e9.o
                0x0800b470                at_ack_set
 .text.at_ack_get
                0x0800b500       0x2c /home/phil/Repos/LoRa_STM32-claude/build/obj/at_82e457e9.o
                0x0800b500                at_ack_get
 .text.at_isack_get
                0x0800b52c       0x14 /home/phil/Repos/LoRa_STM32-claude/build/obj/at_82e457e9.o
                0x0800b52c                at_isack_get
 .text.at_snr_get
                0x0800b540        0xe /home/phil/Repos/LoRa_STM32-claude/build/obj/at_82e457e9.o
                0x0800b540                at_snr_get
 .text.at_rssi_get
                0x0800b54e        0xe /home/phil/Repos/LoRa_STM32-claude/build/obj/at_82e457e9.o
                0x0800b54e                at_rssi_get
 .text.at_CFG_run
                0x0800b55c       0xd0 /home/phil/Repos/LoRa_STM32-claude/build/obj/at_82e457e9.o
                0x0800b55c                at_CFG_run
 .text.at_TDC_set
                0x0800b62c       0x40 /home/phil/Repos/LoRa_STM32-claude/build/obj/at_82e457e9.o
                0x0800b62c                at_TDC_set
 .text.at_TDC_get
                0x0800b66c       0x14 /home/phil/Repos/LoRa_STM32-claude/build/obj/at_82e457e9.o
                0x0800b66c                at_TDC_get
 .text.at_application_port_set
                0x0800b680       0x28 /home/phil/Repos/LoRa_STM32-claude/build/obj/at_82e457e9.o
                0x0800b680                at_application_port_set
 .text.at_application_port_get
                0x0800b6a8        0xe /home/phil/Repos/LoRa_STM32-claude/build/obj/at_82e457e9.o
                0x0800b6a8                at_application_port_get
 *fill*         0x0800b6b6        0x2 
 .text.at_CHS_set
                0x0800b6b8       0x38 /home/phil/Repos/LoRa_STM32-claude/build/obj/at_82e457e9.o
                0x0800b6b8                at_CHS_set
 .text.at_CHS_get
                0x0800b6f0        0xe /home/phil/Repos/LoRa_STM32-claude/build/obj/at_82e457e9.o
                0x0800b6f0                at_CHS_get
 *fill*         0x0800b6fe        0x2 
 .text.at_symbtimeout1LSB_get
                0x0800b700       0x14 /home/phil/Repos/LoRa_STM32-claude/build/obj/at_82e457e9.o
                0x0800b700                at_symbtimeout1LSB_get
 .text.at_symbtimeout1LSB_set
                0x0800b714       0x30 /home/phil/Repos/LoRa_STM32-claude/build/obj/at_82e457e9.o
                0x0800b714                at_symbtimeout1LSB_set
 .text.at_symbtimeout2LSB_get
                0x0800b744       0x14 /home/phil/Repos/LoRa_STM32-claude/build/obj/at_82e457e9.o
                0x0800b744                at_symbtimeout2LSB_get
 .text.at_symbtimeout2LSB_set
                0x0800b758       0x30 /home/phil/Repos/LoRa_STM32-claude/build/obj/at_82e457e9.o
                0x0800b758                at_symbtimeout2LSB_set
 .text.at_decrypt_set
                0x0800b788       0x2c /home/phil/Repos/LoRa_STM32-claude/build/obj/at_82e457e9.o
                0x0800b788                at_decrypt_set
 .text.at_decrypt_get
                0x0800b7b4       0x1c /home/phil/Repos/LoRa_STM32-claude/build/obj/at_82e457e9.o
                0x0800b7b4                at_decrypt_get
 .text.at_MOD_set
                0x0800b7d0       0x48 /home/phil/Repos/LoRa_STM32-claude/build/obj/at_82e457e9.o
                0x0800b7d0                at_MOD_set
 .text.at_MOD_get
                0x0800b818       0x14 /home/phil/Repos/LoRa_STM32-claude/build/obj/at_82e457e9.o
                0x0800b818                at_MOD_get
 .text.at_INTMOD1_set
                0x0800b82c       0x40 /home/phil/Repos/LoRa_STM32-claude/build/obj/at_82e457e9.o
                0x0800b82c                at_INTMOD1_set
 .text.at_INTMOD1_get
                0x0800b86c       0x14 /home/phil/Repos/LoRa_STM32-claude/build/obj/at_82e457e9.o
                0x0800b86c                at_INTMOD1_get
 .text.at_INTMOD2_set
                0x0800b880       0x40 /home/phil/Repos/LoRa_STM32-claude/build/obj/at_82e457e9.o
                0x0800b880                at_INTMOD2_set
 .text.at_INTMOD2_get
                0x0800b8c0       0x14 /home/phil/Repos/LoRa_STM32-claude/build/obj/at_82e457e9.o
                0x0800b8c0                at_INTMOD2_get
 .text.at_INTMOD3_set
                0x0800b8d4       0x40 /home/phil/Repos/LoRa_STM32-claude/build/obj/at_82e457e9.o
                0x0800b8d4                at_INTMOD3_set
 .text.at_INTMOD3_get
                0x0800b914       0x14 /home/phil/Repos/LoRa_STM32-claude/build/obj/at_82e457e9.o
                0x0800b914                at_INTMOD3_get
 .text.at_weight_GapValue_set
                0x0800b928       0x68 /home/phil/Repos/LoRa_STM32-claude/build/obj/at_82e457e9.o
                0x0800b928                at_weight_GapValue_set
 .text.at_weight_GapValue_get
                0x0800b990       0x24 /home/phil/Repos/LoRa_STM32-claude/build/obj/at_82e457e9.o
                0x0800b990                at_weight_GapValue_get
 .text.at_5Vtime_set
                0x0800b9b4       0x28 /home/phil/Repos/LoRa_STM32-claude/build/obj/at_82e457e9.o
                0x0800b9b4                at_5Vtime_set
 .text.at_5Vtime_get
                0x0800b9dc       0x14 /home/phil/Repos/LoRa_STM32-claude/build/obj/at_82e457e9.o
                0x0800b9dc                at_5Vtime_get
 .text.at_SETCNT_set
                0x0800b9f0       0x3c /home/phil/Repos/LoRa_STM32-claude/build/obj/at_82e457e9.o
                0x0800b9f0                at_SETCNT_set
 .text.at_getsensorvaule_set
                0x0800ba2c       0x54 /home/phil/Repos/LoRa_STM32-claude/build/obj/at_82e457e9.o
                0x0800ba2c                at_getsensorvaule_set
 .text.at_downlink_detect_set
                0x0800ba80       0x70 /home/phil/Repos/LoRa_STM32-claude/build/obj/at_82e457e9.o
                0x0800ba80                at_downlink_detect_set
 .text.at_downlink_detect_get
                0x0800baf0       0x2c /home/phil/Repos/LoRa_STM32-claude/build/obj/at_82e457e9.o
                0x0800baf0                at_downlink_detect_get
 .text.at_setmaxnbtrans_set
                0x0800bb1c       0x44 /home/phil/Repos/LoRa_STM32-claude/build/obj/at_82e457e9.o