Archive member included to satisfy reference by file (symbol)

/usr/lib/gcc/arm-none-eabi/16.1.0/thumb/v6-m/nofp/libgcc.a(_thumb1_case_uqi.o)
                              ./build/obj/chameleon-i2c2-vcc-pmos/sx1276_174cd5fd.o (__gnu_thumb1_case_uqi)
/usr/lib/gcc/arm-none-eabi/16.1.0/thumb/v6-m/nofp/libgcc.a(_thumb1_case_shi.o)
                              ./build/obj/chameleon-i2c2-vcc-pmos/main_47d3d071.o (__gnu_thumb1_case_shi)
/usr/lib/gcc/arm-none-eabi/16.1.0/thumb/v6-m/nofp/libgcc.a(_thumb1_case_uhi.o)
                              ./build/obj/chameleon-i2c2-vcc-pmos/bsp_fc5dfbea.o (__gnu_thumb1_case_uhi)
/usr/lib/gcc/arm-none-eabi/16.1.0/thumb/v6-m/nofp/libgcc.a(_udivsi3.o)
                              ./build/obj/chameleon-i2c2-vcc-pmos/iwdg_f9b75010.o (__aeabi_uidiv)
/usr/lib/gcc/arm-none-eabi/16.1.0/thumb/v6-m/nofp/libgcc.a(_divsi3.o)
                              ./build/obj/chameleon-i2c2-vcc-pmos/bsp_fc5dfbea.o (__aeabi_idiv)
/usr/lib/gcc/arm-none-eabi/16.1.0/thumb/v6-m/nofp/libgcc.a(_dvmd_tls.o)
                              /usr/lib/gcc/arm-none-eabi/16.1.0/thumb/v6-m/nofp/libgcc.a(_udivsi3.o) (__aeabi_idiv0)
/usr/lib/gcc/arm-none-eabi/16.1.0/thumb/v6-m/nofp/libgcc.a(_arm_cmpdf2.o)
                              ./build/obj/chameleon-i2c2-vcc-pmos/sx1276_174cd5fd.o (__aeabi_dcmpgt)
/usr/lib/gcc/arm-none-eabi/16.1.0/thumb/v6-m/nofp/libgcc.a(_arm_cmpsf2.o)
                              ./build/obj/chameleon-i2c2-vcc-pmos/ds18b20_8a272139.o (__aeabi_fcmpeq)
/usr/lib/gcc/arm-none-eabi/16.1.0/thumb/v6-m/nofp/libgcc.a(_aeabi_uldivmod.o)
                              ./build/obj/chameleon-i2c2-vcc-pmos/stm32l0xx_hal_uart_151166ad.o (__aeabi_uldivmod)
/usr/lib/gcc/arm-none-eabi/16.1.0/thumb/v6-m/nofp/libgcc.a(_muldi3.o)
                              ./build/obj/chameleon-i2c2-vcc-pmos/hw_rtc_40701610.o (__aeabi_lmul)
/usr/lib/gcc/arm-none-eabi/16.1.0/thumb/v6-m/nofp/libgcc.a(_fixunssfsi.o)
                              ./build/obj/chameleon-i2c2-vcc-pmos/main_47d3d071.o (__aeabi_f2uiz)
/usr/lib/gcc/arm-none-eabi/16.1.0/thumb/v6-m/nofp/libgcc.a(_fixunsdfsi.o)
                              ./build/obj/chameleon-i2c2-vcc-pmos/sx1276_174cd5fd.o (__aeabi_d2uiz)
/usr/lib/gcc/arm-none-eabi/16.1.0/thumb/v6-m/nofp/libgcc.a(_udivmoddi4.o)
                              /usr/lib/gcc/arm-none-eabi/16.1.0/thumb/v6-m/nofp/libgcc.a(_aeabi_uldivmod.o) (__udivmoddi4)
/usr/lib/gcc/arm-none-eabi/16.1.0/thumb/v6-m/nofp/libgcc.a(divsf3.o)
                              ./build/obj/chameleon-i2c2-vcc-pmos/weight_b45b8a79.o (__aeabi_fdiv)
/usr/lib/gcc/arm-none-eabi/16.1.0/thumb/v6-m/nofp/libgcc.a(eqsf2.o)
                              /usr/lib/gcc/arm-none-eabi/16.1.0/thumb/v6-m/nofp/libgcc.a(_arm_cmpsf2.o) (__eqsf2)
/usr/lib/gcc/arm-none-eabi/16.1.0/thumb/v6-m/nofp/libgcc.a(gesf2.o)
                              /usr/lib/gcc/arm-none-eabi/16.1.0/thumb/v6-m/nofp/libgcc.a(_arm_cmpsf2.o) (__gesf2)
/usr/lib/gcc/arm-none-eabi/16.1.0/thumb/v6-m/nofp/libgcc.a(lesf2.o)
                              /usr/lib/gcc/arm-none-eabi/16.1.0/thumb/v6-m/nofp/libgcc.a(_arm_cmpsf2.o) (__lesf2)
/usr/lib/gcc/arm-none-eabi/16.1.0/thumb/v6-m/nofp/libgcc.a(mulsf3.o)
                              ./build/obj/chameleon-i2c2-vcc-pmos/main_47d3d071.o (__aeabi_fmul)
/usr/lib/gcc/arm-none-eabi/16.1.0/thumb/v6-m/nofp/libgcc.a(subsf3.o)
                              ./build/obj/chameleon-i2c2-vcc-pmos/RegionCommon_2f44c7de.o (__aeabi_fsub)
/usr/lib/gcc/arm-none-eabi/16.1.0/thumb/v6-m/nofp/libgcc.a(fixsfsi.o)
                              ./build/obj/chameleon-i2c2-vcc-pmos/weight_b45b8a79.o (__aeabi_f2iz)
/usr/lib/gcc/arm-none-eabi/16.1.0/thumb/v6-m/nofp/libgcc.a(floatsisf.o)
                              ./build/obj/chameleon-i2c2-vcc-pmos/weight_b45b8a79.o (__aeabi_i2f)
/usr/lib/gcc/arm-none-eabi/16.1.0/thumb/v6-m/nofp/libgcc.a(floatunsisf.o)
                              ./build/obj/chameleon-i2c2-vcc-pmos/bh1750_d36a6ef9.o (__aeabi_ui2f)
/usr/lib/gcc/arm-none-eabi/16.1.0/thumb/v6-m/nofp/libgcc.a(adddf3.o)
                              ./build/obj/chameleon-i2c2-vcc-pmos/sx1276_174cd5fd.o (__aeabi_dadd)
/usr/lib/gcc/arm-none-eabi/16.1.0/thumb/v6-m/nofp/libgcc.a(divdf3.o)
                              ./build/obj/chameleon-i2c2-vcc-pmos/sx1276_174cd5fd.o (__aeabi_ddiv)
/usr/lib/gcc/arm-none-eabi/16.1.0/thumb/v6-m/nofp/libgcc.a(eqdf2.o)
                              /usr/lib/gcc/arm-none-eabi/16.1.0/thumb/v6-m/nofp/libgcc.a(_arm_cmpdf2.o) (__eqdf2)
/usr/lib/gcc/arm-none-eabi/16.1.0/thumb/v6-m/nofp/libgcc.a(gedf2.o)
                              /usr/lib/gcc/arm-none-eabi/16.1.0/thumb/v6-m/nofp/libgcc.a(_arm_cmpdf2.o) (__gedf2)
/usr/lib/gcc/arm-none-eabi/16.1.0/thumb/v6-m/nofp/libgcc.a(ledf2.o)
                              /usr/lib/gcc/arm-none-eabi/16.1.0/thumb/v6-m/nofp/libgcc.a(_arm_cmpdf2.o) (__ledf2)
/usr/lib/gcc/arm-none-eabi/16.1.0/thumb/v6-m/nofp/libgcc.a(muldf3.o)
[...]
Memory Configuration

Name             Origin             Length             Attributes
FLASH            0x08000000         0x00030000         xr
RAM              0x20000000         0x00005000         xrw
*default*        0x00000000         0xffffffff

Linker script and memory map

LOAD /usr/lib/gcc/arm-none-eabi/16.1.0/thumb/v6-m/nofp/crti.o
LOAD /usr/lib/gcc/arm-none-eabi/16.1.0/thumb/v6-m/nofp/crtbegin.o
LOAD /usr/lib/gcc/arm-none-eabi/16.1.0/../../../../arm-none-eabi/lib/thumb/v6-m/nofp/crt0.o
LOAD ./build/obj/chameleon-i2c2-vcc-pmos/startup_stm32l072xx_e5a63952.o
LOAD ./build/obj/chameleon-i2c2-vcc-pmos/flash_eraseprogram_078ea408.o
LOAD ./build/obj/chameleon-i2c2-vcc-pmos/iwdg_f9b75010.o
LOAD ./build/obj/chameleon-i2c2-vcc-pmos/sx1276_174cd5fd.o
LOAD ./build/obj/chameleon-i2c2-vcc-pmos/pwr_out_09116cf3.o
LOAD ./build/obj/chameleon-i2c2-vcc-pmos/gpio_exti_f80a3f3b.o
LOAD ./build/obj/chameleon-i2c2-vcc-pmos/oil_float_a0c282d6.o
LOAD ./build/obj/chameleon-i2c2-vcc-pmos/ds18b20_8a272139.o
LOAD ./build/obj/chameleon-i2c2-vcc-pmos/sht20_78cb122d.o
LOAD ./build/obj/chameleon-i2c2-vcc-pmos/sht31_e71d2731.o
LOAD ./build/obj/chameleon-i2c2-vcc-pmos/bh1750_d36a6ef9.o
LOAD ./build/obj/chameleon-i2c2-vcc-pmos/lidar_lite_v3hp_29c3a030.o
LOAD ./build/obj/chameleon-i2c2-vcc-pmos/tfsensor_f8521127.o
LOAD ./build/obj/chameleon-i2c2-vcc-pmos/ult_3f609183.o
LOAD ./build/obj/chameleon-i2c2-vcc-pmos/weight_b45b8a79.o
LOAD ./build/obj/chameleon-i2c2-vcc-pmos/stm32l0xx_nucleo_36d0a9be.o
LOAD ./build/obj/chameleon-i2c2-vcc-pmos/sx1276mb1las_a2dfe320.o
LOAD ./build/obj/chameleon-i2c2-vcc-pmos/system_stm32l0xx_d1d9d34c.o
LOAD ./build/obj/chameleon-i2c2-vcc-pmos/stm32l0xx_hal_spi_0d710a1d.o
LOAD ./build/obj/chameleon-i2c2-vcc-pmos/stm32l0xx_hal_uart_151166ad.o
LOAD ./build/obj/chameleon-i2c2-vcc-pmos/stm32l0xx_hal_adc_c7549bd9.o
LOAD ./build/obj/chameleon-i2c2-vcc-pmos/stm32l0xx_hal_rcc_5d6cbea2.o
LOAD ./build/obj/chameleon-i2c2-vcc-pmos/stm32l0xx_hal_rcc_ex_717f907f.o
LOAD ./build/obj/chameleon-i2c2-vcc-pmos/stm32l0xx_hal_48c60b3a.o
LOAD ./build/obj/chameleon-i2c2-vcc-pmos/stm32l0xx_hal_cortex_96b83243.o
LOAD ./build/obj/chameleon-i2c2-vcc-pmos/stm32l0xx_hal_gpio_6314eb15.o
LOAD ./build/obj/chameleon-i2c2-vcc-pmos/stm32l0xx_hal_dma_059f8871.o
LOAD ./build/obj/chameleon-i2c2-vcc-pmos/stm32l0xx_hal_pwr_cd42b393.o
LOAD ./build/obj/chameleon-i2c2-vcc-pmos/stm32l0xx_hal_pwr_ex_1298891d.o
LOAD ./build/obj/chameleon-i2c2-vcc-pmos/stm32l0xx_hal_rtc_760a24a3.o
LOAD ./build/obj/chameleon-i2c2-vcc-pmos/stm32l0xx_hal_rtc_ex_dcf355d0.o
LOAD ./build/obj/chameleon-i2c2-vcc-pmos/stm32l0xx_hal_tim_821fd5ef.o
LOAD ./build/obj/chameleon-i2c2-vcc-pmos/stm32l0xx_hal_tim_ex_b8a8c763.o
LOAD ./build/obj/chameleon-i2c2-vcc-pmos/stm32l0xx_hal_adc_ex_38e6fee2.o
LOAD ./build/obj/chameleon-i2c2-vcc-pmos/stm32l0xx_hal_uart_ex_5f0f995d.o
LOAD ./build/obj/chameleon-i2c2-vcc-pmos/stm32l0xx_hal_i2c_d420655c.o
LOAD ./build/obj/chameleon-i2c2-vcc-pmos/stm32l0xx_hal_i2c_ex_a1e58d1b.o
LOAD ./build/obj/chameleon-i2c2-vcc-pmos/stm32l0xx_hal_flash_ex_2521ef03.o
LOAD ./build/obj/chameleon-i2c2-vcc-pmos/stm32l0xx_hal_flash_20ada424.o
LOAD ./build/obj/chameleon-i2c2-vcc-pmos/stm32l0xx_hal_iwdg_16129b01.o
LOAD ./build/obj/chameleon-i2c2-vcc-pmos/bsp_fc5dfbea.o
LOAD ./build/obj/chameleon-i2c2-vcc-pmos/debug_f8cb5e76.o
LOAD ./build/obj/chameleon-i2c2-vcc-pmos/hw_gpio_097d5577.o
LOAD ./build/obj/chameleon-i2c2-vcc-pmos/hw_rtc_40701610.o
LOAD ./build/obj/chameleon-i2c2-vcc-pmos/hw_spi_1d9ffd93.o
LOAD ./build/obj/chameleon-i2c2-vcc-pmos/main_47d3d071.o
LOAD ./build/obj/chameleon-i2c2-vcc-pmos/stm32l0xx_hal_msp_59407185.o
LOAD ./build/obj/chameleon-i2c2-vcc-pmos/stm32l0xx_hw_492d4781.o
LOAD ./build/obj/chameleon-i2c2-vcc-pmos/stm32l0xx_it_b362cb1e.o
LOAD ./build/obj/chameleon-i2c2-vcc-pmos/vcom_81525599.o
LOAD ./build/obj/chameleon-i2c2-vcc-pmos/at_82e457e9.o
LOAD ./build/obj/chameleon-i2c2-vcc-pmos/command_a2f38ca8.o
LOAD ./build/obj/chameleon-i2c2-vcc-pmos/lora_bb201500.o
LOAD ./build/obj/chameleon-i2c2-vcc-pmos/tiny_sscanf_7164f13a.o
LOAD ./build/obj/chameleon-i2c2-vcc-pmos/tiny_vsnprintf_2c952753.o
LOAD ./build/obj/chameleon-i2c2-vcc-pmos/Region_e7cf99a6.o
LOAD ./build/obj/chameleon-i2c2-vcc-pmos/RegionAS923_4ae8236a.o
LOAD ./build/obj/chameleon-i2c2-vcc-pmos/RegionAU915_d811be32.o
LOAD ./build/obj/chameleon-i2c2-vcc-pmos/RegionCN470_56439487.o
LOAD ./build/obj/chameleon-i2c2-vcc-pmos/RegionCN779_04586a81.o
LOAD ./build/obj/chameleon-i2c2-vcc-pmos/RegionCommon_2f44c7de.o
LOAD ./build/obj/chameleon-i2c2-vcc-pmos/RegionEU433_f02a5e49.o
LOAD ./build/obj/chameleon-i2c2-vcc-pmos/RegionEU868_fd21cf6c.o
LOAD ./build/obj/chameleon-i2c2-vcc-pmos/RegionIN865_4b3f076a.o
LOAD ./build/obj/chameleon-i2c2-vcc-pmos/RegionKR920_96d02b25.o
LOAD ./build/obj/chameleon-i2c2-vcc-pmos/RegionUS915_983effa7.o
LOAD ./build/obj/chameleon-i2c2-vcc-pmos/RegionRU864_a0aa9aa7.o
LOAD ./build/obj/chameleon-i2c2-vcc-pmos/RegionKZ865_12f67f7a.o
LOAD ./build/obj/chameleon-i2c2-vcc-pmos/RegionMA869_28b4a04d.o
LOAD ./build/obj/chameleon-i2c2-vcc-pmos/LoRaMac_6eac7497.o
LOAD ./build/obj/chameleon-i2c2-vcc-pmos/LoRaMacCrypto_5c88798c.o
LOAD ./build/obj/chameleon-i2c2-vcc-pmos/lora-test_9d43f367.o
LOAD ./build/obj/chameleon-i2c2-vcc-pmos/delay_69b8651c.o
LOAD ./build/obj/chameleon-i2c2-vcc-pmos/low_power_manager_062ac3e9.o
LOAD ./build/obj/chameleon-i2c2-vcc-pmos/timeServer_ff13a564.o
LOAD ./build/obj/chameleon-i2c2-vcc-pmos/utilities_06cf1bad.o
LOAD ./build/obj/chameleon-i2c2-vcc-pmos/trace_0f7c981b.o
LOAD ./build/obj/chameleon-i2c2-vcc-pmos/queue_53f702e2.o
LOAD ./build/obj/chameleon-i2c2-vcc-pmos/aes_fc1b9773.o
LOAD ./build/obj/chameleon-i2c2-vcc-pmos/cmac_a4bbb0de.o
LOAD ./build/obj/chameleon-i2c2-vcc-pmos/via_chameleon.o
LOAD ./build/obj/chameleon-i2c2-vcc-pmos/chameleon_payload.o
LOAD ./build/obj/chameleon-i2c2-vcc-pmos/chameleon_lsn50_hw.o
START GROUP
LOAD /usr/lib/gcc/arm-none-eabi/16.1.0/thumb/v6-m/nofp/libgcc.a
LOAD /usr/lib/gcc/arm-none-eabi/16.1.0/../../../../arm-none-eabi/lib/thumb/v6-m/nofp/libc_nano.a
END GROUP
START GROUP
LOAD /usr/lib/gcc/arm-none-eabi/16.1.0/thumb/v6-m/nofp/libgcc.a
LOAD /usr/lib/gcc/arm-none-eabi/16.1.0/../../../../arm-none-eabi/lib/thumb/v6-m/nofp/libc_nano.a
LOAD /usr/lib/gcc/arm-none-eabi/16.1.0/../../../../arm-none-eabi/lib/thumb/v6-m/nofp/libnosys.a
END GROUP
START GROUP
LOAD /usr/lib/gcc/arm-none-eabi/16.1.0/thumb/v6-m/nofp/libgcc.a
LOAD /usr/lib/gcc/arm-none-eabi/16.1.0/../../../../arm-none-eabi/lib/thumb/v6-m/nofp/libc_nano.a
LOAD /usr/lib/gcc/arm-none-eabi/16.1.0/../../../../arm-none-eabi/lib/thumb/v6-m/nofp/libnosys.a
END GROUP
LOAD /usr/lib/gcc/arm-none-eabi/16.1.0/thumb/v6-m/nofp/crtend.o
LOAD /usr/lib/gcc/arm-none-eabi/16.1.0/thumb/v6-m/nofp/crtn.o
                0x20005000                        _estack = 0x20005000

.isr_vector     0x08000000       0xc0
                0x08000000                        . = ALIGN (0x4)
 *(.isr_vector)
 .isr_vector    0x08000000       0xc0 ./build/obj/chameleon-i2c2-vcc-pmos/startup_stm32l072xx_e5a63952.o
                0x08000000                g_pfnVectors
                0x080000c0                        . = ALIGN (0x4)

.text           0x080000c0    0x153bc
                0x080000c0                        . = ALIGN (0x4)
 *(.text)
 .text          0x080000c0       0x14 /usr/lib/gcc/arm-none-eabi/16.1.0/thumb/v6-m/nofp/libgcc.a(_thumb1_case_uqi.o)
                0x080000c0                __gnu_thumb1_case_uqi
 .text          0x080000d4       0x14 /usr/lib/gcc/arm-none-eabi/16.1.0/thumb/v6-m/nofp/libgcc.a(_thumb1_case_shi.o)
                0x080000d4                __gnu_thumb1_case_shi
 .text          0x080000e8       0x14 /usr/lib/gcc/arm-none-eabi/16.1.0/thumb/v6-m/nofp/libgcc.a(_thumb1_case_uhi.o)
                0x080000e8                __gnu_thumb1_case_uhi
 .text          0x080000fc       0x8c /usr/lib/gcc/arm-none-eabi/16.1.0/thumb/v6-m/nofp/libgcc.a(_udivsi3.o)
                0x080000fc                __udivsi3
                0x080000fc                __aeabi_uidiv
                0x08000174                __aeabi_uidivmod
 .text          0x08000188       0xa8 /usr/lib/gcc/arm-none-eabi/16.1.0/thumb/v6-m/nofp/libgcc.a(_divsi3.o)
                0x08000188                __aeabi_idiv
                0x08000188                __divsi3
                0x0800021c                __aeabi_idivmod
 .text          0x08000230        0x4 /usr/lib/gcc/arm-none-eabi/16.1.0/thumb/v6-m/nofp/libgcc.a(_dvmd_tls.o)
                0x08000230                __aeabi_ldiv0
                0x08000230                __aeabi_idiv0
 .text          0x08000234       0x7c /usr/lib/gcc/arm-none-eabi/16.1.0/thumb/v6-m/nofp/libgcc.a(_arm_cmpdf2.o)
                0x08000234                __aeabi_cdrcmple
                0x08000244                __aeabi_cdcmple
                0x08000244                __aeabi_cdcmpeq
                0x08000254                __aeabi_dcmpeq
                0x08000260                __aeabi_dcmplt
                0x08000274                __aeabi_dcmple
                0x08000288                __aeabi_dcmpgt
                0x0800029c                __aeabi_dcmpge
 .text          0x080002b0       0x74 /usr/lib/gcc/arm-none-eabi/16.1.0/thumb/v6-m/nofp/libgcc.a(_arm_cmpsf2.o)
                0x080002b0                __aeabi_cfrcmple
                0x080002b8                __aeabi_cfcmple
                0x080002b8                __aeabi_cfcmpeq
                0x080002c8                __aeabi_fcmpeq
                0x080002d4                __aeabi_fcmplt
                0x080002e8                __aeabi_fcmple
                0x080002fc                __aeabi_fcmpgt
                0x08000310                __aeabi_fcmpge
 .text          0x08000324       0x40 /usr/lib/gcc/arm-none-eabi/16.1.0/thumb/v6-m/nofp/libgcc.a(_aeabi_uldivmod.o)
                0x08000324                __aeabi_uldivmod
 .text          0x08000364       0x18 /usr/lib/gcc/arm-none-eabi/16.1.0/thumb/v6-m/nofp/libgcc.a(_lshrdi3.o)
                0x08000364                __aeabi_llsr
                0x08000364                __lshrdi3
 .text          0x0800037c       0x18 /usr/lib/gcc/arm-none-eabi/16.1.0/thumb/v6-m/nofp/libgcc.a(_ashldi3.o)
                0x0800037c                __ashldi3
                0x0800037c                __aeabi_llsl
 .text          0x08000394       0x3c /usr/lib/gcc/arm-none-eabi/16.1.0/thumb/v6-m/nofp/libgcc.a(_clzsi2.o)
                0x08000394                __clzsi2
 .text          0x080003d0       0x18 /usr/lib/gcc/arm-none-eabi/16.1.0/thumb/v6-m/nofp/libgcc.a(_clzdi2.o)
                0x080003d0                __clzdi2
 .text          0x080003e8       0x14 /usr/lib/gcc/arm-none-eabi/16.1.0/../../../../arm-none-eabi/lib/thumb/v6-m/nofp/libc_nano.a(libc_a-strcmp.o)
                0x080003e8                strcmp
 .text          0x080003fc        0xe /usr/lib/gcc/arm-none-eabi/16.1.0/../../../../arm-none-eabi/lib/thumb/v6-m/nofp/libc_nano.a(libc_a-strlen.o)
                0x080003fc                strlen
 *(.text*)
 *fill*         0x0800040a        0x2
 .text.__do_global_dtors_aux
                0x0800040c       0x28 /usr/lib/gcc/arm-none-eabi/16.1.0/thumb/v6-m/nofp/crtbegin.o
 .text.frame_dummy
                0x08000434       0x20 /usr/lib/gcc/arm-none-eabi/16.1.0/thumb/v6-m/nofp/crtbegin.o
 .text.Reset_Handler
                0x08000454       0x50 ./build/obj/chameleon-i2c2-vcc-pmos/startup_stm32l072xx_e5a63952.o
                0x08000454                Reset_Handler
 .text.Default_Handler
                0x080004a4        0x2 ./build/obj/chameleon-i2c2-vcc-pmos/startup_stm32l072xx_e5a63952.o
                0x080004a4                TSC_IRQHandler
                0x080004a4                ADC1_COMP_IRQHandler
                0x080004a4                PVD_IRQHandler
                0x080004a4                I2C1_IRQHandler
                0x080004a4                RCC_CRS_IRQHandler
                0x080004a4                SPI1_IRQHandler
                0x080004a4                TIM6_DAC_IRQHandler
                0x080004a4                I2C2_IRQHandler
                0x080004a4                DMA1_Channel1_IRQHandler
                0x080004a4                USART4_5_IRQHandler
                0x080004a4                Default_Handler
                0x080004a4                TIM22_IRQHandler
                0x080004a4                TIM7_IRQHandler
                0x080004a4                USB_IRQHandler
                0x080004a4                I2C3_IRQHandler
                0x080004a4                SPI2_IRQHandler
                0x080004a4                WWDG_IRQHandler
                0x080004a4                TIM2_IRQHandler
                0x080004a4                DMA1_Channel2_3_IRQHandler
                0x080004a4                USART2_IRQHandler
                0x080004a4                FLASH_IRQHandler
                0x080004a4                LPTIM1_IRQHandler
 *fill*         0x080004a6        0x2
 .text.EEPROM_program
                0x080004a8       0x48 ./build/obj/chameleon-i2c2-vcc-pmos/flash_eraseprogram_078ea408.o
                0x080004a8                EEPROM_program
 .text.FLASH_read
                0x080004f0       0x10 ./build/obj/chameleon-i2c2-vcc-pmos/flash_eraseprogram_078ea408.o
                0x080004f0                FLASH_read
 .text.EEPROM_erase_one_address
                0x08000500       0x30 ./build/obj/chameleon-i2c2-vcc-pmos/flash_eraseprogram_078ea408.o
                0x08000500                EEPROM_erase_one_address
 .text.EEPROM_erase_lora_config
                0x08000530       0x40 ./build/obj/chameleon-i2c2-vcc-pmos/flash_eraseprogram_078ea408.o
                0x08000530                EEPROM_erase_lora_config
 .text.iwdg_init
                0x08000570       0xe8 ./build/obj/chameleon-i2c2-vcc-pmos/iwdg_f9b75010.o
                0x08000570                iwdg_init
 .text.HAL_TIM_IC_CaptureCallback
                0x08000658       0x50 ./build/obj/chameleon-i2c2-vcc-pmos/iwdg_f9b75010.o
                0x08000658                HAL_TIM_IC_CaptureCallback
 .text.TIMER_IRQHandler
                0x080006a8       0x10 ./build/obj/chameleon-i2c2-vcc-pmos/iwdg_f9b75010.o
                0x080006a8                TIMER_IRQHandler
 .text.IWDG_Refresh
                0x080006b8       0x18 ./build/obj/chameleon-i2c2-vcc-pmos/iwdg_f9b75010.o
                0x080006b8                IWDG_Refresh
 .text.GetFskBandwidthRegValue
                0x080006d0       0x2c ./build/obj/chameleon-i2c2-vcc-pmos/sx1276_174cd5fd.o
 .text.SX1276OnDio4Irq
                0x080006fc       0x1c ./build/obj/chameleon-i2c2-vcc-pmos/sx1276_174cd5fd.o
                0x080006fc                SX1276OnDio4Irq
 .text.SX1276BoardInit
                0x08000718        0xc ./build/obj/chameleon-i2c2-vcc-pmos/sx1276_174cd5fd.o
                0x08000718                SX1276BoardInit
 .text.SX1276GetStatus
                0x08000724        0xc ./build/obj/chameleon-i2c2-vcc-pmos/sx1276_174cd5fd.o
                0x08000724                SX1276GetStatus
 .text.SX1276Reset
                0x08000730       0x4c ./build/obj/chameleon-i2c2-vcc-pmos/sx1276_174cd5fd.o
                0x08000730                SX1276Reset
 .text.SX1276WriteBuffer
                0x0800077c       0x3c ./build/obj/chameleon-i2c2-vcc-pmos/sx1276_174cd5fd.o
                0x0800077c                SX1276WriteBuffer
 .text.SX1276Write
                0x080007b8       0x10 ./build/obj/chameleon-i2c2-vcc-pmos/sx1276_174cd5fd.o
                0x080007b8                SX1276Write
 .text.SX1276SetChannel
                0x080007c8       0x54 ./build/obj/chameleon-i2c2-vcc-pmos/sx1276_174cd5fd.o
                0x080007c8                SX1276SetChannel
 .text.SX1276ReadBuffer
                0x0800081c       0x3e ./build/obj/chameleon-i2c2-vcc-pmos/sx1276_174cd5fd.o
                0x0800081c                SX1276ReadBuffer
 .text.SX1276Read
                0x0800085a       0x12 ./build/obj/chameleon-i2c2-vcc-pmos/sx1276_174cd5fd.o
                0x0800085a                SX1276Read
 .text.RxChainCalibration
                0x0800086c       0x98 ./build/obj/chameleon-i2c2-vcc-pmos/sx1276_174cd5fd.o
                0x0800086c                RxChainCalibration
 .text.SX1276GetTimeOnAir
                0x08000904      0x1e0 ./build/obj/chameleon-i2c2-vcc-pmos/sx1276_174cd5fd.o
                0x08000904                SX1276GetTimeOnAir
 .text.SX1276ReadRssi
                0x08000ae4       0x44 ./build/obj/chameleon-i2c2-vcc-pmos/sx1276_174cd5fd.o
                0x08000ae4                SX1276ReadRssi
 .text.SX1276SetOpMode.part.0
                0x08000b28       0x38 ./build/obj/chameleon-i2c2-vcc-pmos/sx1276_174cd5fd.o
 .text.SX1276SetStby
                0x08000b60       0x28 ./build/obj/chameleon-i2c2-vcc-pmos/sx1276_174cd5fd.o
                0x08000b60                SX1276SetStby
 .text.SX1276SetOpMode
                0x08000b88       0x34 ./build/obj/chameleon-i2c2-vcc-pmos/sx1276_174cd5fd.o
                0x08000b88                SX1276SetOpMode
 .text.SX1276SetSleep
                0x08000bbc       0x38 ./build/obj/chameleon-i2c2-vcc-pmos/sx1276_174cd5fd.o
                0x08000bbc                SX1276SetSleep
 .text.SX1276SetRx
                0x08000bf4      0x208 ./build/obj/chameleon-i2c2-vcc-pmos/sx1276_174cd5fd.o
                0x08000bf4                SX1276SetRx
 .text.SX1276SetTx
                0x08000dfc       0xac ./build/obj/chameleon-i2c2-vcc-pmos/sx1276_174cd5fd.o
                0x08000dfc                SX1276SetTx
 .text.SX1276StartCad
                0x08000ea8       0x34 ./build/obj/chameleon-i2c2-vcc-pmos/sx1276_174cd5fd.o
                0x08000ea8                SX1276StartCad
 .text.SX1276SetModem
                0x08000edc       0x6c ./build/obj/chameleon-i2c2-vcc-pmos/sx1276_174cd5fd.o
                0x08000edc                SX1276SetModem
 .text.SX1276Init
                0x08000f48       0x94 ./build/obj/chameleon-i2c2-vcc-pmos/sx1276_174cd5fd.o
                0x08000f48                SX1276Init
 .text.SX1276IsChannelFree
                0x08000fdc       0x48 ./build/obj/chameleon-i2c2-vcc-pmos/sx1276_174cd5fd.o
                0x08000fdc                SX1276IsChannelFree
 .text.SX1276Random
                0x08001024       0x3c ./build/obj/chameleon-i2c2-vcc-pmos/sx1276_174cd5fd.o
                0x08001024                SX1276Random
 .text.SX1276SetRxConfig
                0x08001060      0x31c ./build/obj/chameleon-i2c2-vcc-pmos/sx1276_174cd5fd.o
                0x08001060                SX1276SetRxConfig
 .text.SX1276SetTxConfig
                0x0800137c      0x274 ./build/obj/chameleon-i2c2-vcc-pmos/sx1276_174cd5fd.o
                0x0800137c                SX1276SetTxConfig
 .text.SX1276SetTxContinuousWave
                0x080015f0       0x7c ./build/obj/chameleon-i2c2-vcc-pmos/sx1276_174cd5fd.o
                0x080015f0                SX1276SetTxContinuousWave
 .text.SX1276OnDio2Irq
                0x0800166c       0xc0 ./build/obj/chameleon-i2c2-vcc-pmos/sx1276_174cd5fd.o
                0x0800166c                SX1276OnDio2Irq
 .text.SX1276OnDio3Irq
                0x0800172c       0x54 ./build/obj/chameleon-i2c2-vcc-pmos/sx1276_174cd5fd.o
                0x0800172c                SX1276OnDio3Irq
 .text.SX1276WriteFifo
                0x08001780        0xe ./build/obj/chameleon-i2c2-vcc-pmos/sx1276_174cd5fd.o
                0x08001780                SX1276WriteFifo
 *fill*         0x0800178e        0x2
 .text.SX1276Send
                0x08001790       0xec ./build/obj/chameleon-i2c2-vcc-pmos/sx1276_174cd5fd.o
                0x08001790                SX1276Send
 .text.SX1276ReadFifo
                0x0800187c        0xe ./build/obj/chameleon-i2c2-vcc-pmos/sx1276_174cd5fd.o
                0x0800187c                SX1276ReadFifo
 *fill*         0x0800188a        0x2
 .text.SX1276OnDio0Irq
                0x0800188c      0x2fc ./build/obj/chameleon-i2c2-vcc-pmos/sx1276_174cd5fd.o
                0x0800188c                SX1276OnDio0Irq
 .text.SX1276OnDio1Irq
                0x08001b88      0x110 ./build/obj/chameleon-i2c2-vcc-pmos/sx1276_174cd5fd.o
                0x08001b88                SX1276OnDio1Irq
 .text.SX1276SetMaxPayloadLength
                0x08001c98       0x30 ./build/obj/chameleon-i2c2-vcc-pmos/sx1276_174cd5fd.o
                0x08001c98                SX1276SetMaxPayloadLength
 .text.SX1276SetPublicNetwork
                0x08001cc8       0x24 ./build/obj/chameleon-i2c2-vcc-pmos/sx1276_174cd5fd.o
                0x08001cc8                SX1276SetPublicNetwork
 .text.SX1276OnTimeoutIrq
                0x08001cec       0xc4 ./build/obj/chameleon-i2c2-vcc-pmos/sx1276_174cd5fd.o
                0x08001cec                SX1276OnTimeoutIrq
 .text.SX1276GetRadioWakeUpTime
                0x08001db0       0x14 ./build/obj/chameleon-i2c2-vcc-pmos/sx1276_174cd5fd.o
                0x08001db0                SX1276GetRadioWakeUpTime
 .text.pwr_control_IoInit
                0x08001dc4       0x48 ./build/obj/chameleon-i2c2-vcc-pmos/pwr_out_09116cf3.o
                0x08001dc4                pwr_control_IoInit
 .text.pwr_control_IoDeInit
                0x08001e0c       0x3c ./build/obj/chameleon-i2c2-vcc-pmos/pwr_out_09116cf3.o
                0x08001e0c                pwr_control_IoDeInit
 .text.GPIO_EXTI4_IoInit
                0x08001e48       0x70 ./build/obj/chameleon-i2c2-vcc-pmos/gpio_exti_f80a3f3b.o
                0x08001e48                GPIO_EXTI4_IoInit
 .text.GPIO_EXTI15_IoInit
                0x08001eb8       0x74 ./build/obj/chameleon-i2c2-vcc-pmos/gpio_exti_f80a3f3b.o
                0x08001eb8                GPIO_EXTI15_IoInit
 .text.GPIO_INPUT_IoInit
                0x08001f2c       0x3c ./build/obj/chameleon-i2c2-vcc-pmos/gpio_exti_f80a3f3b.o
                0x08001f2c                GPIO_INPUT_IoInit
 .text.GPIO_INPUT_DeIoInit
                0x08001f68       0x3c ./build/obj/chameleon-i2c2-vcc-pmos/gpio_exti_f80a3f3b.o
                0x08001f68                GPIO_INPUT_DeIoInit
 .text.BSP_oil_float_Init
                0x08001fa4       0x4c ./build/obj/chameleon-i2c2-vcc-pmos/oil_float_a0c282d6.o
                0x08001fa4                BSP_oil_float_Init
 .text.BSP_oil_float_DeInit
                0x08001ff0       0x3c ./build/obj/chameleon-i2c2-vcc-pmos/oil_float_a0c282d6.o
                0x08001ff0                BSP_oil_float_DeInit
 .text.DS18B20_Mode_IPU
                0x0800202c       0x80 ./build/obj/chameleon-i2c2-vcc-pmos/ds18b20_8a272139.o
                0x0800202c                DS18B20_Mode_IPU
 .text.DS18B20_Mode_Out_PP
                0x080020ac       0x84 ./build/obj/chameleon-i2c2-vcc-pmos/ds18b20_8a272139.o
                0x080020ac                DS18B20_Mode_Out_PP
 .text.DS18B20_Rst
                0x08002130       0x68 ./build/obj/chameleon-i2c2-vcc-pmos/ds18b20_8a272139.o
                0x08002130                DS18B20_Rst
 .text.DS18B20_Presence
                0x08002198       0xe8 ./build/obj/chameleon-i2c2-vcc-pmos/ds18b20_8a272139.o
                0x08002198                DS18B20_Presence
 .text.DS18B20_ReadBit
                0x08002280       0x7c ./build/obj/chameleon-i2c2-vcc-pmos/ds18b20_8a272139.o
                0x08002280                DS18B20_ReadBit
 .text.DS18B20_ReadByte
                0x080022fc       0x1e ./build/obj/chameleon-i2c2-vcc-pmos/ds18b20_8a272139.o
                0x080022fc                DS18B20_ReadByte
 *fill*         0x0800231a        0x2
 .text.DS18B20_WriteByte
                0x0800231c       0x90 ./build/obj/chameleon-i2c2-vcc-pmos/ds18b20_8a272139.o
                0x0800231c                DS18B20_WriteByte
 .text.DS18B20_SkipRom
                0x080023ac       0x18 ./build/obj/chameleon-i2c2-vcc-pmos/ds18b20_8a272139.o
                0x080023ac                DS18B20_SkipRom
 .text.DS18B20_Init
                0x080023c4       0x20 ./build/obj/chameleon-i2c2-vcc-pmos/ds18b20_8a272139.o
                0x080023c4                DS18B20_Init
 .text.DS18B20_IoDeInit
                0x080023e4       0x88 ./build/obj/chameleon-i2c2-vcc-pmos/ds18b20_8a272139.o
                0x080023e4                DS18B20_IoDeInit
 .text.crcCalc  0x0800246c       0x32 ./build/obj/chameleon-i2c2-vcc-pmos/ds18b20_8a272139.o
                0x0800246c                crcCalc
 *fill*         0x0800249e        0x2
 .text.DS18B20_GetTemp_SkipRom
                0x080024a0      0x108 ./build/obj/chameleon-i2c2-vcc-pmos/ds18b20_8a272139.o
                0x080024a0                DS18B20_GetTemp_SkipRom
 .text.BSP_lidar_Init
                0x080025a8       0x48 ./build/obj/chameleon-i2c2-vcc-pmos/lidar_lite_v3hp_29c3a030.o
                0x080025a8                BSP_lidar_Init
 .text.waitbusy
                0x080025f0       0x4c ./build/obj/chameleon-i2c2-vcc-pmos/lidar_lite_v3hp_29c3a030.o
                0x080025f0                waitbusy
 .text.LidarLite_init
                0x0800263c       0xa4 ./build/obj/chameleon-i2c2-vcc-pmos/lidar_lite_v3hp_29c3a030.o
                0x0800263c                LidarLite_init
 .text.LidarLite
                0x080026e0       0x8c ./build/obj/chameleon-i2c2-vcc-pmos/lidar_lite_v3hp_29c3a030.o
                0x080026e0                LidarLite
 .text.BSP_tfsensor_Init
                0x0800276c       0x68 ./build/obj/chameleon-i2c2-vcc-pmos/tfsensor_f8521127.o
                0x0800276c                BSP_tfsensor_Init
 .text.check_deceive
                0x080027d4       0x78 ./build/obj/chameleon-i2c2-vcc-pmos/tfsensor_f8521127.o
                0x080027d4                check_deceive
 .text.tfsensor_read_distance
                0x0800284c       0x70 ./build/obj/chameleon-i2c2-vcc-pmos/tfsensor_f8521127.o
                0x0800284c                tfsensor_read_distance
 .text.GPIO_ULT_INPUT_Init
                0x080028bc       0x40 ./build/obj/chameleon-i2c2-vcc-pmos/ult_3f609183.o
                0x080028bc                GPIO_ULT_INPUT_Init
 .text.GPIO_ULT_OUTPUT_Init
                0x080028fc       0x40 ./build/obj/chameleon-i2c2-vcc-pmos/ult_3f609183.o
                0x080028fc                GPIO_ULT_OUTPUT_Init
 .text.GPIO_ULT_INPUT_DeInit
                0x0800293c       0x3c ./build/obj/chameleon-i2c2-vcc-pmos/ult_3f609183.o
                0x0800293c                GPIO_ULT_INPUT_DeInit
 .text.GPIO_ULT_OUTPUT_DeInit
                0x08002978       0x3c ./build/obj/chameleon-i2c2-vcc-pmos/ult_3f609183.o
                0x08002978                GPIO_ULT_OUTPUT_DeInit
 .text.TIM3_Init
                0x080029b4       0x48 ./build/obj/chameleon-i2c2-vcc-pmos/ult_3f609183.o
                0x080029b4                TIM3_Init
 .text.HAL_TIM_PeriodElapsedCallback
                0x080029fc       0x18 ./build/obj/chameleon-i2c2-vcc-pmos/ult_3f609183.o
                0x080029fc                HAL_TIM_PeriodElapsedCallback
 .text.ult_test_temp
                0x08002a14       0xf4 ./build/obj/chameleon-i2c2-vcc-pmos/ult_3f609183.o
                0x08002a14                ult_test_temp
 .text.ADC_Dxpd
                0x08002b08       0x2a ./build/obj/chameleon-i2c2-vcc-pmos/ult_3f609183.o
                0x08002b08                ADC_Dxpd
 .text.ADC_Average
                0x08002b32       0x1c ./build/obj/chameleon-i2c2-vcc-pmos/ult_3f609183.o
                0x08002b32                ADC_Average
 *fill*         0x08002b4e        0x2
 .text.ULT_test
                0x08002b50       0x48 ./build/obj/chameleon-i2c2-vcc-pmos/ult_3f609183.o
                0x08002b50                ULT_test
 .text.WEIGHT_SCK_Init
                0x08002b98       0x4c ./build/obj/chameleon-i2c2-vcc-pmos/weight_b45b8a79.o
                0x08002b98                WEIGHT_SCK_Init
 .text.WEIGHT_DOUT_Init
                0x08002be4       0x38 ./build/obj/chameleon-i2c2-vcc-pmos/weight_b45b8a79.o
                0x08002be4                WEIGHT_DOUT_Init
 .text.WEIGHT_SCK_DeInit
                0x08002c1c       0x3c ./build/obj/chameleon-i2c2-vcc-pmos/weight_b45b8a79.o
                0x08002c1c                WEIGHT_SCK_DeInit
 .text.WEIGHT_DOUT_DeInit
                0x08002c58       0x3c ./build/obj/chameleon-i2c2-vcc-pmos/weight_b45b8a79.o
                0x08002c58                WEIGHT_DOUT_DeInit
 .text.HX711_Read
                0x08002c94       0x84 ./build/obj/chameleon-i2c2-vcc-pmos/weight_b45b8a79.o
                0x08002c94                HX711_Read
 .text.Get_Maopi
                0x08002d18       0x10 ./build/obj/chameleon-i2c2-vcc-pmos/weight_b45b8a79.o
                0x08002d18                Get_Maopi
 .text.Get_Weight
                0x08002d28       0x38 ./build/obj/chameleon-i2c2-vcc-pmos/weight_b45b8a79.o
                0x08002d28                Get_Weight
 .text.SX1276GetWakeTime
                0x08002d60        0x4 ./build/obj/chameleon-i2c2-vcc-pmos/sx1276mb1las_a2dfe320.o
                0x08002d60                SX1276GetWakeTime
 .text.SX1276SetXO
                0x08002d64        0x2 ./build/obj/chameleon-i2c2-vcc-pmos/sx1276mb1las_a2dfe320.o
                0x08002d64                SX1276SetXO
 .text.SX1276CheckRfFrequency
                0x08002d66        0x4 ./build/obj/chameleon-i2c2-vcc-pmos/sx1276mb1las_a2dfe320.o
                0x08002d66                SX1276CheckRfFrequency
 .text.SX1276SetRfTxPower
                0x08002d6a       0x50 ./build/obj/chameleon-i2c2-vcc-pmos/sx1276mb1las_a2dfe320.o
                0x08002d6a                SX1276SetRfTxPower
 *fill*         0x08002dba        0x2
 .text.SX1276IoInit
                0x08002dbc       0x64 ./build/obj/chameleon-i2c2-vcc-pmos/sx1276mb1las_a2dfe320.o
                0x08002dbc                SX1276IoInit
 .text.SX1276IoDeInit
                0x08002e20       0x54 ./build/obj/chameleon-i2c2-vcc-pmos/sx1276mb1las_a2dfe320.o
                0x08002e20                SX1276IoDeInit
 .text.SX1276IoIrqInit
                0x08002e74       0x48 ./build/obj/chameleon-i2c2-vcc-pmos/sx1276mb1las_a2dfe320.o
                0x08002e74                SX1276IoIrqInit
 .text.SX1276AntSwInit
                0x08002ebc       0x34 ./build/obj/chameleon-i2c2-vcc-pmos/sx1276mb1las_a2dfe320.o
 .text.SX1276SetAntSwLowPower
                0x08002ef0       0x40 ./build/obj/chameleon-i2c2-vcc-pmos/sx1276mb1las_a2dfe320.o
                0x08002ef0                SX1276SetAntSwLowPower
 .text.SX1276SetAntSw
                0x08002f30       0x18 ./build/obj/chameleon-i2c2-vcc-pmos/sx1276mb1las_a2dfe320.o
                0x08002f30                SX1276SetAntSw
 .text.SystemInit
                0x08002f48       0x5c ./build/obj/chameleon-i2c2-vcc-pmos/system_stm32l0xx_d1d9d34c.o
                0x08002f48                SystemInit
 .text.SPI_WaitOnFlagUntilTimeout
                0x08002fa4       0x9c ./build/obj/chameleon-i2c2-vcc-pmos/stm32l0xx_hal_spi_0d710a1d.o
 .text.HAL_SPI_MspInit
                0x08003040        0x2 ./build/obj/chameleon-i2c2-vcc-pmos/stm32l0xx_hal_spi_0d710a1d.o
                0x08003040                HAL_SPI_MspInit
 *fill*         0x08003042        0x2
 .text.HAL_SPI_Init
                0x08003044       0x80 ./build/obj/chameleon-i2c2-vcc-pmos/stm32l0xx_hal_spi_0d710a1d.o
                0x08003044                HAL_SPI_Init
 .text.HAL_SPI_TransmitReceive
                0x080030c4      0x2cc ./build/obj/chameleon-i2c2-vcc-pmos/stm32l0xx_hal_spi_0d710a1d.o
                0x080030c4                HAL_SPI_TransmitReceive
 .text.UART_EndRxTransfer
                0x08003390       0x20 ./build/obj/chameleon-i2c2-vcc-pmos/stm32l0xx_hal_uart_151166ad.o
 .text.HAL_UART_Transmit_IT
                0x080033b0       0x5c ./build/obj/chameleon-i2c2-vcc-pmos/stm32l0xx_hal_uart_151166ad.o
                0x080033b0                HAL_UART_Transmit_IT
 .text.HAL_UART_Receive_IT
                0x0800340c       0xa4 ./build/obj/chameleon-i2c2-vcc-pmos/stm32l0xx_hal_uart_151166ad.o
                0x0800340c                HAL_UART_Receive_IT
 .text.HAL_UART_Transmit_DMA
                0x080034b0       0x8c ./build/obj/chameleon-i2c2-vcc-pmos/stm32l0xx_hal_uart_151166ad.o
                0x080034b0                HAL_UART_Transmit_DMA
 .text.UART_DMATransmitCplt
                0x0800353c       0x34 ./build/obj/chameleon-i2c2-vcc-pmos/stm32l0xx_hal_uart_151166ad.o
 .text.HAL_UART_TxHalfCpltCallback
                0x08003570        0x2 ./build/obj/chameleon-i2c2-vcc-pmos/stm32l0xx_hal_uart_151166ad.o
                0x08003570                HAL_UART_TxHalfCpltCallback
 .text.UART_DMATxHalfCplt
                0x08003572        0xa ./build/obj/chameleon-i2c2-vcc-pmos/stm32l0xx_hal_uart_151166ad.o
 .text.UART_Receive_IT.isra.0
                0x0800357c       0x74 ./build/obj/chameleon-i2c2-vcc-pmos/stm32l0xx_hal_uart_151166ad.o
 .text.HAL_UART_ErrorCallback
                0x080035f0        0x2 ./build/obj/chameleon-i2c2-vcc-pmos/stm32l0xx_hal_uart_151166ad.o
                0x080035f0                HAL_UART_ErrorCallback
 .text.UART_DMAError
                0x080035f2       0x5a ./build/obj/chameleon-i2c2-vcc-pmos/stm32l0xx_hal_uart_151166ad.o
 .text.HAL_UART_IRQHandler
                0x0800364c      0x194 ./build/obj/chameleon-i2c2-vcc-pmos/stm32l0xx_hal_uart_151166ad.o
                0x0800364c                HAL_UART_IRQHandler
 .text.UART_DMAAbortOnError
                0x080037e0       0x16 ./build/obj/chameleon-i2c2-vcc-pmos/stm32l0xx_hal_uart_151166ad.o
 *fill*         0x080037f6        0x2
 .text.UART_SetConfig
                0x080037f8      0x280 ./build/obj/chameleon-i2c2-vcc-pmos/stm32l0xx_hal_uart_151166ad.o
                0x080037f8                UART_SetConfig
 .text.UART_AdvFeatureConfig
                0x08003a78       0xd0 ./build/obj/chameleon-i2c2-vcc-pmos/stm32l0xx_hal_uart_151166ad.o
                0x08003a78                UART_AdvFeatureConfig
 .text.UART_WaitOnFlagUntilTimeout
                0x08003b48       0x64 ./build/obj/chameleon-i2c2-vcc-pmos/stm32l0xx_hal_uart_151166ad.o
                0x08003b48                UART_WaitOnFlagUntilTimeout
 .text.HAL_UART_Transmit
                0x08003bac       0xca ./build/obj/chameleon-i2c2-vcc-pmos/stm32l0xx_hal_uart_151166ad.o
                0x08003bac                HAL_UART_Transmit
 *fill*         0x08003c76        0x2
 .text.UART_CheckIdleState
                0x08003c78       0x64 ./build/obj/chameleon-i2c2-vcc-pmos/stm32l0xx_hal_uart_151166ad.o
                0x08003c78                UART_CheckIdleState
 .text.HAL_UART_Init
                0x08003cdc       0x6c ./build/obj/chameleon-i2c2-vcc-pmos/stm32l0xx_hal_uart_151166ad.o
                0x08003cdc                HAL_UART_Init
 .text.ADC_DelayMicroSecond
                0x08003d48       0x2c ./build/obj/chameleon-i2c2-vcc-pmos/stm32l0xx_hal_adc_c7549bd9.o
 .text.ADC_Enable.constprop.0
                0x08003d74       0x70 ./build/obj/chameleon-i2c2-vcc-pmos/stm32l0xx_hal_adc_c7549bd9.o
 .text.HAL_ADC_MspInit
                0x08003de4        0x2 ./build/obj/chameleon-i2c2-vcc-pmos/stm32l0xx_hal_adc_c7549bd9.o
                0x08003de4                HAL_ADC_MspInit
 *fill*         0x08003de6        0x2
 .text.HAL_ADC_Init
                0x08003de8      0x1a4 ./build/obj/chameleon-i2c2-vcc-pmos/stm32l0xx_hal_adc_c7549bd9.o
                0x08003de8                HAL_ADC_Init
 .text.HAL_ADC_Start
                0x08003f8c       0x58 ./build/obj/chameleon-i2c2-vcc-pmos/stm32l0xx_hal_adc_c7549bd9.o
                0x08003f8c                HAL_ADC_Start
 .text.HAL_ADC_PollForConversion
                0x08003fe4       0xc0 ./build/obj/chameleon-i2c2-vcc-pmos/stm32l0xx_hal_adc_c7549bd9.o
                0x08003fe4                HAL_ADC_PollForConversion
 .text.HAL_ADC_GetValue
                0x080040a4        0x6 ./build/obj/chameleon-i2c2-vcc-pmos/stm32l0xx_hal_adc_c7549bd9.o
                0x080040a4                HAL_ADC_GetValue
 *fill*         0x080040aa        0x2
 .text.HAL_ADC_ConfigChannel
                0x080040ac       0xa8 ./build/obj/chameleon-i2c2-vcc-pmos/stm32l0xx_hal_adc_c7549bd9.o
                0x080040ac                HAL_ADC_ConfigChannel
 .text.RCC_SetFlashLatencyFromMSIRange
                0x08004154       0x74 ./build/obj/chameleon-i2c2-vcc-pmos/stm32l0xx_hal_rcc_5d6cbea2.o
 .text.HAL_RCC_OscConfig
                0x080041c8      0x4e4 ./build/obj/chameleon-i2c2-vcc-pmos/stm32l0xx_hal_rcc_5d6cbea2.o
                0x080041c8                HAL_RCC_OscConfig
 .text.HAL_RCC_GetSysClockFreq
                0x080046ac       0x84 ./build/obj/chameleon-i2c2-vcc-pmos/stm32l0xx_hal_rcc_5d6cbea2.o
                0x080046ac                HAL_RCC_GetSysClockFreq
 .text.HAL_RCC_ClockConfig
                0x08004730      0x170 ./build/obj/chameleon-i2c2-vcc-pmos/stm32l0xx_hal_rcc_5d6cbea2.o
                0x08004730                HAL_RCC_ClockConfig
 .text.HAL_RCC_GetPCLK1Freq
                0x080048a0       0x20 ./build/obj/chameleon-i2c2-vcc-pmos/stm32l0xx_hal_rcc_5d6cbea2.o
                0x080048a0                HAL_RCC_GetPCLK1Freq
 .text.HAL_RCC_GetPCLK2Freq
                0x080048c0       0x20 ./build/obj/chameleon-i2c2-vcc-pmos/stm32l0xx_hal_rcc_5d6cbea2.o
                0x080048c0                HAL_RCC_GetPCLK2Freq
 .text.HAL_RCCEx_PeriphCLKConfig
                0x080048e0      0x1ac ./build/obj/chameleon-i2c2-vcc-pmos/stm32l0xx_hal_rcc_ex_717f907f.o
                0x080048e0                HAL_RCCEx_PeriphCLKConfig
 .text.HAL_RCCEx_GetPeriphCLKFreq
                0x08004a8c      0x1e0 ./build/obj/chameleon-i2c2-vcc-pmos/stm32l0xx_hal_rcc_ex_717f907f.o
                0x08004a8c                HAL_RCCEx_GetPeriphCLKFreq
 .text.HAL_Init
                0x08004c6c       0x20 ./build/obj/chameleon-i2c2-vcc-pmos/stm32l0xx_hal_48c60b3a.o
                0x08004c6c                HAL_Init
 .text.HAL_IncTick
                0x08004c8c       0x10 ./build/obj/chameleon-i2c2-vcc-pmos/stm32l0xx_hal_48c60b3a.o
                0x08004c8c                HAL_IncTick
 .text.HAL_DBGMCU_DisableDBGSleepMode
                0x08004c9c       0x10 ./build/obj/chameleon-i2c2-vcc-pmos/stm32l0xx_hal_48c60b3a.o
                0x08004c9c                HAL_DBGMCU_DisableDBGSleepMode
 .text.HAL_DBGMCU_DisableDBGStopMode
                0x08004cac       0x10 ./build/obj/chameleon-i2c2-vcc-pmos/stm32l0xx_hal_48c60b3a.o
                0x08004cac                HAL_DBGMCU_DisableDBGStopMode
 .text.HAL_DBGMCU_DisableDBGStandbyMode
                0x08004cbc       0x10 ./build/obj/chameleon-i2c2-vcc-pmos/stm32l0xx_hal_48c60b3a.o
                0x08004cbc                HAL_DBGMCU_DisableDBGStandbyMode
 .text.HAL_NVIC_SetPriority
                0x08004ccc       0x50 ./build/obj/chameleon-i2c2-vcc-pmos/stm32l0xx_hal_cortex_96b83243.o
                0x08004ccc                HAL_NVIC_SetPriority
 .text.HAL_NVIC_EnableIRQ
                0x08004d1c       0x14 ./build/obj/chameleon-i2c2-vcc-pmos/stm32l0xx_hal_cortex_96b83243.o
                0x08004d1c                HAL_NVIC_EnableIRQ
 .text.HAL_NVIC_DisableIRQ
                0x08004d30       0x14 ./build/obj/chameleon-i2c2-vcc-pmos/stm32l0xx_hal_cortex_96b83243.o
                0x08004d30                HAL_NVIC_DisableIRQ
 .text.HAL_GPIO_Init
                0x08004d44      0x178 ./build/obj/chameleon-i2c2-vcc-pmos/stm32l0xx_hal_gpio_6314eb15.o
                0x08004d44                HAL_GPIO_Init
 .text.HAL_GPIO_DeInit
                0x08004ebc       0xf8 ./build/obj/chameleon-i2c2-vcc-pmos/stm32l0xx_hal_gpio_6314eb15.o
                0x08004ebc                HAL_GPIO_DeInit
 .text.HAL_GPIO_ReadPin
                0x08004fb4        0xc ./build/obj/chameleon-i2c2-vcc-pmos/stm32l0xx_hal_gpio_6314eb15.o
                0x08004fb4                HAL_GPIO_ReadPin
 .text.HAL_GPIO_WritePin
                0x08004fc0        0xc ./build/obj/chameleon-i2c2-vcc-pmos/stm32l0xx_hal_gpio_6314eb15.o
                0x08004fc0                HAL_GPIO_WritePin
 .text.HAL_GPIO_EXTI_IRQHandler
                0x08004fcc       0x18 ./build/obj/chameleon-i2c2-vcc-pmos/stm32l0xx_hal_gpio_6314eb15.o
                0x08004fcc                HAL_GPIO_EXTI_IRQHandler
 .text.HAL_DMA_Init
                0x08004fe4      0x12c ./build/obj/chameleon-i2c2-vcc-pmos/stm32l0xx_hal_dma_059f8871.o
                0x08004fe4                HAL_DMA_Init
 .text.HAL_DMA_Start_IT
                0x08005110       0x56 ./build/obj/chameleon-i2c2-vcc-pmos/stm32l0xx_hal_dma_059f8871.o
                0x08005110                HAL_DMA_Start_IT
 *fill*         0x08005166        0x2
 .text.HAL_DMA_Abort_IT
                0x08005168       0xa4 ./build/obj/chameleon-i2c2-vcc-pmos/stm32l0xx_hal_dma_059f8871.o
                0x08005168                HAL_DMA_Abort_IT
 .text.HAL_DMA_IRQHandler
                0x0800520c      0x288 ./build/obj/chameleon-i2c2-vcc-pmos/stm32l0xx_hal_dma_059f8871.o
                0x0800520c                HAL_DMA_IRQHandler
 .text.HAL_PWR_DisablePVD
                0x08005494       0x10 ./build/obj/chameleon-i2c2-vcc-pmos/stm32l0xx_hal_pwr_cd42b393.o
                0x08005494                HAL_PWR_DisablePVD
 .text.HAL_PWR_EnterSLEEPMode
                0x080054a4       0x30 ./build/obj/chameleon-i2c2-vcc-pmos/stm32l0xx_hal_pwr_cd42b393.o
                0x080054a4                HAL_PWR_EnterSLEEPMode
 .text.HAL_PWR_EnterSTOPMode
                0x080054d4       0x38 ./build/obj/chameleon-i2c2-vcc-pmos/stm32l0xx_hal_pwr_cd42b393.o
                0x080054d4                HAL_PWR_EnterSTOPMode
 .text.HAL_PWREx_EnableFastWakeUp
                0x0800550c       0x14 ./build/obj/chameleon-i2c2-vcc-pmos/stm32l0xx_hal_pwr_ex_1298891d.o
                0x0800550c                HAL_PWREx_EnableFastWakeUp
 .text.HAL_PWREx_EnableUltraLowPower
                0x08005520       0x14 ./build/obj/chameleon-i2c2-vcc-pmos/stm32l0xx_hal_pwr_ex_1298891d.o
                0x08005520                HAL_PWREx_EnableUltraLowPower
 .text.HAL_RTC_DeactivateAlarm
                0x08005534       0xd0 ./build/obj/chameleon-i2c2-vcc-pmos/stm32l0xx_hal_rtc_760a24a3.o
                0x08005534                HAL_RTC_DeactivateAlarm
 .text.HAL_RTC_WaitForSynchro
                0x08005604       0x34 ./build/obj/chameleon-i2c2-vcc-pmos/stm32l0xx_hal_rtc_760a24a3.o
                0x08005604                HAL_RTC_WaitForSynchro
 .text.RTC_EnterInitMode
                0x08005638       0x38 ./build/obj/chameleon-i2c2-vcc-pmos/stm32l0xx_hal_rtc_760a24a3.o
                0x08005638                RTC_EnterInitMode
 .text.HAL_RTC_Init
                0x08005670       0x90 ./build/obj/chameleon-i2c2-vcc-pmos/stm32l0xx_hal_rtc_760a24a3.o
                0x08005670                HAL_RTC_Init
 .text.RTC_ByteToBcd2
                0x08005700       0x16 ./build/obj/chameleon-i2c2-vcc-pmos/stm32l0xx_hal_rtc_760a24a3.o
                0x08005700                RTC_ByteToBcd2
 *fill*         0x08005716        0x2
 .text.HAL_RTC_SetTime
                0x08005718      0x10c ./build/obj/chameleon-i2c2-vcc-pmos/stm32l0xx_hal_rtc_760a24a3.o
                0x08005718                HAL_RTC_SetTime
 .text.HAL_RTC_SetDate
                0x08005824       0xe4 ./build/obj/chameleon-i2c2-vcc-pmos/stm32l0xx_hal_rtc_760a24a3.o
                0x08005824                HAL_RTC_SetDate
 .text.HAL_RTC_SetAlarm_IT
                0x08005908      0x1a8 ./build/obj/chameleon-i2c2-vcc-pmos/stm32l0xx_hal_rtc_760a24a3.o
                0x08005908                HAL_RTC_SetAlarm_IT
 .text.RTC_Bcd2ToByte
                0x08005ab0       0x10 ./build/obj/chameleon-i2c2-vcc-pmos/stm32l0xx_hal_rtc_760a24a3.o
                0x08005ab0                RTC_Bcd2ToByte
 .text.HAL_RTC_GetTime
                0x08005ac0       0x50 ./build/obj/chameleon-i2c2-vcc-pmos/stm32l0xx_hal_rtc_760a24a3.o
                0x08005ac0                HAL_RTC_GetTime
 .text.HAL_RTC_GetDate
                0x08005b10       0x44 ./build/obj/chameleon-i2c2-vcc-pmos/stm32l0xx_hal_rtc_760a24a3.o
                0x08005b10                HAL_RTC_GetDate
 .text.HAL_RTCEx_EnableBypassShadow
                0x08005b54       0x34 ./build/obj/chameleon-i2c2-vcc-pmos/stm32l0xx_hal_rtc_ex_dcf355d0.o
                0x08005b54                HAL_RTCEx_EnableBypassShadow
 .text.TIM_Base_SetConfig
                0x08005b88       0x68 ./build/obj/chameleon-i2c2-vcc-pmos/stm32l0xx_hal_tim_821fd5ef.o
 .text.TIM_TI1_SetConfig
                0x08005bf0       0x5c ./build/obj/chameleon-i2c2-vcc-pmos/stm32l0xx_hal_tim_821fd5ef.o
 .text.TIM_CCxChannelCmd
                0x08005c4c       0x16 ./build/obj/chameleon-i2c2-vcc-pmos/stm32l0xx_hal_tim_821fd5ef.o
 .text.HAL_TIM_Base_MspInit
                0x08005c62        0x2 ./build/obj/chameleon-i2c2-vcc-pmos/stm32l0xx_hal_tim_821fd5ef.o
                0x08005c62                HAL_TIM_Base_MspInit
 .text.HAL_TIM_Base_Init
                0x08005c64       0x34 ./build/obj/chameleon-i2c2-vcc-pmos/stm32l0xx_hal_tim_821fd5ef.o
                0x08005c64                HAL_TIM_Base_Init
 .text.HAL_TIM_Base_Start_IT
                0x08005c98       0x14 ./build/obj/chameleon-i2c2-vcc-pmos/stm32l0xx_hal_tim_821fd5ef.o
                0x08005c98                HAL_TIM_Base_Start_IT
 .text.HAL_TIM_Base_Stop_IT
                0x08005cac       0x20 ./build/obj/chameleon-i2c2-vcc-pmos/stm32l0xx_hal_tim_821fd5ef.o
                0x08005cac                HAL_TIM_Base_Stop_IT
 .text.HAL_TIM_OC_Start_IT
                0x08005ccc       0x40 ./build/obj/chameleon-i2c2-vcc-pmos/stm32l0xx_hal_tim_821fd5ef.o
                0x08005ccc                HAL_TIM_OC_Start_IT
 .text.HAL_TIM_OC_Stop_IT
                0x08005d0c       0x4c ./build/obj/chameleon-i2c2-vcc-pmos/stm32l0xx_hal_tim_821fd5ef.o
                0x08005d0c                HAL_TIM_OC_Stop_IT
 .text.HAL_TIM_IC_Init
                0x08005d58       0x34 ./build/obj/chameleon-i2c2-vcc-pmos/stm32l0xx_hal_tim_821fd5ef.o
                0x08005d58                HAL_TIM_IC_Init
 .text.HAL_TIM_IC_MspDeInit
                0x08005d8c        0x2 ./build/obj/chameleon-i2c2-vcc-pmos/stm32l0xx_hal_tim_821fd5ef.o
                0x08005d8c                HAL_TIM_IC_MspDeInit
 *fill*         0x08005d8e        0x2
 .text.HAL_TIM_IC_DeInit
                0x08005d90       0x34 ./build/obj/chameleon-i2c2-vcc-pmos/stm32l0xx_hal_tim_821fd5ef.o
                0x08005d90                HAL_TIM_IC_DeInit
 .text.HAL_TIM_IC_Start_IT
                0x08005dc4        0xa ./build/obj/chameleon-i2c2-vcc-pmos/stm32l0xx_hal_tim_821fd5ef.o
                0x08005dc4                HAL_TIM_IC_Start_IT
 .text.HAL_TIM_IC_Stop_IT
                0x08005dce        0xa ./build/obj/chameleon-i2c2-vcc-pmos/stm32l0xx_hal_tim_821fd5ef.o
                0x08005dce                HAL_TIM_IC_Stop_IT
 .text.HAL_TIM_IC_ConfigChannel
                0x08005dd8      0x138 ./build/obj/chameleon-i2c2-vcc-pmos/stm32l0xx_hal_tim_821fd5ef.o
                0x08005dd8                HAL_TIM_IC_ConfigChannel
 .text.HAL_TIM_ReadCapturedValue
                0x08005f10       0x42 ./build/obj/chameleon-i2c2-vcc-pmos/stm32l0xx_hal_tim_821fd5ef.o
                0x08005f10                HAL_TIM_ReadCapturedValue
 .text.HAL_TIM_OC_DelayElapsedCallback
                0x08005f52        0x2 ./build/obj/chameleon-i2c2-vcc-pmos/stm32l0xx_hal_tim_821fd5ef.o
                0x08005f52                HAL_TIM_OC_DelayElapsedCallback
 .text.HAL_TIM_PWM_PulseFinishedCallback
                0x08005f54        0x2 ./build/obj/chameleon-i2c2-vcc-pmos/stm32l0xx_hal_tim_821fd5ef.o
                0x08005f54                HAL_TIM_PWM_PulseFinishedCallback
 .text.HAL_TIM_TriggerCallback
                0x08005f56        0x2 ./build/obj/chameleon-i2c2-vcc-pmos/stm32l0xx_hal_tim_821fd5ef.o
                0x08005f56                HAL_TIM_TriggerCallback
 .text.HAL_TIM_IRQHandler
                0x08005f58      0x110 ./build/obj/chameleon-i2c2-vcc-pmos/stm32l0xx_hal_tim_821fd5ef.o
                0x08005f58                HAL_TIM_IRQHandler
 .text.HAL_TIMEx_RemapConfig
                0x08006068       0x20 ./build/obj/chameleon-i2c2-vcc-pmos/stm32l0xx_hal_tim_ex_b8a8c763.o
                0x08006068                HAL_TIMEx_RemapConfig
 .text.HAL_ADCEx_Calibration_Start
                0x08006088       0xa0 ./build/obj/chameleon-i2c2-vcc-pmos/stm32l0xx_hal_adc_ex_38e6fee2.o
                0x08006088                HAL_ADCEx_Calibration_Start
 .text.HAL_UARTEx_StopModeWakeUpSourceConfig
                0x08006128       0x90 ./build/obj/chameleon-i2c2-vcc-pmos/stm32l0xx_hal_uart_ex_5f0f995d.o
                0x08006128                HAL_UARTEx_StopModeWakeUpSourceConfig
 .text.HAL_UARTEx_EnableStopMode
                0x080061b8       0x2c ./build/obj/chameleon-i2c2-vcc-pmos/stm32l0xx_hal_uart_ex_5f0f995d.o
                0x080061b8                HAL_UARTEx_EnableStopMode
 .text.HAL_UARTEx_WakeupCallback
                0x080061e4        0x2 ./build/obj/chameleon-i2c2-vcc-pmos/stm32l0xx_hal_uart_ex_5f0f995d.o
                0x080061e4                HAL_UARTEx_WakeupCallback
 .text.I2C_Flush_TXDR
                0x080061e6       0x1c ./build/obj/chameleon-i2c2-vcc-pmos/stm32l0xx_hal_i2c_d420655c.o
 *fill*         0x08006202        0x2
 .text.I2C_TransferConfig
                0x08006204       0x24 ./build/obj/chameleon-i2c2-vcc-pmos/stm32l0xx_hal_i2c_d420655c.o
 .text.I2C_WaitOnFlagUntilTimeout
                0x08006228       0x4c ./build/obj/chameleon-i2c2-vcc-pmos/stm32l0xx_hal_i2c_d420655c.o
 .text.I2C_IsAcknowledgeFailed
                0x08006274       0x80 ./build/obj/chameleon-i2c2-vcc-pmos/stm32l0xx_hal_i2c_d420655c.o
 .text.I2C_WaitOnTXISFlagUntilTimeout
                0x080062f4       0x5a ./build/obj/chameleon-i2c2-vcc-pmos/stm32l0xx_hal_i2c_d420655c.o
 .text.I2C_RequestMemoryWrite
                0x0800634e       0x74 ./build/obj/chameleon-i2c2-vcc-pmos/stm32l0xx_hal_i2c_d420655c.o
 .text.I2C_RequestMemoryRead
                0x080063c2       0x72 ./build/obj/chameleon-i2c2-vcc-pmos/stm32l0xx_hal_i2c_d420655c.o
 .text.I2C_WaitOnSTOPFlagUntilTimeout
                0x08006434       0x56 ./build/obj/chameleon-i2c2-vcc-pmos/stm32l0xx_hal_i2c_d420655c.o
 *fill*         0x0800648a        0x2
 .text.I2C_TransferConfig.constprop.0
                0x0800648c       0x24 ./build/obj/chameleon-i2c2-vcc-pmos/stm32l0xx_hal_i2c_d420655c.o
 .text.HAL_I2C_Init
                0x080064b0       0xac ./build/obj/chameleon-i2c2-vcc-pmos/stm32l0xx_hal_i2c_d420655c.o
                0x080064b0                HAL_I2C_Init
 .text.HAL_I2C_DeInit
                0x0800655c       0x34 ./build/obj/chameleon-i2c2-vcc-pmos/stm32l0xx_hal_i2c_d420655c.o
                0x0800655c                HAL_I2C_DeInit
 .text.HAL_I2C_Master_Transmit
                0x08006590      0x124 ./build/obj/chameleon-i2c2-vcc-pmos/stm32l0xx_hal_i2c_d420655c.o
                0x08006590                HAL_I2C_Master_Transmit
 .text.HAL_I2C_Mem_Write
                0x080066b4      0x178 ./build/obj/chameleon-i2c2-vcc-pmos/stm32l0xx_hal_i2c_d420655c.o
                0x080066b4                HAL_I2C_Mem_Write
 .text.HAL_I2C_Mem_Read
                0x0800682c      0x184 ./build/obj/chameleon-i2c2-vcc-pmos/stm32l0xx_hal_i2c_d420655c.o
                0x0800682c                HAL_I2C_Mem_Read
 .text.HAL_I2C_IsDeviceReady
                0x080069b0      0x130 ./build/obj/chameleon-i2c2-vcc-pmos/stm32l0xx_hal_i2c_d420655c.o
                0x080069b0                HAL_I2C_IsDeviceReady
 .text.HAL_I2C_GetError
                0x08006ae0        0x4 ./build/obj/chameleon-i2c2-vcc-pmos/stm32l0xx_hal_i2c_d420655c.o
                0x08006ae0                HAL_I2C_GetError
 .text.HAL_I2CEx_ConfigAnalogFilter
                0x08006ae4       0x48 ./build/obj/chameleon-i2c2-vcc-pmos/stm32l0xx_hal_i2c_ex_a1e58d1b.o
                0x08006ae4                HAL_I2CEx_ConfigAnalogFilter
 .text.HAL_FLASHEx_DATAEEPROM_Unlock
                0x08006b2c       0x24 ./build/obj/chameleon-i2c2-vcc-pmos/stm32l0xx_hal_flash_ex_2521ef03.o
                0x08006b2c                HAL_FLASHEx_DATAEEPROM_Unlock
 .text.HAL_FLASHEx_DATAEEPROM_Lock
                0x08006b50       0x14 ./build/obj/chameleon-i2c2-vcc-pmos/stm32l0xx_hal_flash_ex_2521ef03.o
                0x08006b50                HAL_FLASHEx_DATAEEPROM_Lock
 .text.HAL_FLASHEx_DATAEEPROM_Erase
                0x08006b64       0x24 ./build/obj/chameleon-i2c2-vcc-pmos/stm32l0xx_hal_flash_ex_2521ef03.o
                0x08006b64                HAL_FLASHEx_DATAEEPROM_Erase
 .text.HAL_FLASHEx_DATAEEPROM_Program
                0x08006b88       0x50 ./build/obj/chameleon-i2c2-vcc-pmos/stm32l0xx_hal_flash_ex_2521ef03.o
                0x08006b88                HAL_FLASHEx_DATAEEPROM_Program
 .text.FLASH_SetErrorCode
                0x08006bd8       0xac ./build/obj/chameleon-i2c2-vcc-pmos/stm32l0xx_hal_flash_20ada424.o
 .text.FLASH_WaitForLastOperation
                0x08006c84       0x74 ./build/obj/chameleon-i2c2-vcc-pmos/stm32l0xx_hal_flash_20ada424.o
                0x08006c84                FLASH_WaitForLastOperation
 .text.HAL_IWDG_Init
                0x08006cf8       0x58 ./build/obj/chameleon-i2c2-vcc-pmos/stm32l0xx_hal_iwdg_16129b01.o
                0x08006cf8                HAL_IWDG_Init
 .text.HAL_IWDG_Refresh
                0x08006d50       0x10 ./build/obj/chameleon-i2c2-vcc-pmos/stm32l0xx_hal_iwdg_16129b01.o
                0x08006d50                HAL_IWDG_Refresh
 .text.bsp_chameleon_last_sample
                0x08006d60        0x8 ./build/obj/chameleon-i2c2-vcc-pmos/bsp_fc5dfbea.o
                0x08006d60                bsp_chameleon_last_sample
 .text.Device_status
                0x08006d68       0x4c ./build/obj/chameleon-i2c2-vcc-pmos/bsp_fc5dfbea.o
                0x08006d68                Device_status
 .text.HAL_I2C_MspInit
                0x08006db4       0xc4 ./build/obj/chameleon-i2c2-vcc-pmos/bsp_fc5dfbea.o
                0x08006db4                HAL_I2C_MspInit
 .text.BSP_sensor_Read
                0x08006e78      0x60c ./build/obj/chameleon-i2c2-vcc-pmos/bsp_fc5dfbea.o
                0x08006e78                BSP_sensor_Read
 .text.HAL_I2C_MspDeInit
                0x08007484       0x64 ./build/obj/chameleon-i2c2-vcc-pmos/bsp_fc5dfbea.o
                0x08007484                HAL_I2C_MspDeInit
 .text.BSP_sensor_Init
                0x080074e8      0x168 ./build/obj/chameleon-i2c2-vcc-pmos/bsp_fc5dfbea.o
                0x080074e8                BSP_sensor_Init
 .text.DBG_Init
                0x08007650       0x64 ./build/obj/chameleon-i2c2-vcc-pmos/debug_f8cb5e76.o
                0x08007650                DBG_Init
 .text.Error_Handler
                0x080076b4        0x2 ./build/obj/chameleon-i2c2-vcc-pmos/debug_f8cb5e76.o
                0x080076b4                Error_Handler
 *fill*         0x080076b6        0x2
 .text.HW_GPIO_GetBitPos
                0x080076b8       0x38 ./build/obj/chameleon-i2c2-vcc-pmos/hw_gpio_097d5577.o
 .text.HW_GPIO_Init
                0x080076f0       0x98 ./build/obj/chameleon-i2c2-vcc-pmos/hw_gpio_097d5577.o
                0x080076f0                HW_GPIO_Init
 .text.HW_GPIO_SetIrq
                0x08007788       0x34 ./build/obj/chameleon-i2c2-vcc-pmos/hw_gpio_097d5577.o
                0x08007788                HW_GPIO_SetIrq
 .text.HW_GPIO_IrqHandler
                0x080077bc       0x18 ./build/obj/chameleon-i2c2-vcc-pmos/hw_gpio_097d5577.o
                0x080077bc                HW_GPIO_IrqHandler
 .text.HW_GPIO_Write
                0x080077d4        0xa ./build/obj/chameleon-i2c2-vcc-pmos/hw_gpio_097d5577.o
                0x080077d4                HW_GPIO_Write
 *fill*         0x080077de        0x2
 .text.HW_RTC_GetCalendarValue
                0x080077e0       0xa4 ./build/obj/chameleon-i2c2-vcc-pmos/hw_rtc_40701610.o
 .text.HW_RTC_GetMinimumTimeout
                0x08007884        0x4 ./build/obj/chameleon-i2c2-vcc-pmos/hw_rtc_40701610.o
                0x08007884                HW_RTC_GetMinimumTimeout
 .text.HW_RTC_ms2Tick
                0x08007888       0x10 ./build/obj/chameleon-i2c2-vcc-pmos/hw_rtc_40701610.o
                0x08007888                HW_RTC_ms2Tick
 .text.HW_RTC_Tick2ms
                0x08007898       0x14 ./build/obj/chameleon-i2c2-vcc-pmos/hw_rtc_40701610.o
                0x08007898                HW_RTC_Tick2ms
 .text.HW_RTC_GetTimerElapsedTime
                0x080078ac       0x18 ./build/obj/chameleon-i2c2-vcc-pmos/hw_rtc_40701610.o
                0x080078ac                HW_RTC_GetTimerElapsedTime
 .text.HW_RTC_GetTimerValue
                0x080078c4        0xe ./build/obj/chameleon-i2c2-vcc-pmos/hw_rtc_40701610.o
                0x080078c4                HW_RTC_GetTimerValue
 *fill*         0x080078d2        0x2
 .text.HW_RTC_StopAlarm
                0x080078d4       0x24 ./build/obj/chameleon-i2c2-vcc-pmos/hw_rtc_40701610.o
                0x080078d4                HW_RTC_StopAlarm
 .text.HW_RTC_SetAlarm
                0x080078f8      0x148 ./build/obj/chameleon-i2c2-vcc-pmos/hw_rtc_40701610.o
                0x080078f8                HW_RTC_SetAlarm
 .text.HW_RTC_IrqHandler
                0x08007a40       0x40 ./build/obj/chameleon-i2c2-vcc-pmos/hw_rtc_40701610.o
                0x08007a40                HW_RTC_IrqHandler
 .text.HW_RTC_DelayMs
                0x08007a80       0x26 ./build/obj/chameleon-i2c2-vcc-pmos/hw_rtc_40701610.o
                0x08007a80                HW_RTC_DelayMs
 *fill*         0x08007aa6        0x2
 .text.HW_RTC_SetTimerContext
                0x08007aa8       0x1c ./build/obj/chameleon-i2c2-vcc-pmos/hw_rtc_40701610.o
                0x08007aa8                HW_RTC_SetTimerContext
 .text.HW_RTC_Init
                0x08007ac4       0x78 ./build/obj/chameleon-i2c2-vcc-pmos/hw_rtc_40701610.o
                0x08007ac4                HW_RTC_Init
 .text.HW_RTC_GetTimerContext
                0x08007b3c        0xc ./build/obj/chameleon-i2c2-vcc-pmos/hw_rtc_40701610.o
                0x08007b3c                HW_RTC_GetTimerContext
 .text.HW_SPI_IoInit
                0x08007b48       0x62 ./build/obj/chameleon-i2c2-vcc-pmos/hw_spi_1d9ffd93.o
                0x08007b48                HW_SPI_IoInit
 *fill*         0x08007baa        0x2
 .text.HW_SPI_Init
                0x08007bac       0x80 ./build/obj/chameleon-i2c2-vcc-pmos/hw_spi_1d9ffd93.o
                0x08007bac                HW_SPI_Init
 .text.HW_SPI_IoDeInit
                0x08007c2c       0x84 ./build/obj/chameleon-i2c2-vcc-pmos/hw_spi_1d9ffd93.o
                0x08007c2c                HW_SPI_IoDeInit
 .text.HW_SPI_InOut
                0x08007cb0       0x28 ./build/obj/chameleon-i2c2-vcc-pmos/hw_spi_1d9ffd93.o
                0x08007cb0                HW_SPI_InOut
 .text.OnTxTimerEvent
                0x08007cd8       0x40 ./build/obj/chameleon-i2c2-vcc-pmos/main_47d3d071.o
 .text.OnIWDGRefreshTimeoutEvent
                0x08007d18       0x24 ./build/obj/chameleon-i2c2-vcc-pmos/main_47d3d071.o
 .text.OnNetworkJoinedLedEvent
                0x08007d3c       0x28 ./build/obj/chameleon-i2c2-vcc-pmos/main_47d3d071.o
 .text.UnconfirmedUplinkChangeToConfirmedUplinkTimeoutEvent
                0x08007d64       0x18 ./build/obj/chameleon-i2c2-vcc-pmos/main_47d3d071.o
 .text.OnReJoinTimerEvent
                0x08007d7c       0x18 ./build/obj/chameleon-i2c2-vcc-pmos/main_47d3d071.o
 .text.LORA_ConfirmClass
                0x08007d94       0x28 ./build/obj/chameleon-i2c2-vcc-pmos/main_47d3d071.o
 .text.OnDownlinkDetectTimeoutEvent
                0x08007dbc       0x20 ./build/obj/chameleon-i2c2-vcc-pmos/main_47d3d071.o
 .text.LORA_RxData
                0x08007ddc      0x630 ./build/obj/chameleon-i2c2-vcc-pmos/main_47d3d071.o
 .text.OnTxTimerEvent2
                0x0800840c       0xd4 ./build/obj/chameleon-i2c2-vcc-pmos/main_47d3d071.o
 .text.LORA_HasJoined
                0x080084e0       0x88 ./build/obj/chameleon-i2c2-vcc-pmos/main_47d3d071.o
 .text.startup.main
                0x08008568      0xc74 ./build/obj/chameleon-i2c2-vcc-pmos/main_47d3d071.o
                0x08008568                main
 .text.HAL_InitTick
                0x080091dc        0x4 ./build/obj/chameleon-i2c2-vcc-pmos/stm32l0xx_hal_msp_59407185.o
                0x080091dc                HAL_InitTick
 .text.HAL_Delay
                0x080091e0        0xc ./build/obj/chameleon-i2c2-vcc-pmos/stm32l0xx_hal_msp_59407185.o
                0x080091e0                HAL_Delay
 .text.HAL_GetTick
                0x080091ec       0x20 ./build/obj/chameleon-i2c2-vcc-pmos/stm32l0xx_hal_msp_59407185.o
                0x080091ec                HAL_GetTick
 .text.HAL_RTC_TimebaseReady
                0x0800920c        0xc ./build/obj/chameleon-i2c2-vcc-pmos/stm32l0xx_hal_msp_59407185.o
                0x0800920c                HAL_RTC_TimebaseReady
 .text.HAL_MspInit
                0x08009218       0x30 ./build/obj/chameleon-i2c2-vcc-pmos/stm32l0xx_hal_msp_59407185.o
                0x08009218                HAL_MspInit
 .text.HAL_RTC_MspInit
                0x08009248       0x5c ./build/obj/chameleon-i2c2-vcc-pmos/stm32l0xx_hal_msp_59407185.o
                0x08009248                HAL_RTC_MspInit
 .text.HAL_RTC_AlarmAEventCallback
                0x080092a4        0x8 ./build/obj/chameleon-i2c2-vcc-pmos/stm32l0xx_hal_msp_59407185.o
                0x080092a4                HAL_RTC_AlarmAEventCallback
 .text.HAL_GPIO_EXTI_Callback
                0x080092ac        0x8 ./build/obj/chameleon-i2c2-vcc-pmos/stm32l0xx_hal_msp_59407185.o
                0x080092ac                HAL_GPIO_EXTI_Callback
 .text.HAL_TIM_IC_MspInit
                0x080092b4       0x20 ./build/obj/chameleon-i2c2-vcc-pmos/stm32l0xx_hal_msp_59407185.o
                0x080092b4                HAL_TIM_IC_MspInit
 .text.MSP_GetIRQn
                0x080092d4       0x20 ./build/obj/chameleon-i2c2-vcc-pmos/stm32l0xx_hal_msp_59407185.o
                0x080092d4                MSP_GetIRQn
 .text.SystemClock_Config
                0x080092f4       0x98 ./build/obj/chameleon-i2c2-vcc-pmos/stm32l0xx_hw_492d4781.o
                0x080092f4                SystemClock_Config
 .text.HW_GetRandomSeed
                0x0800938c       0x20 ./build/obj/chameleon-i2c2-vcc-pmos/stm32l0xx_hw_492d4781.o
                0x0800938c                HW_GetRandomSeed
 .text.HW_GetUniqueId
                0x080093ac       0x54 ./build/obj/chameleon-i2c2-vcc-pmos/stm32l0xx_hw_492d4781.o
                0x080093ac                HW_GetUniqueId
 .text.HW_AdcInit
                0x08009400       0x5c ./build/obj/chameleon-i2c2-vcc-pmos/stm32l0xx_hw_492d4781.o
                0x08009400                HW_AdcInit
 .text.HW_Init  0x0800945c       0x3c ./build/obj/chameleon-i2c2-vcc-pmos/stm32l0xx_hw_492d4781.o
                0x0800945c                HW_Init
 .text.HW_AdcReadChannel
                0x08009498       0xc4 ./build/obj/chameleon-i2c2-vcc-pmos/stm32l0xx_hw_492d4781.o
                0x08009498                HW_AdcReadChannel
 .text.HW_GetTemperatureLevel
                0x0800955c       0x64 ./build/obj/chameleon-i2c2-vcc-pmos/stm32l0xx_hw_492d4781.o
                0x0800955c                HW_GetTemperatureLevel
 .text.HW_GetBatteryLevel
                0x080095c0       0x64 ./build/obj/chameleon-i2c2-vcc-pmos/stm32l0xx_hw_492d4781.o
                0x080095c0                HW_GetBatteryLevel
 .text.LPM_EnterStopMode
                0x08009624       0x38 ./build/obj/chameleon-i2c2-vcc-pmos/stm32l0xx_hw_492d4781.o
                0x08009624                LPM_EnterStopMode
 .text.LPM_ExitStopMode
                0x0800965c       0x5c ./build/obj/chameleon-i2c2-vcc-pmos/stm32l0xx_hw_492d4781.o
                0x0800965c                LPM_ExitStopMode
 .text.LPM_EnterSleepMode
                0x080096b8        0xc ./build/obj/chameleon-i2c2-vcc-pmos/stm32l0xx_hw_492d4781.o
                0x080096b8                LPM_EnterSleepMode
 .text.NMI_Handler
                0x080096c4        0x2 ./build/obj/chameleon-i2c2-vcc-pmos/stm32l0xx_it_b362cb1e.o
                0x080096c4                NMI_Handler
 .text.HardFault_Handler
                0x080096c6        0x4 ./build/obj/chameleon-i2c2-vcc-pmos/stm32l0xx_it_b362cb1e.o
                0x080096c6                HardFault_Handler
 .text.SVC_Handler
                0x080096ca        0x2 ./build/obj/chameleon-i2c2-vcc-pmos/stm32l0xx_it_b362cb1e.o
                0x080096ca                SVC_Handler
 .text.PendSV_Handler
                0x080096cc        0x2 ./build/obj/chameleon-i2c2-vcc-pmos/stm32l0xx_it_b362cb1e.o
                0x080096cc                PendSV_Handler
 .text.SysTick_Handler
                0x080096ce        0x8 ./build/obj/chameleon-i2c2-vcc-pmos/stm32l0xx_it_b362cb1e.o
                0x080096ce                SysTick_Handler
 .text.USART1_IRQHandler
                0x080096d6        0x8 ./build/obj/chameleon-i2c2-vcc-pmos/stm32l0xx_it_b362cb1e.o
                0x080096d6                USART1_IRQHandler
 .text.RNG_LPUART1_IRQHandler
                0x080096de        0x8 ./build/obj/chameleon-i2c2-vcc-pmos/stm32l0xx_it_b362cb1e.o
                0x080096de                RNG_LPUART1_IRQHandler
 .text.DMA1_Channel4_5_6_7_IRQHandler
                0x080096e6        0x8 ./build/obj/chameleon-i2c2-vcc-pmos/stm32l0xx_it_b362cb1e.o
                0x080096e6                DMA1_Channel4_5_6_7_IRQHandler
 .text.RTC_IRQHandler
                0x080096ee        0x8 ./build/obj/chameleon-i2c2-vcc-pmos/stm32l0xx_it_b362cb1e.o
                0x080096ee                RTC_IRQHandler
 .text.EXTI0_1_IRQHandler
                0x080096f6       0x10 ./build/obj/chameleon-i2c2-vcc-pmos/stm32l0xx_it_b362cb1e.o
                0x080096f6                EXTI0_1_IRQHandler
 .text.EXTI2_3_IRQHandler
                0x08009706       0x10 ./build/obj/chameleon-i2c2-vcc-pmos/stm32l0xx_it_b362cb1e.o
                0x08009706                EXTI2_3_IRQHandler
 *fill*         0x08009716        0x2
 .text.EXTI4_15_IRQHandler
                0x08009718      0x108 ./build/obj/chameleon-i2c2-vcc-pmos/stm32l0xx_it_b362cb1e.o
                0x08009718                EXTI4_15_IRQHandler
 .text.TIM21_IRQHandler
                0x08009820        0x8 ./build/obj/chameleon-i2c2-vcc-pmos/stm32l0xx_it_b362cb1e.o
                0x08009820                TIM21_IRQHandler
 .text.TIM3_IRQHandler
                0x08009828       0x10 ./build/obj/chameleon-i2c2-vcc-pmos/stm32l0xx_it_b362cb1e.o
                0x08009828                TIM3_IRQHandler
 .text.vcom_Init
                0x08009838       0x3c ./build/obj/chameleon-i2c2-vcc-pmos/vcom_81525599.o
                0x08009838                vcom_Init
 .text.vcom_Trace
                0x08009874       0x14 ./build/obj/chameleon-i2c2-vcc-pmos/vcom_81525599.o
                0x08009874                vcom_Trace
 .text.HAL_UART_TxCpltCallback
                0x08009888       0x14 ./build/obj/chameleon-i2c2-vcc-pmos/vcom_81525599.o
                0x08009888                HAL_UART_TxCpltCallback
 .text.vcom_ReceiveInit
                0x0800989c       0x30 ./build/obj/chameleon-i2c2-vcc-pmos/vcom_81525599.o
                0x0800989c                vcom_ReceiveInit
 .text.HAL_UART_RxCpltCallback
                0x080098cc       0xc0 ./build/obj/chameleon-i2c2-vcc-pmos/vcom_81525599.o
                0x080098cc                HAL_UART_RxCpltCallback
 .text.vcom_DMA_TX_IRQHandler
                0x0800998c       0x10 ./build/obj/chameleon-i2c2-vcc-pmos/vcom_81525599.o
                0x0800998c                vcom_DMA_TX_IRQHandler
 .text.vcom_IRQHandler
                0x0800999c       0x10 ./build/obj/chameleon-i2c2-vcc-pmos/vcom_81525599.o
                0x0800999c                vcom_IRQHandler
 .text.tfmini_uart_IRQHandler
                0x080099ac       0x10 ./build/obj/chameleon-i2c2-vcc-pmos/vcom_81525599.o
                0x080099ac                tfmini_uart_IRQHandler
 .text.vcom_IoInit
                0x080099bc       0x5c ./build/obj/chameleon-i2c2-vcc-pmos/vcom_81525599.o
                0x080099bc                vcom_IoInit
 .text.uart1_init_uart1
                0x08009a18       0x34 ./build/obj/chameleon-i2c2-vcc-pmos/vcom_81525599.o
                0x08009a18                uart1_init_uart1
 .text.uart1_IoInit
                0x08009a4c       0x54 ./build/obj/chameleon-i2c2-vcc-pmos/vcom_81525599.o
                0x08009a4c                uart1_IoInit
 .text.uart1_IoDeInit
                0x08009aa0       0x4c ./build/obj/chameleon-i2c2-vcc-pmos/vcom_81525599.o
                0x08009aa0                uart1_IoDeInit
 .text.HAL_UART_MspInit
                0x08009aec       0xe8 ./build/obj/chameleon-i2c2-vcc-pmos/vcom_81525599.o
                0x08009aec                HAL_UART_MspInit
 .text.at_tfmini_data_receive
                0x08009bd4       0xc8 ./build/obj/chameleon-i2c2-vcc-pmos/vcom_81525599.o
                0x08009bd4                at_tfmini_data_receive
 .text.translate_status
                0x08009c9c       0x14 ./build/obj/chameleon-i2c2-vcc-pmos/at_82e457e9.o
 .text.print_8_02x
                0x08009cb0       0x34 ./build/obj/chameleon-i2c2-vcc-pmos/at_82e457e9.o
 .text.print_16_02x
                0x08009ce4       0x54 ./build/obj/chameleon-i2c2-vcc-pmos/at_82e457e9.o
 .text.print_d  0x08009d38       0x18 ./build/obj/chameleon-i2c2-vcc-pmos/at_82e457e9.o
 .text.print_u  0x08009d50       0x18 ./build/obj/chameleon-i2c2-vcc-pmos/at_82e457e9.o
 .text.changeform
                0x08009d68       0x8c ./build/obj/chameleon-i2c2-vcc-pmos/at_82e457e9.o
 .text.sscanf_uint32_as_hhx.part.0
                0x08009df4       0x28 ./build/obj/chameleon-i2c2-vcc-pmos/at_82e457e9.o
 .text.sscanf_16_hhx.constprop.0
                0x08009e1c       0x20 ./build/obj/chameleon-i2c2-vcc-pmos/at_82e457e9.o
 .text.sscanf_16_hhx.part.0.isra.0
                0x08009e3c       0x50 ./build/obj/chameleon-i2c2-vcc-pmos/at_82e457e9.o
 .text.set_at_receive
                0x08009e8c       0x24 ./build/obj/chameleon-i2c2-vcc-pmos/at_82e457e9.o
                0x08009e8c                set_at_receive
 .text.at_return_error
                0x08009eb0        0x4 ./build/obj/chameleon-i2c2-vcc-pmos/at_82e457e9.o
                0x08009eb0                at_return_error
 .text.at_reset
                0x08009eb4       0x1c ./build/obj/chameleon-i2c2-vcc-pmos/at_82e457e9.o
                0x08009eb4                at_reset
 .text.at_DEBUG_run
                0x08009ed0       0x20 ./build/obj/chameleon-i2c2-vcc-pmos/at_82e457e9.o
                0x08009ed0                at_DEBUG_run
 .text.at_FDR   0x08009ef0       0x40 ./build/obj/chameleon-i2c2-vcc-pmos/at_82e457e9.o
                0x08009ef0                at_FDR
 .text.at_DevEUI_get
                0x08009f30        0xe ./build/obj/chameleon-i2c2-vcc-pmos/at_82e457e9.o
                0x08009f30                at_DevEUI_get
 *fill*         0x08009f3e        0x2
 .text.at_DevEUI_set
                0x08009f40       0x64 ./build/obj/chameleon-i2c2-vcc-pmos/at_82e457e9.o
                0x08009f40                at_DevEUI_set
 .text.at_AppEUI_get
                0x08009fa4        0xe ./build/obj/chameleon-i2c2-vcc-pmos/at_82e457e9.o
                0x08009fa4                at_AppEUI_get
 *fill*         0x08009fb2        0x2
 .text.at_AppEUI_set
                0x08009fb4       0x64 ./build/obj/chameleon-i2c2-vcc-pmos/at_82e457e9.o
                0x08009fb4                at_AppEUI_set
 .text.at_DevAddr_set
                0x0800a018       0x3c ./build/obj/chameleon-i2c2-vcc-pmos/at_82e457e9.o
                0x0800a018                at_DevAddr_set
 .text.at_DevAddr_get
                0x0800a054        0xa ./build/obj/chameleon-i2c2-vcc-pmos/at_82e457e9.o
                0x0800a054                at_DevAddr_get
 .text.at_AppKey_get
                0x0800a05e        0xe ./build/obj/chameleon-i2c2-vcc-pmos/at_82e457e9.o
                0x0800a05e                at_AppKey_get
 .text.at_AppKey_set
                0x0800a06c       0x22 ./build/obj/chameleon-i2c2-vcc-pmos/at_82e457e9.o
                0x0800a06c                at_AppKey_set
 .text.at_NwkSKey_get
                0x0800a08e        0xe ./build/obj/chameleon-i2c2-vcc-pmos/at_82e457e9.o
                0x0800a08e                at_NwkSKey_get
 .text.at_NwkSKey_set
                0x0800a09c       0x22 ./build/obj/chameleon-i2c2-vcc-pmos/at_82e457e9.o
                0x0800a09c                at_NwkSKey_set
 .text.at_AppSKey_get
                0x0800a0be        0xe ./build/obj/chameleon-i2c2-vcc-pmos/at_82e457e9.o
                0x0800a0be                at_AppSKey_get
 .text.at_AppSKey_set
                0x0800a0cc       0x22 ./build/obj/chameleon-i2c2-vcc-pmos/at_82e457e9.o
                0x0800a0cc                at_AppSKey_set
 .text.at_ADR_get
                0x0800a0ee       0x24 ./build/obj/chameleon-i2c2-vcc-pmos/at_82e457e9.o
                0x0800a0ee                at_ADR_get
 .text.at_ADR_set
                0x0800a112       0x26 ./build/obj/chameleon-i2c2-vcc-pmos/at_82e457e9.o
                0x0800a112                at_ADR_set
 .text.at_TransmitPower_get
                0x0800a138       0x26 ./build/obj/chameleon-i2c2-vcc-pmos/at_82e457e9.o
                0x0800a138                at_TransmitPower_get
 *fill*         0x0800a15e        0x2
 .text.at_TransmitPower_set
                0x0800a160       0x3c ./build/obj/chameleon-i2c2-vcc-pmos/at_82e457e9.o
                0x0800a160                at_TransmitPower_set
 .text.at_DataRate_get
                0x0800a19c       0x26 ./build/obj/chameleon-i2c2-vcc-pmos/at_82e457e9.o
                0x0800a19c                at_DataRate_get
 *fill*         0x0800a1c2        0x2
 .text.at_DataRate_set
                0x0800a1c4       0x3c ./build/obj/chameleon-i2c2-vcc-pmos/at_82e457e9.o
                0x0800a1c4                at_DataRate_set
 .text.at_DutyCycle_set
                0x0800a200       0x1c ./build/obj/chameleon-i2c2-vcc-pmos/at_82e457e9.o
                0x0800a200                at_DutyCycle_set
 .text.at_DutyCycle_get
                0x0800a21c       0x2c ./build/obj/chameleon-i2c2-vcc-pmos/at_82e457e9.o
                0x0800a21c                at_DutyCycle_get
 .text.at_PublicNetwork_get
                0x0800a248       0x24 ./build/obj/chameleon-i2c2-vcc-pmos/at_82e457e9.o
                0x0800a248                at_PublicNetwork_get
 .text.at_PublicNetwork_set
                0x0800a26c       0x26 ./build/obj/chameleon-i2c2-vcc-pmos/at_82e457e9.o
                0x0800a26c                at_PublicNetwork_set
 .text.at_Rx2Frequency_get
                0x0800a292       0x22 ./build/obj/chameleon-i2c2-vcc-pmos/at_82e457e9.o
                0x0800a292                at_Rx2Frequency_get
 .text.at_Rx2Frequency_set
                0x0800a2b4       0x3c ./build/obj/chameleon-i2c2-vcc-pmos/at_82e457e9.o
                0x0800a2b4                at_Rx2Frequency_set
 .text.at_Rx2DataRate_get
                0x0800a2f0       0x24 ./build/obj/chameleon-i2c2-vcc-pmos/at_82e457e9.o
                0x0800a2f0                at_Rx2DataRate_get
 .text.at_Rx2DataRate_set
                0x0800a314       0x44 ./build/obj/chameleon-i2c2-vcc-pmos/at_82e457e9.o
                0x0800a314                at_Rx2DataRate_set
 .text.at_Rx1Delay_get
                0x0800a358       0x22 ./build/obj/chameleon-i2c2-vcc-pmos/at_82e457e9.o
                0x0800a358                at_Rx1Delay_get
 *fill*         0x0800a37a        0x2
 .text.at_Rx1Delay_set
                0x0800a37c       0x2c ./build/obj/chameleon-i2c2-vcc-pmos/at_82e457e9.o
                0x0800a37c                at_Rx1Delay_set
 .text.at_Rx2Delay_get
                0x0800a3a8       0x22 ./build/obj/chameleon-i2c2-vcc-pmos/at_82e457e9.o
                0x0800a3a8                at_Rx2Delay_get
 *fill*         0x0800a3ca        0x2
 .text.at_Rx2Delay_set
                0x0800a3cc       0x2c ./build/obj/chameleon-i2c2-vcc-pmos/at_82e457e9.o
                0x0800a3cc                at_Rx2Delay_set
 .text.at_JoinAcceptDelay1_get
                0x0800a3f8       0x22 ./build/obj/chameleon-i2c2-vcc-pmos/at_82e457e9.o
                0x0800a3f8                at_JoinAcceptDelay1_get
 *fill*         0x0800a41a        0x2
 .text.at_JoinAcceptDelay1_set
                0x0800a41c       0x3c ./build/obj/chameleon-i2c2-vcc-pmos/at_82e457e9.o
                0x0800a41c                at_JoinAcceptDelay1_set
 .text.at_JoinAcceptDelay2_get
                0x0800a458       0x22 ./build/obj/chameleon-i2c2-vcc-pmos/at_82e457e9.o
                0x0800a458                at_JoinAcceptDelay2_get
 *fill*         0x0800a47a        0x2
 .text.at_JoinAcceptDelay2_set
                0x0800a47c       0x3c ./build/obj/chameleon-i2c2-vcc-pmos/at_82e457e9.o
                0x0800a47c                at_JoinAcceptDelay2_set
 .text.at_NetworkJoinMode_get
                0x0800a4b8       0x14 ./build/obj/chameleon-i2c2-vcc-pmos/at_82e457e9.o
                0x0800a4b8                at_NetworkJoinMode_get
 .text.at_NetworkJoinMode_set
                0x0800a4cc       0x28 ./build/obj/chameleon-i2c2-vcc-pmos/at_82e457e9.o
                0x0800a4cc                at_NetworkJoinMode_set
 .text.at_NetworkID_get
                0x0800a4f4       0x44 ./build/obj/chameleon-i2c2-vcc-pmos/at_82e457e9.o
                0x0800a4f4                at_NetworkID_get
 .text.at_NetworkID_set
                0x0800a538       0x44 ./build/obj/chameleon-i2c2-vcc-pmos/at_82e457e9.o
                0x0800a538                at_NetworkID_set
 .text.at_UplinkCounter_get
                0x0800a57c       0x22 ./build/obj/chameleon-i2c2-vcc-pmos/at_82e457e9.o
                0x0800a57c                at_UplinkCounter_get
 *fill*         0x0800a59e        0x2
 .text.at_UplinkCounter_set
                0x0800a5a0       0x2c ./build/obj/chameleon-i2c2-vcc-pmos/at_82e457e9.o
                0x0800a5a0                at_UplinkCounter_set
 .text.at_DownlinkCounter_get
                0x0800a5cc       0x22 ./build/obj/chameleon-i2c2-vcc-pmos/at_82e457e9.o
                0x0800a5cc                at_DownlinkCounter_get
 *fill*         0x0800a5ee        0x2
 .text.at_DownlinkCounter_set
                0x0800a5f0       0x2c ./build/obj/chameleon-i2c2-vcc-pmos/at_82e457e9.o
                0x0800a5f0                at_DownlinkCounter_set
 .text.at_DeviceClass_get
                0x0800a61c       0x30 ./build/obj/chameleon-i2c2-vcc-pmos/at_82e457e9.o
                0x0800a61c                at_DeviceClass_get
 .text.at_DeviceClass_set
                0x0800a64c       0x38 ./build/obj/chameleon-i2c2-vcc-pmos/at_82e457e9.o
                0x0800a64c                at_DeviceClass_set
 .text.at_Join  0x0800a684        0xa ./build/obj/chameleon-i2c2-vcc-pmos/at_82e457e9.o
                0x0800a684                at_Join
 .text.at_NetworkJoinStatus
                0x0800a68e       0x22 ./build/obj/chameleon-i2c2-vcc-pmos/at_82e457e9.o
                0x0800a68e                at_NetworkJoinStatus
 .text.at_SendBinary
                0x0800a6b0       0xa0 ./build/obj/chameleon-i2c2-vcc-pmos/at_82e457e9.o
                0x0800a6b0                at_SendBinary
 .text.at_Send  0x0800a750       0x78 ./build/obj/chameleon-i2c2-vcc-pmos/at_82e457e9.o
                0x0800a750                at_Send
 .text.at_ReceiveBinary
                0x0800a7c8       0x54 ./build/obj/chameleon-i2c2-vcc-pmos/at_82e457e9.o
                0x0800a7c8                at_ReceiveBinary
 .text.at_Receive
                0x0800a81c       0x4c ./build/obj/chameleon-i2c2-vcc-pmos/at_82e457e9.o
                0x0800a81c                at_Receive
 .text.at_RJTDC_set
                0x0800a868       0x3c ./build/obj/chameleon-i2c2-vcc-pmos/at_82e457e9.o
                0x0800a868                at_RJTDC_set
 .text.at_RJTDC_get
                0x0800a8a4       0x14 ./build/obj/chameleon-i2c2-vcc-pmos/at_82e457e9.o
                0x0800a8a4                at_RJTDC_get
 .text.at_RPL_set
                0x0800a8b8       0x3c ./build/obj/chameleon-i2c2-vcc-pmos/at_82e457e9.o
                0x0800a8b8                at_RPL_set
 .text.at_RPL_get
                0x0800a8f4       0x14 ./build/obj/chameleon-i2c2-vcc-pmos/at_82e457e9.o
                0x0800a8f4                at_RPL_get
 .text.at_version_get
                0x0800a908       0x18 ./build/obj/chameleon-i2c2-vcc-pmos/at_82e457e9.o
                0x0800a908                at_version_get
 .text.at_ack_set
                0x0800a920       0x94 ./build/obj/chameleon-i2c2-vcc-pmos/at_82e457e9.o
                0x0800a920                at_ack_set
 .text.at_ack_get
                0x0800a9b4       0x28 ./build/obj/chameleon-i2c2-vcc-pmos/at_82e457e9.o
                0x0800a9b4                at_ack_get
 .text.at_isack_get
                0x0800a9dc       0x14 ./build/obj/chameleon-i2c2-vcc-pmos/at_82e457e9.o
                0x0800a9dc                at_isack_get
 .text.at_snr_get
                0x0800a9f0        0xe ./build/obj/chameleon-i2c2-vcc-pmos/at_82e457e9.o
                0x0800a9f0                at_snr_get
 .text.at_rssi_get
                0x0800a9fe        0xe ./build/obj/chameleon-i2c2-vcc-pmos/at_82e457e9.o
                0x0800a9fe                at_rssi_get
 .text.at_CFG_run
                0x0800aa0c       0xd8 ./build/obj/chameleon-i2c2-vcc-pmos/at_82e457e9.o
                0x0800aa0c                at_CFG_run
 .text.at_TDC_set
                0x0800aae4       0x44 ./build/obj/chameleon-i2c2-vcc-pmos/at_82e457e9.o
                0x0800aae4                at_TDC_set
 .text.at_TDC_get
                0x0800ab28       0x14 ./build/obj/chameleon-i2c2-vcc-pmos/at_82e457e9.o
                0x0800ab28                at_TDC_get
 .text.at_application_port_set
                0x0800ab3c       0x28 ./build/obj/chameleon-i2c2-vcc-pmos/at_82e457e9.o
                0x0800ab3c                at_application_port_set
 .text.at_application_port_get
                0x0800ab64        0xe ./build/obj/chameleon-i2c2-vcc-pmos/at_82e457e9.o
                0x0800ab64                at_application_port_get
 *fill*         0x0800ab72        0x2
 .text.at_CHS_set
                0x0800ab74       0x38 ./build/obj/chameleon-i2c2-vcc-pmos/at_82e457e9.o
                0x0800ab74                at_CHS_set
 .text.at_CHS_get
                0x0800abac        0xe ./build/obj/chameleon-i2c2-vcc-pmos/at_82e457e9.o
                0x0800abac                at_CHS_get
 *fill*         0x0800abba        0x2
 .text.at_symbtimeout1LSB_get
                0x0800abbc       0x14 ./build/obj/chameleon-i2c2-vcc-pmos/at_82e457e9.o
                0x0800abbc                at_symbtimeout1LSB_get
 .text.at_symbtimeout1LSB_set
                0x0800abd0       0x30 ./build/obj/chameleon-i2c2-vcc-pmos/at_82e457e9.o
                0x0800abd0                at_symbtimeout1LSB_set
 .text.at_symbtimeout2LSB_get
                0x0800ac00       0x14 ./build/obj/chameleon-i2c2-vcc-pmos/at_82e457e9.o
                0x0800ac00                at_symbtimeout2LSB_get
 .text.at_symbtimeout2LSB_set
                0x0800ac14       0x30 ./build/obj/chameleon-i2c2-vcc-pmos/at_82e457e9.o
                0x0800ac14                at_symbtimeout2LSB_set
 .text.at_decrypt_set
                0x0800ac44       0x2c ./build/obj/chameleon-i2c2-vcc-pmos/at_82e457e9.o
                0x0800ac44                at_decrypt_set
 .text.at_decrypt_get
                0x0800ac70       0x1c ./build/obj/chameleon-i2c2-vcc-pmos/at_82e457e9.o
                0x0800ac70                at_decrypt_get
 .text.at_MOD_set
                0x0800ac8c       0x48 ./build/obj/chameleon-i2c2-vcc-pmos/at_82e457e9.o
                0x0800ac8c                at_MOD_set
 .text.at_MOD_get
                0x0800acd4       0x14 ./build/obj/chameleon-i2c2-vcc-pmos/at_82e457e9.o
                0x0800acd4                at_MOD_get
 .text.at_INTMOD1_set
                0x0800ace8       0x3c ./build/obj/chameleon-i2c2-vcc-pmos/at_82e457e9.o
                0x0800ace8                at_INTMOD1_set
 .text.at_INTMOD1_get
                0x0800ad24       0x14 ./build/obj/chameleon-i2c2-vcc-pmos/at_82e457e9.o
                0x0800ad24                at_INTMOD1_get
 .text.at_INTMOD2_set
                0x0800ad38       0x40 ./build/obj/chameleon-i2c2-vcc-pmos/at_82e457e9.o
                0x0800ad38                at_INTMOD2_set
 .text.at_INTMOD2_get
                0x0800ad78       0x14 ./build/obj/chameleon-i2c2-vcc-pmos/at_82e457e9.o
                0x0800ad78                at_INTMOD2_get
 .text.at_INTMOD3_set
                0x0800ad8c       0x40 ./build/obj/chameleon-i2c2-vcc-pmos/at_82e457e9.o
                0x0800ad8c                at_INTMOD3_set
 .text.at_INTMOD3_get
                0x0800adcc       0x14 ./build/obj/chameleon-i2c2-vcc-pmos/at_82e457e9.o
                0x0800adcc                at_INTMOD3_get
 .text.at_weight_GapValue_set
                0x0800ade0       0x64 ./build/obj/chameleon-i2c2-vcc-pmos/at_82e457e9.o
                0x0800ade0                at_weight_GapValue_set
 .text.at_weight_GapValue_get
                0x0800ae44       0x24 ./build/obj/chameleon-i2c2-vcc-pmos/at_82e457e9.o
                0x0800ae44                at_weight_GapValue_get
 .text.at_5Vtime_set
                0x0800ae68       0x28 ./build/obj/chameleon-i2c2-vcc-pmos/at_82e457e9.o
                0x0800ae68                at_5Vtime_set
 .text.at_5Vtime_get
                0x0800ae90       0x14 ./build/obj/chameleon-i2c2-vcc-pmos/at_82e457e9.o
                0x0800ae90                at_5Vtime_get
 .text.at_SETCNT_set
                0x0800aea4       0x40 ./build/obj/chameleon-i2c2-vcc-pmos/at_82e457e9.o
                0x0800aea4                at_SETCNT_set
 .text.at_getsensorvaule_set
                0x0800aee4       0x50 ./build/obj/chameleon-i2c2-vcc-pmos/at_82e457e9.o
                0x0800aee4                at_getsensorvaule_set
 .text.at_downlink_detect_set
                0x0800af34       0x70 ./build/obj/chameleon-i2c2-vcc-pmos/at_82e457e9.o
                0x0800af34                at_downlink_detect_set
 .text.at_downlink_detect_get
                0x0800afa4       0x2c ./build/obj/chameleon-i2c2-vcc-pmos/at_82e457e9.o
                0x0800afa4                at_downlink_detect_get
 .text.at_setmaxnbtrans_set
                0x0800afd0       0x40 ./build/obj/chameleon-i2c2-vcc-pmos/at_82e457e9.o
                0x0800afd0                at_setmaxnbtrans_set
 .text.at_setmaxnbtrans_get
                0x0800b010       0x24 ./build/obj/chameleon-i2c2-vcc-pmos/at_82e457e9.o
                0x0800b010                at_setmaxnbtrans_get
 .text.at_disdownlinkcheck_set
                0x0800b034       0x30 ./build/obj/chameleon-i2c2-vcc-pmos/at_82e457e9.o
                0x0800b034                at_disdownlinkcheck_set
 .text.at_disdownlinkcheck_get
                0x0800b064       0x1c ./build/obj/chameleon-i2c2-vcc-pmos/at_82e457e9.o
                0x0800b064                at_disdownlinkcheck_get
 .text.at_dismac_answer_set
                0x0800b080       0x30 ./build/obj/chameleon-i2c2-vcc-pmos/at_82e457e9.o
                0x0800b080                at_dismac_answer_set
 .text.at_dismac_answer_get
                0x0800b0b0       0x1c ./build/obj/chameleon-i2c2-vcc-pmos/at_82e457e9.o
                0x0800b0b0                at_dismac_answer_get
 .text.at_rxdata_test
                0x0800b0cc       0x64 ./build/obj/chameleon-i2c2-vcc-pmos/at_82e457e9.o
                0x0800b0cc                at_rxdata_test
 .text.weightreset
                0x0800b130       0x3c ./build/obj/chameleon-i2c2-vcc-pmos/at_82e457e9.o
                0x0800b130                weightreset
 .text.at_weightreset
                0x0800b16c        0xa ./build/obj/chameleon-i2c2-vcc-pmos/at_82e457e9.o
                0x0800b16c                at_weightreset
 *fill*         0x0800b176        0x2
 .text.CMD_GetChar
                0x0800b178       0x20 ./build/obj/chameleon-i2c2-vcc-pmos/command_a2f38ca8.o
 .text.com_error
                0x0800b198       0x24 ./build/obj/chameleon-i2c2-vcc-pmos/command_a2f38ca8.o
 .text.CMD_Init
                0x0800b1bc       0x18 ./build/obj/chameleon-i2c2-vcc-pmos/command_a2f38ca8.o
                0x0800b1bc                CMD_Init
 .text.CMD_Process
                0x0800b1d4      0x218 ./build/obj/chameleon-i2c2-vcc-pmos/command_a2f38ca8.o
                0x0800b1d4                CMD_Process
 .text.printf_all_config
                0x0800b3ec       0x3c ./build/obj/chameleon-i2c2-vcc-pmos/command_a2f38ca8.o
                0x0800b3ec                printf_all_config
 .text.McpsConfirm
                0x0800b428        0x2 ./build/obj/chameleon-i2c2-vcc-pmos/lora_bb201500.o
 *fill*         0x0800b42a        0x2
 .text.MlmeConfirm
                0x0800b42c       0x48 ./build/obj/chameleon-i2c2-vcc-pmos/lora_bb201500.o
 .text.McpsIndication
                0x0800b474       0xa0 ./build/obj/chameleon-i2c2-vcc-pmos/lora_bb201500.o
 .text.customize_freq1_get
                0x0800b514        0xc ./build/obj/chameleon-i2c2-vcc-pmos/lora_bb201500.o
                0x0800b514                customize_freq1_get
 .text.customize_freq1_set
                0x0800b520        0xc ./build/obj/chameleon-i2c2-vcc-pmos/lora_bb201500.o
                0x0800b520                customize_freq1_set
 .text.region_printf
                0x0800b52c       0x14 ./build/obj/chameleon-i2c2-vcc-pmos/lora_bb201500.o
                0x0800b52c                region_printf
 .text.key_printf
                0x0800b540       0x38 ./build/obj/chameleon-i2c2-vcc-pmos/lora_bb201500.o
                0x0800b540                key_printf
 .text.LORA_Join
                0x0800b578       0xb8 ./build/obj/chameleon-i2c2-vcc-pmos/lora_bb201500.o
                0x0800b578                LORA_Join
 .text.LORA_JoinStatus
                0x0800b630       0x14 ./build/obj/chameleon-i2c2-vcc-pmos/lora_bb201500.o
                0x0800b630                LORA_JoinStatus
 .text.LORA_send
                0x0800b644       0x8c ./build/obj/chameleon-i2c2-vcc-pmos/lora_bb201500.o
                0x0800b644                LORA_send
 .text.LORA_RequestClass
                0x0800b6d0       0x68 ./build/obj/chameleon-i2c2-vcc-pmos/lora_bb201500.o
                0x0800b6d0                LORA_RequestClass
 .text.lora_config_otaa_set
                0x0800b738        0xc ./build/obj/chameleon-i2c2-vcc-pmos/lora_bb201500.o
                0x0800b738                lora_config_otaa_set
 .text.lora_config_otaa_get
                0x0800b744        0xc ./build/obj/chameleon-i2c2-vcc-pmos/lora_bb201500.o
                0x0800b744                lora_config_otaa_get
 .text.lora_config_duty_cycle_set
                0x0800b750       0x18 ./build/obj/chameleon-i2c2-vcc-pmos/lora_bb201500.o
                0x0800b750                lora_config_duty_cycle_set
 .text.lora_config_duty_cycle_get
                0x0800b768        0xc ./build/obj/chameleon-i2c2-vcc-pmos/lora_bb201500.o
                0x0800b768                lora_config_duty_cycle_get
 .text.lora_config_deveui_get
                0x0800b774        0x8 ./build/obj/chameleon-i2c2-vcc-pmos/lora_bb201500.o
                0x0800b774                lora_config_deveui_get
 .text.lora_config_deveui_set
                0x0800b77c       0x14 ./build/obj/chameleon-i2c2-vcc-pmos/lora_bb201500.o
                0x0800b77c                lora_config_deveui_set
 .text.lora_config_devaddr_set
                0x0800b790        0xc ./build/obj/chameleon-i2c2-vcc-pmos/lora_bb201500.o
                0x0800b790                lora_config_devaddr_set
 .text.lora_config_devaddr_get
                0x0800b79c       0x38 ./build/obj/chameleon-i2c2-vcc-pmos/lora_bb201500.o
                0x0800b79c                lora_config_devaddr_get
 .text.lora_config_nwkskey_set
                0x0800b7d4       0x14 ./build/obj/chameleon-i2c2-vcc-pmos/lora_bb201500.o
                0x0800b7d4                lora_config_nwkskey_set
 .text.lora_config_nwkskey_get
                0x0800b7e8        0x8 ./build/obj/chameleon-i2c2-vcc-pmos/lora_bb201500.o
                0x0800b7e8                lora_config_nwkskey_get
 .text.lora_config_appskey_set
                0x0800b7f0       0x14 ./build/obj/chameleon-i2c2-vcc-pmos/lora_bb201500.o
                0x0800b7f0                lora_config_appskey_set
 .text.lora_config_appskey_get
                0x0800b804        0x8 ./build/obj/chameleon-i2c2-vcc-pmos/lora_bb201500.o
                0x0800b804                lora_config_appskey_get
 .text.lora_config_appeui_get
                0x0800b80c        0x8 ./build/obj/chameleon-i2c2-vcc-pmos/lora_bb201500.o
                0x0800b80c                lora_config_appeui_get
 .text.lora_config_appeui_set
                0x0800b814       0x14 ./build/obj/chameleon-i2c2-vcc-pmos/lora_bb201500.o
                0x0800b814                lora_config_appeui_set
 .text.lora_config_appkey_get
                0x0800b828        0x8 ./build/obj/chameleon-i2c2-vcc-pmos/lora_bb201500.o
                0x0800b828                lora_config_appkey_get
 .text.lora_config_appkey_set
                0x0800b830       0x14 ./build/obj/chameleon-i2c2-vcc-pmos/lora_bb201500.o
                0x0800b830                lora_config_appkey_set
 .text.lora_config_reqack_set
                0x0800b844        0xc ./build/obj/chameleon-i2c2-vcc-pmos/lora_bb201500.o
                0x0800b844                lora_config_reqack_set
 .text.lora_config_reqack_get
                0x0800b850        0xc ./build/obj/chameleon-i2c2-vcc-pmos/lora_bb201500.o
                0x0800b850                lora_config_reqack_get
 .text.lora_config_snr_get
                0x0800b85c        0xc ./build/obj/chameleon-i2c2-vcc-pmos/lora_bb201500.o
                0x0800b85c                lora_config_snr_get
 .text.lora_config_application_port_set
                0x0800b868        0xc ./build/obj/chameleon-i2c2-vcc-pmos/lora_bb201500.o
                0x0800b868                lora_config_application_port_set
 .text.lora_config_application_port_get
                0x0800b874        0xc ./build/obj/chameleon-i2c2-vcc-pmos/lora_bb201500.o
                0x0800b874                lora_config_application_port_get
 .text.lora_config_rssi_get
                0x0800b880        0xc ./build/obj/chameleon-i2c2-vcc-pmos/lora_bb201500.o
                0x0800b880                lora_config_rssi_get
 .text.lora_config_tx_datarate_set
                0x0800b88c        0xc ./build/obj/chameleon-i2c2-vcc-pmos/lora_bb201500.o
                0x0800b88c                lora_config_tx_datarate_set
 .text.lora_config_tx_datarate_get
                0x0800b898        0xc ./build/obj/chameleon-i2c2-vcc-pmos/lora_bb201500.o
                0x0800b898                lora_config_tx_datarate_get
 .text.lora_config_isack_get