Archive member included to satisfy reference by file (symbol)

/usr/lib/gcc/arm-none-eabi/14.2.0/thumb/v6-m/nofp/libgcc.a(_thumb1_case_uqi.o)
                              /home/phil/Repos/LoRa_STM32-claude/build/obj/sx1276_174cd5fd.o (__gnu_thumb1_case_uqi)
/usr/lib/gcc/arm-none-eabi/14.2.0/thumb/v6-m/nofp/libgcc.a(_thumb1_case_shi.o)
                              /home/phil/Repos/LoRa_STM32-claude/build/obj/main_47d3d071.o (__gnu_thumb1_case_shi)
/usr/lib/gcc/arm-none-eabi/14.2.0/thumb/v6-m/nofp/libgcc.a(_thumb1_case_uhi.o)
                              /home/phil/Repos/LoRa_STM32-claude/build/obj/bsp_fc5dfbea.o (__gnu_thumb1_case_uhi)
/usr/lib/gcc/arm-none-eabi/14.2.0/thumb/v6-m/nofp/libgcc.a(_udivsi3.o)
                              /home/phil/Repos/LoRa_STM32-claude/build/obj/iwdg_f9b75010.o (__aeabi_uidiv)
/usr/lib/gcc/arm-none-eabi/14.2.0/thumb/v6-m/nofp/libgcc.a(_divsi3.o)
                              /home/phil/Repos/LoRa_STM32-claude/build/obj/bsp_fc5dfbea.o (__aeabi_idiv)
/usr/lib/gcc/arm-none-eabi/14.2.0/thumb/v6-m/nofp/libgcc.a(_dvmd_tls.o)
                              /usr/lib/gcc/arm-none-eabi/14.2.0/thumb/v6-m/nofp/libgcc.a(_udivsi3.o) (__aeabi_idiv0)
/usr/lib/gcc/arm-none-eabi/14.2.0/thumb/v6-m/nofp/libgcc.a(_arm_cmpdf2.o)
                              /home/phil/Repos/LoRa_STM32-claude/build/obj/sx1276_174cd5fd.o (__aeabi_dcmpgt)
/usr/lib/gcc/arm-none-eabi/14.2.0/thumb/v6-m/nofp/libgcc.a(_arm_cmpsf2.o)
                              /home/phil/Repos/LoRa_STM32-claude/build/obj/ds18b20_8a272139.o (__aeabi_fcmpeq)
/usr/lib/gcc/arm-none-eabi/14.2.0/thumb/v6-m/nofp/libgcc.a(_aeabi_uldivmod.o)
                              /home/phil/Repos/LoRa_STM32-claude/build/obj/stm32l0xx_hal_uart_151166ad.o (__aeabi_uldivmod)
/usr/lib/gcc/arm-none-eabi/14.2.0/thumb/v6-m/nofp/libgcc.a(_muldi3.o)
                              /home/phil/Repos/LoRa_STM32-claude/build/obj/hw_rtc_40701610.o (__aeabi_lmul)
/usr/lib/gcc/arm-none-eabi/14.2.0/thumb/v6-m/nofp/libgcc.a(_fixunssfsi.o)
                              /home/phil/Repos/LoRa_STM32-claude/build/obj/main_47d3d071.o (__aeabi_f2uiz)
/usr/lib/gcc/arm-none-eabi/14.2.0/thumb/v6-m/nofp/libgcc.a(_fixunsdfsi.o)
                              /home/phil/Repos/LoRa_STM32-claude/build/obj/sx1276_174cd5fd.o (__aeabi_d2uiz)
/usr/lib/gcc/arm-none-eabi/14.2.0/thumb/v6-m/nofp/libgcc.a(_udivmoddi4.o)
                              /usr/lib/gcc/arm-none-eabi/14.2.0/thumb/v6-m/nofp/libgcc.a(_aeabi_uldivmod.o) (__udivmoddi4)
/usr/lib/gcc/arm-none-eabi/14.2.0/thumb/v6-m/nofp/libgcc.a(divsf3.o)
                              /home/phil/Repos/LoRa_STM32-claude/build/obj/weight_b45b8a79.o (__aeabi_fdiv)
/usr/lib/gcc/arm-none-eabi/14.2.0/thumb/v6-m/nofp/libgcc.a(eqsf2.o)
                              /usr/lib/gcc/arm-none-eabi/14.2.0/thumb/v6-m/nofp/libgcc.a(_arm_cmpsf2.o) (__eqsf2)
/usr/lib/gcc/arm-none-eabi/14.2.0/thumb/v6-m/nofp/libgcc.a(gesf2.o)
                              /usr/lib/gcc/arm-none-eabi/14.2.0/thumb/v6-m/nofp/libgcc.a(_arm_cmpsf2.o) (__gesf2)
/usr/lib/gcc/arm-none-eabi/14.2.0/thumb/v6-m/nofp/libgcc.a(lesf2.o)
                              /usr/lib/gcc/arm-none-eabi/14.2.0/thumb/v6-m/nofp/libgcc.a(_arm_cmpsf2.o) (__lesf2)
/usr/lib/gcc/arm-none-eabi/14.2.0/thumb/v6-m/nofp/libgcc.a(mulsf3.o)
                              /home/phil/Repos/LoRa_STM32-claude/build/obj/main_47d3d071.o (__aeabi_fmul)
/usr/lib/gcc/arm-none-eabi/14.2.0/thumb/v6-m/nofp/libgcc.a(subsf3.o)
                              /home/phil/Repos/LoRa_STM32-claude/build/obj/RegionCommon_2f44c7de.o (__aeabi_fsub)
/usr/lib/gcc/arm-none-eabi/14.2.0/thumb/v6-m/nofp/libgcc.a(fixsfsi.o)
                              /home/phil/Repos/LoRa_STM32-claude/build/obj/weight_b45b8a79.o (__aeabi_f2iz)
/usr/lib/gcc/arm-none-eabi/14.2.0/thumb/v6-m/nofp/libgcc.a(floatsisf.o)
                              /home/phil/Repos/LoRa_STM32-claude/build/obj/weight_b45b8a79.o (__aeabi_i2f)
/usr/lib/gcc/arm-none-eabi/14.2.0/thumb/v6-m/nofp/libgcc.a(floatunsisf.o)
                              /home/phil/Repos/LoRa_STM32-claude/build/obj/bh1750_d36a6ef9.o (__aeabi_ui2f)
/usr/lib/gcc/arm-none-eabi/14.2.0/thumb/v6-m/nofp/libgcc.a(adddf3.o)
                              /home/phil/Repos/LoRa_STM32-claude/build/obj/sx1276_174cd5fd.o (__aeabi_dadd)
/usr/lib/gcc/arm-none-eabi/14.2.0/thumb/v6-m/nofp/libgcc.a(divdf3.o)
                              /home/phil/Repos/LoRa_STM32-claude/build/obj/sx1276_174cd5fd.o (__aeabi_ddiv)
/usr/lib/gcc/arm-none-eabi/14.2.0/thumb/v6-m/nofp/libgcc.a(eqdf2.o)
                              /usr/lib/gcc/arm-none-eabi/14.2.0/thumb/v6-m/nofp/libgcc.a(_arm_cmpdf2.o) (__eqdf2)
/usr/lib/gcc/arm-none-eabi/14.2.0/thumb/v6-m/nofp/libgcc.a(gedf2.o)
                              /usr/lib/gcc/arm-none-eabi/14.2.0/thumb/v6-m/nofp/libgcc.a(_arm_cmpdf2.o) (__gedf2)
/usr/lib/gcc/arm-none-eabi/14.2.0/thumb/v6-m/nofp/libgcc.a(ledf2.o)
[...]
Memory Configuration

Name             Origin             Length             Attributes
FLASH            0x08000000         0x00030000         xr
RAM              0x20000000         0x00005000         xrw
*default*        0x00000000         0xffffffff

Linker script and memory map

LOAD /usr/lib/gcc/arm-none-eabi/14.2.0/thumb/v6-m/nofp/crti.o
LOAD /usr/lib/gcc/arm-none-eabi/14.2.0/thumb/v6-m/nofp/crtbegin.o
LOAD /usr/lib/gcc/arm-none-eabi/14.2.0/../../../../arm-none-eabi/lib/thumb/v6-m/nofp/crt0.o
LOAD /home/phil/Repos/LoRa_STM32-claude/build/obj/startup_stm32l072xx_e5a63952.o
LOAD /home/phil/Repos/LoRa_STM32-claude/build/obj/flash_eraseprogram_078ea408.o
LOAD /home/phil/Repos/LoRa_STM32-claude/build/obj/iwdg_f9b75010.o
LOAD /home/phil/Repos/LoRa_STM32-claude/build/obj/sx1276_174cd5fd.o
LOAD /home/phil/Repos/LoRa_STM32-claude/build/obj/pwr_out_09116cf3.o
LOAD /home/phil/Repos/LoRa_STM32-claude/build/obj/gpio_exti_f80a3f3b.o
LOAD /home/phil/Repos/LoRa_STM32-claude/build/obj/oil_float_a0c282d6.o
LOAD /home/phil/Repos/LoRa_STM32-claude/build/obj/ds18b20_8a272139.o
LOAD /home/phil/Repos/LoRa_STM32-claude/build/obj/sht20_78cb122d.o
LOAD /home/phil/Repos/LoRa_STM32-claude/build/obj/sht31_e71d2731.o
LOAD /home/phil/Repos/LoRa_STM32-claude/build/obj/bh1750_d36a6ef9.o
LOAD /home/phil/Repos/LoRa_STM32-claude/build/obj/lidar_lite_v3hp_29c3a030.o
LOAD /home/phil/Repos/LoRa_STM32-claude/build/obj/tfsensor_f8521127.o
LOAD /home/phil/Repos/LoRa_STM32-claude/build/obj/ult_3f609183.o
LOAD /home/phil/Repos/LoRa_STM32-claude/build/obj/weight_b45b8a79.o
LOAD /home/phil/Repos/LoRa_STM32-claude/build/obj/stm32l0xx_nucleo_36d0a9be.o
LOAD /home/phil/Repos/LoRa_STM32-claude/build/obj/sx1276mb1las_a2dfe320.o
LOAD /home/phil/Repos/LoRa_STM32-claude/build/obj/system_stm32l0xx_d1d9d34c.o
LOAD /home/phil/Repos/LoRa_STM32-claude/build/obj/stm32l0xx_hal_spi_0d710a1d.o
LOAD /home/phil/Repos/LoRa_STM32-claude/build/obj/stm32l0xx_hal_uart_151166ad.o
LOAD /home/phil/Repos/LoRa_STM32-claude/build/obj/stm32l0xx_hal_adc_c7549bd9.o
LOAD /home/phil/Repos/LoRa_STM32-claude/build/obj/stm32l0xx_hal_rcc_5d6cbea2.o
LOAD /home/phil/Repos/LoRa_STM32-claude/build/obj/stm32l0xx_hal_rcc_ex_717f907f.o
LOAD /home/phil/Repos/LoRa_STM32-claude/build/obj/stm32l0xx_hal_48c60b3a.o
LOAD /home/phil/Repos/LoRa_STM32-claude/build/obj/stm32l0xx_hal_cortex_96b83243.o
LOAD /home/phil/Repos/LoRa_STM32-claude/build/obj/stm32l0xx_hal_gpio_6314eb15.o
LOAD /home/phil/Repos/LoRa_STM32-claude/build/obj/stm32l0xx_hal_dma_059f8871.o
LOAD /home/phil/Repos/LoRa_STM32-claude/build/obj/stm32l0xx_hal_pwr_cd42b393.o
LOAD /home/phil/Repos/LoRa_STM32-claude/build/obj/stm32l0xx_hal_pwr_ex_1298891d.o
LOAD /home/phil/Repos/LoRa_STM32-claude/build/obj/stm32l0xx_hal_rtc_760a24a3.o
LOAD /home/phil/Repos/LoRa_STM32-claude/build/obj/stm32l0xx_hal_rtc_ex_dcf355d0.o
LOAD /home/phil/Repos/LoRa_STM32-claude/build/obj/stm32l0xx_hal_tim_821fd5ef.o
LOAD /home/phil/Repos/LoRa_STM32-claude/build/obj/stm32l0xx_hal_tim_ex_b8a8c763.o
LOAD /home/phil/Repos/LoRa_STM32-claude/build/obj/stm32l0xx_hal_adc_ex_38e6fee2.o
LOAD /home/phil/Repos/LoRa_STM32-claude/build/obj/stm32l0xx_hal_uart_ex_5f0f995d.o
LOAD /home/phil/Repos/LoRa_STM32-claude/build/obj/stm32l0xx_hal_i2c_d420655c.o
LOAD /home/phil/Repos/LoRa_STM32-claude/build/obj/stm32l0xx_hal_i2c_ex_a1e58d1b.o
LOAD /home/phil/Repos/LoRa_STM32-claude/build/obj/stm32l0xx_hal_flash_ex_2521ef03.o
LOAD /home/phil/Repos/LoRa_STM32-claude/build/obj/stm32l0xx_hal_flash_20ada424.o
LOAD /home/phil/Repos/LoRa_STM32-claude/build/obj/stm32l0xx_hal_iwdg_16129b01.o
LOAD /home/phil/Repos/LoRa_STM32-claude/build/obj/bsp_fc5dfbea.o
LOAD /home/phil/Repos/LoRa_STM32-claude/build/obj/debug_f8cb5e76.o
LOAD /home/phil/Repos/LoRa_STM32-claude/build/obj/hw_gpio_097d5577.o
LOAD /home/phil/Repos/LoRa_STM32-claude/build/obj/hw_rtc_40701610.o
LOAD /home/phil/Repos/LoRa_STM32-claude/build/obj/hw_spi_1d9ffd93.o
LOAD /home/phil/Repos/LoRa_STM32-claude/build/obj/main_47d3d071.o
LOAD /home/phil/Repos/LoRa_STM32-claude/build/obj/stm32l0xx_hal_msp_59407185.o
LOAD /home/phil/Repos/LoRa_STM32-claude/build/obj/stm32l0xx_hw_492d4781.o
LOAD /home/phil/Repos/LoRa_STM32-claude/build/obj/stm32l0xx_it_b362cb1e.o
LOAD /home/phil/Repos/LoRa_STM32-claude/build/obj/vcom_81525599.o
LOAD /home/phil/Repos/LoRa_STM32-claude/build/obj/at_82e457e9.o
LOAD /home/phil/Repos/LoRa_STM32-claude/build/obj/command_a2f38ca8.o
LOAD /home/phil/Repos/LoRa_STM32-claude/build/obj/lora_bb201500.o
LOAD /home/phil/Repos/LoRa_STM32-claude/build/obj/tiny_sscanf_7164f13a.o
LOAD /home/phil/Repos/LoRa_STM32-claude/build/obj/tiny_vsnprintf_2c952753.o
LOAD /home/phil/Repos/LoRa_STM32-claude/build/obj/Region_e7cf99a6.o
LOAD /home/phil/Repos/LoRa_STM32-claude/build/obj/RegionAS923_4ae8236a.o
LOAD /home/phil/Repos/LoRa_STM32-claude/build/obj/RegionAU915_d811be32.o
LOAD /home/phil/Repos/LoRa_STM32-claude/build/obj/RegionCN470_56439487.o
LOAD /home/phil/Repos/LoRa_STM32-claude/build/obj/RegionCN779_04586a81.o
LOAD /home/phil/Repos/LoRa_STM32-claude/build/obj/RegionCommon_2f44c7de.o
LOAD /home/phil/Repos/LoRa_STM32-claude/build/obj/RegionEU433_f02a5e49.o
LOAD /home/phil/Repos/LoRa_STM32-claude/build/obj/RegionEU868_fd21cf6c.o
LOAD /home/phil/Repos/LoRa_STM32-claude/build/obj/RegionIN865_4b3f076a.o
LOAD /home/phil/Repos/LoRa_STM32-claude/build/obj/RegionKR920_96d02b25.o
LOAD /home/phil/Repos/LoRa_STM32-claude/build/obj/RegionUS915_983effa7.o
LOAD /home/phil/Repos/LoRa_STM32-claude/build/obj/RegionRU864_a0aa9aa7.o
LOAD /home/phil/Repos/LoRa_STM32-claude/build/obj/RegionKZ865_12f67f7a.o
LOAD /home/phil/Repos/LoRa_STM32-claude/build/obj/RegionMA869_28b4a04d.o
LOAD /home/phil/Repos/LoRa_STM32-claude/build/obj/LoRaMac_6eac7497.o
LOAD /home/phil/Repos/LoRa_STM32-claude/build/obj/LoRaMacCrypto_5c88798c.o
LOAD /home/phil/Repos/LoRa_STM32-claude/build/obj/lora-test_9d43f367.o
LOAD /home/phil/Repos/LoRa_STM32-claude/build/obj/delay_69b8651c.o
LOAD /home/phil/Repos/LoRa_STM32-claude/build/obj/low_power_manager_062ac3e9.o
LOAD /home/phil/Repos/LoRa_STM32-claude/build/obj/timeServer_ff13a564.o
LOAD /home/phil/Repos/LoRa_STM32-claude/build/obj/utilities_06cf1bad.o
LOAD /home/phil/Repos/LoRa_STM32-claude/build/obj/trace_0f7c981b.o
LOAD /home/phil/Repos/LoRa_STM32-claude/build/obj/queue_53f702e2.o
LOAD /home/phil/Repos/LoRa_STM32-claude/build/obj/aes_fc1b9773.o
LOAD /home/phil/Repos/LoRa_STM32-claude/build/obj/cmac_a4bbb0de.o
LOAD /home/phil/Repos/LoRa_STM32-claude/build/obj/via_chameleon.o
LOAD /home/phil/Repos/LoRa_STM32-claude/build/obj/chameleon_payload.o
START GROUP
LOAD /usr/lib/gcc/arm-none-eabi/14.2.0/thumb/v6-m/nofp/libgcc.a
LOAD /usr/lib/gcc/arm-none-eabi/14.2.0/../../../../arm-none-eabi/lib/thumb/v6-m/nofp/libc_nano.a
END GROUP
START GROUP
LOAD /usr/lib/gcc/arm-none-eabi/14.2.0/thumb/v6-m/nofp/libgcc.a
LOAD /usr/lib/gcc/arm-none-eabi/14.2.0/../../../../arm-none-eabi/lib/thumb/v6-m/nofp/libc_nano.a
LOAD /usr/lib/gcc/arm-none-eabi/14.2.0/../../../../arm-none-eabi/lib/thumb/v6-m/nofp/libnosys.a
END GROUP
START GROUP
LOAD /usr/lib/gcc/arm-none-eabi/14.2.0/thumb/v6-m/nofp/libgcc.a
LOAD /usr/lib/gcc/arm-none-eabi/14.2.0/../../../../arm-none-eabi/lib/thumb/v6-m/nofp/libc_nano.a
LOAD /usr/lib/gcc/arm-none-eabi/14.2.0/../../../../arm-none-eabi/lib/thumb/v6-m/nofp/libnosys.a
END GROUP
LOAD /usr/lib/gcc/arm-none-eabi/14.2.0/thumb/v6-m/nofp/crtend.o
LOAD /usr/lib/gcc/arm-none-eabi/14.2.0/thumb/v6-m/nofp/crtn.o
                0x20005000                        _estack = 0x20005000

.isr_vector     0x08000000       0xc0
                0x08000000                        . = ALIGN (0x4)
 *(.isr_vector)
 .isr_vector    0x08000000       0xc0 /home/phil/Repos/LoRa_STM32-claude/build/obj/startup_stm32l072xx_e5a63952.o
                0x08000000                g_pfnVectors
                0x080000c0                        . = ALIGN (0x4)

.text           0x080000c0    0x14e4c
                0x080000c0                        . = ALIGN (0x4)
 *(.text)
 .text          0x080000c0       0x14 /usr/lib/gcc/arm-none-eabi/14.2.0/thumb/v6-m/nofp/libgcc.a(_thumb1_case_uqi.o)
                0x080000c0                __gnu_thumb1_case_uqi
 .text          0x080000d4       0x14 /usr/lib/gcc/arm-none-eabi/14.2.0/thumb/v6-m/nofp/libgcc.a(_thumb1_case_shi.o)
                0x080000d4                __gnu_thumb1_case_shi
 .text          0x080000e8       0x14 /usr/lib/gcc/arm-none-eabi/14.2.0/thumb/v6-m/nofp/libgcc.a(_thumb1_case_uhi.o)
                0x080000e8                __gnu_thumb1_case_uhi
 .text          0x080000fc       0x8c /usr/lib/gcc/arm-none-eabi/14.2.0/thumb/v6-m/nofp/libgcc.a(_udivsi3.o)
                0x080000fc                __udivsi3
                0x080000fc                __aeabi_uidiv
                0x08000174                __aeabi_uidivmod
 .text          0x08000188       0xa8 /usr/lib/gcc/arm-none-eabi/14.2.0/thumb/v6-m/nofp/libgcc.a(_divsi3.o)
                0x08000188                __aeabi_idiv
                0x08000188                __divsi3
                0x0800021c                __aeabi_idivmod
 .text          0x08000230        0x4 /usr/lib/gcc/arm-none-eabi/14.2.0/thumb/v6-m/nofp/libgcc.a(_dvmd_tls.o)
                0x08000230                __aeabi_ldiv0
                0x08000230                __aeabi_idiv0
 .text          0x08000234       0x7c /usr/lib/gcc/arm-none-eabi/14.2.0/thumb/v6-m/nofp/libgcc.a(_arm_cmpdf2.o)
                0x08000234                __aeabi_cdrcmple
                0x08000244                __aeabi_cdcmple
                0x08000244                __aeabi_cdcmpeq
                0x08000254                __aeabi_dcmpeq
                0x08000260                __aeabi_dcmplt
                0x08000274                __aeabi_dcmple
                0x08000288                __aeabi_dcmpgt
                0x0800029c                __aeabi_dcmpge
 .text          0x080002b0       0x74 /usr/lib/gcc/arm-none-eabi/14.2.0/thumb/v6-m/nofp/libgcc.a(_arm_cmpsf2.o)
                0x080002b0                __aeabi_cfrcmple
                0x080002b8                __aeabi_cfcmple
                0x080002b8                __aeabi_cfcmpeq
                0x080002c8                __aeabi_fcmpeq
                0x080002d4                __aeabi_fcmplt
                0x080002e8                __aeabi_fcmple
                0x080002fc                __aeabi_fcmpgt
                0x08000310                __aeabi_fcmpge
 .text          0x08000324       0x40 /usr/lib/gcc/arm-none-eabi/14.2.0/thumb/v6-m/nofp/libgcc.a(_aeabi_uldivmod.o)
                0x08000324                __aeabi_uldivmod
 .text          0x08000364       0x18 /usr/lib/gcc/arm-none-eabi/14.2.0/thumb/v6-m/nofp/libgcc.a(_lshrdi3.o)
                0x08000364                __aeabi_llsr
                0x08000364                __lshrdi3
 .text          0x0800037c       0x18 /usr/lib/gcc/arm-none-eabi/14.2.0/thumb/v6-m/nofp/libgcc.a(_ashldi3.o)
                0x0800037c                __ashldi3
                0x0800037c                __aeabi_llsl
 .text          0x08000394       0x3c /usr/lib/gcc/arm-none-eabi/14.2.0/thumb/v6-m/nofp/libgcc.a(_clzsi2.o)
                0x08000394                __clzsi2
 .text          0x080003d0       0x18 /usr/lib/gcc/arm-none-eabi/14.2.0/thumb/v6-m/nofp/libgcc.a(_clzdi2.o)
                0x080003d0                __clzdi2
 .text          0x080003e8       0x14 /usr/lib/gcc/arm-none-eabi/14.2.0/../../../../arm-none-eabi/lib/thumb/v6-m/nofp/libc_nano.a(libc_a-strcmp.o)
                0x080003e8                strcmp
 .text          0x080003fc        0xe /usr/lib/gcc/arm-none-eabi/14.2.0/../../../../arm-none-eabi/lib/thumb/v6-m/nofp/libc_nano.a(libc_a-strlen.o)
                0x080003fc                strlen
 *(.text*)
 *fill*         0x0800040a        0x2 
 .text.__do_global_dtors_aux
                0x0800040c       0x28 /usr/lib/gcc/arm-none-eabi/14.2.0/thumb/v6-m/nofp/crtbegin.o
 .text.frame_dummy
                0x08000434       0x20 /usr/lib/gcc/arm-none-eabi/14.2.0/thumb/v6-m/nofp/crtbegin.o
 .text.Reset_Handler
                0x08000454       0x50 /home/phil/Repos/LoRa_STM32-claude/build/obj/startup_stm32l072xx_e5a63952.o
                0x08000454                Reset_Handler
 .text.Default_Handler
                0x080004a4        0x2 /home/phil/Repos/LoRa_STM32-claude/build/obj/startup_stm32l072xx_e5a63952.o
                0x080004a4                TSC_IRQHandler
                0x080004a4                ADC1_COMP_IRQHandler
                0x080004a4                PVD_IRQHandler
                0x080004a4                I2C1_IRQHandler
                0x080004a4                RCC_CRS_IRQHandler
                0x080004a4                SPI1_IRQHandler
                0x080004a4                TIM6_DAC_IRQHandler
                0x080004a4                I2C2_IRQHandler
                0x080004a4                DMA1_Channel1_IRQHandler
                0x080004a4                USART4_5_IRQHandler
                0x080004a4                Default_Handler
                0x080004a4                TIM22_IRQHandler
                0x080004a4                TIM7_IRQHandler
                0x080004a4                USB_IRQHandler
                0x080004a4                I2C3_IRQHandler
                0x080004a4                SPI2_IRQHandler
                0x080004a4                WWDG_IRQHandler
                0x080004a4                TIM2_IRQHandler
                0x080004a4                DMA1_Channel2_3_IRQHandler
                0x080004a4                USART2_IRQHandler
                0x080004a4                FLASH_IRQHandler
                0x080004a4                LPTIM1_IRQHandler
 *fill*         0x080004a6        0x2 
 .text.EEPROM_program
                0x080004a8       0x48 /home/phil/Repos/LoRa_STM32-claude/build/obj/flash_eraseprogram_078ea408.o
                0x080004a8                EEPROM_program
 .text.FLASH_read
                0x080004f0       0x10 /home/phil/Repos/LoRa_STM32-claude/build/obj/flash_eraseprogram_078ea408.o
                0x080004f0                FLASH_read
 .text.EEPROM_erase_one_address
                0x08000500       0x30 /home/phil/Repos/LoRa_STM32-claude/build/obj/flash_eraseprogram_078ea408.o
                0x08000500                EEPROM_erase_one_address
 .text.EEPROM_erase_lora_config
                0x08000530       0x40 /home/phil/Repos/LoRa_STM32-claude/build/obj/flash_eraseprogram_078ea408.o
                0x08000530                EEPROM_erase_lora_config
 .text.iwdg_init
                0x08000570       0xe8 /home/phil/Repos/LoRa_STM32-claude/build/obj/iwdg_f9b75010.o
                0x08000570                iwdg_init
 .text.HAL_TIM_IC_CaptureCallback
                0x08000658       0x50 /home/phil/Repos/LoRa_STM32-claude/build/obj/iwdg_f9b75010.o
                0x08000658                HAL_TIM_IC_CaptureCallback
 .text.TIMER_IRQHandler
                0x080006a8       0x10 /home/phil/Repos/LoRa_STM32-claude/build/obj/iwdg_f9b75010.o
                0x080006a8                TIMER_IRQHandler
 .text.IWDG_Refresh
                0x080006b8       0x18 /home/phil/Repos/LoRa_STM32-claude/build/obj/iwdg_f9b75010.o
                0x080006b8                IWDG_Refresh
 .text.GetFskBandwidthRegValue
                0x080006d0       0x2c /home/phil/Repos/LoRa_STM32-claude/build/obj/sx1276_174cd5fd.o
 .text.SX1276OnDio4Irq
                0x080006fc       0x1c /home/phil/Repos/LoRa_STM32-claude/build/obj/sx1276_174cd5fd.o
                0x080006fc                SX1276OnDio4Irq
 .text.SX1276BoardInit
                0x08000718        0xc /home/phil/Repos/LoRa_STM32-claude/build/obj/sx1276_174cd5fd.o
                0x08000718                SX1276BoardInit
 .text.SX1276GetStatus
                0x08000724        0xc /home/phil/Repos/LoRa_STM32-claude/build/obj/sx1276_174cd5fd.o
                0x08000724                SX1276GetStatus
 .text.SX1276Reset
                0x08000730       0x4c /home/phil/Repos/LoRa_STM32-claude/build/obj/sx1276_174cd5fd.o
                0x08000730                SX1276Reset
 .text.SX1276WriteBuffer
                0x0800077c       0x3e /home/phil/Repos/LoRa_STM32-claude/build/obj/sx1276_174cd5fd.o
                0x0800077c                SX1276WriteBuffer
 .text.SX1276Write
                0x080007ba       0x12 /home/phil/Repos/LoRa_STM32-claude/build/obj/sx1276_174cd5fd.o
                0x080007ba                SX1276Write
 .text.SX1276SetChannel
                0x080007cc       0x54 /home/phil/Repos/LoRa_STM32-claude/build/obj/sx1276_174cd5fd.o
                0x080007cc                SX1276SetChannel
 .text.SX1276ReadBuffer
                0x08000820       0x40 /home/phil/Repos/LoRa_STM32-claude/build/obj/sx1276_174cd5fd.o
                0x08000820                SX1276ReadBuffer
 .text.SX1276Read
                0x08000860       0x12 /home/phil/Repos/LoRa_STM32-claude/build/obj/sx1276_174cd5fd.o
                0x08000860                SX1276Read
 *fill*         0x08000872        0x2 
 .text.RxChainCalibration
                0x08000874       0x98 /home/phil/Repos/LoRa_STM32-claude/build/obj/sx1276_174cd5fd.o
                0x08000874                RxChainCalibration
 .text.SX1276GetTimeOnAir
                0x0800090c      0x1e4 /home/phil/Repos/LoRa_STM32-claude/build/obj/sx1276_174cd5fd.o
                0x0800090c                SX1276GetTimeOnAir
 .text.SX1276ReadRssi
                0x08000af0       0x44 /home/phil/Repos/LoRa_STM32-claude/build/obj/sx1276_174cd5fd.o
                0x08000af0                SX1276ReadRssi
 .text.SX1276SetOpMode.part.0
                0x08000b34       0x38 /home/phil/Repos/LoRa_STM32-claude/build/obj/sx1276_174cd5fd.o
 .text.SX1276SetStby
                0x08000b6c       0x28 /home/phil/Repos/LoRa_STM32-claude/build/obj/sx1276_174cd5fd.o
                0x08000b6c                SX1276SetStby
 .text.SX1276SetOpMode
                0x08000b94       0x34 /home/phil/Repos/LoRa_STM32-claude/build/obj/sx1276_174cd5fd.o
                0x08000b94                SX1276SetOpMode
 .text.SX1276SetSleep
                0x08000bc8       0x38 /home/phil/Repos/LoRa_STM32-claude/build/obj/sx1276_174cd5fd.o
                0x08000bc8                SX1276SetSleep
 .text.SX1276SetRx
                0x08000c00      0x210 /home/phil/Repos/LoRa_STM32-claude/build/obj/sx1276_174cd5fd.o
                0x08000c00                SX1276SetRx
 .text.SX1276SetTx
                0x08000e10       0xb0 /home/phil/Repos/LoRa_STM32-claude/build/obj/sx1276_174cd5fd.o
                0x08000e10                SX1276SetTx
 .text.SX1276StartCad
                0x08000ec0       0x34 /home/phil/Repos/LoRa_STM32-claude/build/obj/sx1276_174cd5fd.o
                0x08000ec0                SX1276StartCad
 .text.SX1276SetModem
                0x08000ef4       0x6c /home/phil/Repos/LoRa_STM32-claude/build/obj/sx1276_174cd5fd.o
                0x08000ef4                SX1276SetModem
 .text.SX1276Init
                0x08000f60       0x98 /home/phil/Repos/LoRa_STM32-claude/build/obj/sx1276_174cd5fd.o
                0x08000f60                SX1276Init
 .text.SX1276IsChannelFree
                0x08000ff8       0x48 /home/phil/Repos/LoRa_STM32-claude/build/obj/sx1276_174cd5fd.o
                0x08000ff8                SX1276IsChannelFree
 .text.SX1276Random
                0x08001040       0x3c /home/phil/Repos/LoRa_STM32-claude/build/obj/sx1276_174cd5fd.o
                0x08001040                SX1276Random
 .text.SX1276SetRxConfig
                0x0800107c      0x320 /home/phil/Repos/LoRa_STM32-claude/build/obj/sx1276_174cd5fd.o
                0x0800107c                SX1276SetRxConfig
 .text.SX1276SetTxConfig
                0x0800139c      0x274 /home/phil/Repos/LoRa_STM32-claude/build/obj/sx1276_174cd5fd.o
                0x0800139c                SX1276SetTxConfig
 .text.SX1276SetTxContinuousWave
                0x08001610       0x80 /home/phil/Repos/LoRa_STM32-claude/build/obj/sx1276_174cd5fd.o
                0x08001610                SX1276SetTxContinuousWave
 .text.SX1276OnDio2Irq
                0x08001690       0xc0 /home/phil/Repos/LoRa_STM32-claude/build/obj/sx1276_174cd5fd.o
                0x08001690                SX1276OnDio2Irq
 .text.SX1276OnDio3Irq
                0x08001750       0x54 /home/phil/Repos/LoRa_STM32-claude/build/obj/sx1276_174cd5fd.o
                0x08001750                SX1276OnDio3Irq
 .text.SX1276WriteFifo
                0x080017a4        0xe /home/phil/Repos/LoRa_STM32-claude/build/obj/sx1276_174cd5fd.o
                0x080017a4                SX1276WriteFifo
 *fill*         0x080017b2        0x2 
 .text.SX1276Send
                0x080017b4       0xec /home/phil/Repos/LoRa_STM32-claude/build/obj/sx1276_174cd5fd.o
                0x080017b4                SX1276Send
 .text.SX1276ReadFifo
                0x080018a0        0xe /home/phil/Repos/LoRa_STM32-claude/build/obj/sx1276_174cd5fd.o
                0x080018a0                SX1276ReadFifo
 *fill*         0x080018ae        0x2 
 .text.SX1276OnDio0Irq
                0x080018b0      0x310 /home/phil/Repos/LoRa_STM32-claude/build/obj/sx1276_174cd5fd.o
                0x080018b0                SX1276OnDio0Irq
 .text.SX1276OnDio1Irq
                0x08001bc0      0x10c /home/phil/Repos/LoRa_STM32-claude/build/obj/sx1276_174cd5fd.o
                0x08001bc0                SX1276OnDio1Irq
 .text.SX1276SetMaxPayloadLength
                0x08001ccc       0x30 /home/phil/Repos/LoRa_STM32-claude/build/obj/sx1276_174cd5fd.o
                0x08001ccc                SX1276SetMaxPayloadLength
 .text.SX1276SetPublicNetwork
                0x08001cfc       0x24 /home/phil/Repos/LoRa_STM32-claude/build/obj/sx1276_174cd5fd.o
                0x08001cfc                SX1276SetPublicNetwork
 .text.SX1276OnTimeoutIrq
                0x08001d20       0xc4 /home/phil/Repos/LoRa_STM32-claude/build/obj/sx1276_174cd5fd.o
                0x08001d20                SX1276OnTimeoutIrq
 .text.SX1276GetRadioWakeUpTime
                0x08001de4       0x14 /home/phil/Repos/LoRa_STM32-claude/build/obj/sx1276_174cd5fd.o
                0x08001de4                SX1276GetRadioWakeUpTime
 .text.pwr_control_IoInit
                0x08001df8       0x48 /home/phil/Repos/LoRa_STM32-claude/build/obj/pwr_out_09116cf3.o
                0x08001df8                pwr_control_IoInit
 .text.pwr_control_IoDeInit
                0x08001e40       0x3c /home/phil/Repos/LoRa_STM32-claude/build/obj/pwr_out_09116cf3.o
                0x08001e40                pwr_control_IoDeInit
 .text.GPIO_EXTI4_IoInit
                0x08001e7c       0x70 /home/phil/Repos/LoRa_STM32-claude/build/obj/gpio_exti_f80a3f3b.o
                0x08001e7c                GPIO_EXTI4_IoInit
 .text.GPIO_EXTI14_IoInit
                0x08001eec       0x74 /home/phil/Repos/LoRa_STM32-claude/build/obj/gpio_exti_f80a3f3b.o
                0x08001eec                GPIO_EXTI14_IoInit
 .text.GPIO_EXTI15_IoInit
                0x08001f60       0x74 /home/phil/Repos/LoRa_STM32-claude/build/obj/gpio_exti_f80a3f3b.o
                0x08001f60                GPIO_EXTI15_IoInit
 .text.GPIO_INPUT_IoInit
                0x08001fd4       0x3c /home/phil/Repos/LoRa_STM32-claude/build/obj/gpio_exti_f80a3f3b.o
                0x08001fd4                GPIO_INPUT_IoInit
 .text.GPIO_INPUT_DeIoInit
                0x08002010       0x3c /home/phil/Repos/LoRa_STM32-claude/build/obj/gpio_exti_f80a3f3b.o
                0x08002010                GPIO_INPUT_DeIoInit
 .text.BSP_oil_float_Init
                0x0800204c       0x4c /home/phil/Repos/LoRa_STM32-claude/build/obj/oil_float_a0c282d6.o
                0x0800204c                BSP_oil_float_Init
 .text.BSP_oil_float_DeInit
                0x08002098       0x3c /home/phil/Repos/LoRa_STM32-claude/build/obj/oil_float_a0c282d6.o
                0x08002098                BSP_oil_float_DeInit
 .text.DS18B20_Mode_IPU
                0x080020d4       0x80 /home/phil/Repos/LoRa_STM32-claude/build/obj/ds18b20_8a272139.o
                0x080020d4                DS18B20_Mode_IPU
 .text.DS18B20_Mode_Out_PP
                0x08002154       0x84 /home/phil/Repos/LoRa_STM32-claude/build/obj/ds18b20_8a272139.o
                0x08002154                DS18B20_Mode_Out_PP
 .text.DS18B20_Rst
                0x080021d8       0x68 /home/phil/Repos/LoRa_STM32-claude/build/obj/ds18b20_8a272139.o
                0x080021d8                DS18B20_Rst
 .text.DS18B20_Presence
                0x08002240       0xe0 /home/phil/Repos/LoRa_STM32-claude/build/obj/ds18b20_8a272139.o
                0x08002240                DS18B20_Presence
 .text.DS18B20_ReadBit
                0x08002320       0x7c /home/phil/Repos/LoRa_STM32-claude/build/obj/ds18b20_8a272139.o
                0x08002320                DS18B20_ReadBit
 .text.DS18B20_ReadByte
                0x0800239c       0x1e /home/phil/Repos/LoRa_STM32-claude/build/obj/ds18b20_8a272139.o
                0x0800239c                DS18B20_ReadByte
 *fill*         0x080023ba        0x2 
 .text.DS18B20_WriteByte
                0x080023bc       0x90 /home/phil/Repos/LoRa_STM32-claude/build/obj/ds18b20_8a272139.o
                0x080023bc                DS18B20_WriteByte
 .text.DS18B20_SkipRom
                0x0800244c       0x18 /home/phil/Repos/LoRa_STM32-claude/build/obj/ds18b20_8a272139.o
                0x0800244c                DS18B20_SkipRom
 .text.DS18B20_Init
                0x08002464       0x20 /home/phil/Repos/LoRa_STM32-claude/build/obj/ds18b20_8a272139.o
                0x08002464                DS18B20_Init
 .text.DS18B20_IoDeInit
                0x08002484       0x90 /home/phil/Repos/LoRa_STM32-claude/build/obj/ds18b20_8a272139.o
                0x08002484                DS18B20_IoDeInit
 .text.crcCalc  0x08002514       0x32 /home/phil/Repos/LoRa_STM32-claude/build/obj/ds18b20_8a272139.o
                0x08002514                crcCalc
 *fill*         0x08002546        0x2 
 .text.DS18B20_GetTemp_SkipRom
                0x08002548       0xfc /home/phil/Repos/LoRa_STM32-claude/build/obj/ds18b20_8a272139.o
                0x08002548                DS18B20_GetTemp_SkipRom
 .text.BSP_lidar_Init
                0x08002644       0x48 /home/phil/Repos/LoRa_STM32-claude/build/obj/lidar_lite_v3hp_29c3a030.o
                0x08002644                BSP_lidar_Init
 .text.waitbusy
                0x0800268c       0x4c /home/phil/Repos/LoRa_STM32-claude/build/obj/lidar_lite_v3hp_29c3a030.o
                0x0800268c                waitbusy
 .text.LidarLite_init
                0x080026d8       0xa4 /home/phil/Repos/LoRa_STM32-claude/build/obj/lidar_lite_v3hp_29c3a030.o
                0x080026d8                LidarLite_init
 .text.LidarLite
                0x0800277c       0x90 /home/phil/Repos/LoRa_STM32-claude/build/obj/lidar_lite_v3hp_29c3a030.o
                0x0800277c                LidarLite
 .text.BSP_tfsensor_Init
                0x0800280c       0x6c /home/phil/Repos/LoRa_STM32-claude/build/obj/tfsensor_f8521127.o
                0x0800280c                BSP_tfsensor_Init
 .text.check_deceive
                0x08002878       0x78 /home/phil/Repos/LoRa_STM32-claude/build/obj/tfsensor_f8521127.o
                0x08002878                check_deceive
 .text.tfsensor_read_distance
                0x080028f0       0x6c /home/phil/Repos/LoRa_STM32-claude/build/obj/tfsensor_f8521127.o
                0x080028f0                tfsensor_read_distance
 .text.GPIO_ULT_INPUT_Init
                0x0800295c       0x40 /home/phil/Repos/LoRa_STM32-claude/build/obj/ult_3f609183.o
                0x0800295c                GPIO_ULT_INPUT_Init
 .text.GPIO_ULT_OUTPUT_Init
                0x0800299c       0x40 /home/phil/Repos/LoRa_STM32-claude/build/obj/ult_3f609183.o
                0x0800299c                GPIO_ULT_OUTPUT_Init
 .text.GPIO_ULT_INPUT_DeInit
                0x080029dc       0x3c /home/phil/Repos/LoRa_STM32-claude/build/obj/ult_3f609183.o
                0x080029dc                GPIO_ULT_INPUT_DeInit
 .text.GPIO_ULT_OUTPUT_DeInit
                0x08002a18       0x3c /home/phil/Repos/LoRa_STM32-claude/build/obj/ult_3f609183.o
                0x08002a18                GPIO_ULT_OUTPUT_DeInit
 .text.TIM3_Init
                0x08002a54       0x48 /home/phil/Repos/LoRa_STM32-claude/build/obj/ult_3f609183.o
                0x08002a54                TIM3_Init
 .text.HAL_TIM_PeriodElapsedCallback
                0x08002a9c       0x18 /home/phil/Repos/LoRa_STM32-claude/build/obj/ult_3f609183.o
                0x08002a9c                HAL_TIM_PeriodElapsedCallback
 .text.ult_test_temp
                0x08002ab4       0xf4 /home/phil/Repos/LoRa_STM32-claude/build/obj/ult_3f609183.o
                0x08002ab4                ult_test_temp
 .text.ADC_Dxpd
                0x08002ba8       0x2c /home/phil/Repos/LoRa_STM32-claude/build/obj/ult_3f609183.o
                0x08002ba8                ADC_Dxpd
 .text.ADC_Average
                0x08002bd4       0x1c /home/phil/Repos/LoRa_STM32-claude/build/obj/ult_3f609183.o
                0x08002bd4                ADC_Average
 .text.ULT_test
                0x08002bf0       0x48 /home/phil/Repos/LoRa_STM32-claude/build/obj/ult_3f609183.o
                0x08002bf0                ULT_test
 .text.WEIGHT_SCK_Init
                0x08002c38       0x4c /home/phil/Repos/LoRa_STM32-claude/build/obj/weight_b45b8a79.o
                0x08002c38                WEIGHT_SCK_Init
 .text.WEIGHT_DOUT_Init
                0x08002c84       0x38 /home/phil/Repos/LoRa_STM32-claude/build/obj/weight_b45b8a79.o
                0x08002c84                WEIGHT_DOUT_Init
 .text.WEIGHT_SCK_DeInit
                0x08002cbc       0x3c /home/phil/Repos/LoRa_STM32-claude/build/obj/weight_b45b8a79.o
                0x08002cbc                WEIGHT_SCK_DeInit
 .text.WEIGHT_DOUT_DeInit
                0x08002cf8       0x3c /home/phil/Repos/LoRa_STM32-claude/build/obj/weight_b45b8a79.o
                0x08002cf8                WEIGHT_DOUT_DeInit
 .text.HX711_Read
                0x08002d34       0x80 /home/phil/Repos/LoRa_STM32-claude/build/obj/weight_b45b8a79.o
                0x08002d34                HX711_Read
 .text.Get_Maopi
                0x08002db4       0x10 /home/phil/Repos/LoRa_STM32-claude/build/obj/weight_b45b8a79.o
                0x08002db4                Get_Maopi
 .text.Get_Weight
                0x08002dc4       0x38 /home/phil/Repos/LoRa_STM32-claude/build/obj/weight_b45b8a79.o
                0x08002dc4                Get_Weight
 .text.SX1276GetWakeTime
                0x08002dfc        0x4 /home/phil/Repos/LoRa_STM32-claude/build/obj/sx1276mb1las_a2dfe320.o
                0x08002dfc                SX1276GetWakeTime
 .text.SX1276SetXO
                0x08002e00        0x2 /home/phil/Repos/LoRa_STM32-claude/build/obj/sx1276mb1las_a2dfe320.o
                0x08002e00                SX1276SetXO
 .text.SX1276CheckRfFrequency
                0x08002e02        0x4 /home/phil/Repos/LoRa_STM32-claude/build/obj/sx1276mb1las_a2dfe320.o
                0x08002e02                SX1276CheckRfFrequency
 .text.SX1276SetRfTxPower
                0x08002e06       0x50 /home/phil/Repos/LoRa_STM32-claude/build/obj/sx1276mb1las_a2dfe320.o
                0x08002e06                SX1276SetRfTxPower
 *fill*         0x08002e56        0x2 
 .text.SX1276IoInit
                0x08002e58       0x64 /home/phil/Repos/LoRa_STM32-claude/build/obj/sx1276mb1las_a2dfe320.o
                0x08002e58                SX1276IoInit
 .text.SX1276IoDeInit
                0x08002ebc       0x54 /home/phil/Repos/LoRa_STM32-claude/build/obj/sx1276mb1las_a2dfe320.o
                0x08002ebc                SX1276IoDeInit
 .text.SX1276IoIrqInit
                0x08002f10       0x48 /home/phil/Repos/LoRa_STM32-claude/build/obj/sx1276mb1las_a2dfe320.o
                0x08002f10                SX1276IoIrqInit
 .text.SX1276AntSwInit
                0x08002f58       0x34 /home/phil/Repos/LoRa_STM32-claude/build/obj/sx1276mb1las_a2dfe320.o
 .text.SX1276SetAntSwLowPower
                0x08002f8c       0x40 /home/phil/Repos/LoRa_STM32-claude/build/obj/sx1276mb1las_a2dfe320.o
                0x08002f8c                SX1276SetAntSwLowPower
 .text.SX1276SetAntSw
                0x08002fcc       0x18 /home/phil/Repos/LoRa_STM32-claude/build/obj/sx1276mb1las_a2dfe320.o
                0x08002fcc                SX1276SetAntSw
 .text.SystemInit
                0x08002fe4       0x5c /home/phil/Repos/LoRa_STM32-claude/build/obj/system_stm32l0xx_d1d9d34c.o
                0x08002fe4                SystemInit
 .text.SPI_WaitOnFlagUntilTimeout
                0x08003040       0x94 /home/phil/Repos/LoRa_STM32-claude/build/obj/stm32l0xx_hal_spi_0d710a1d.o
 .text.HAL_SPI_MspInit
                0x080030d4        0x2 /home/phil/Repos/LoRa_STM32-claude/build/obj/stm32l0xx_hal_spi_0d710a1d.o
                0x080030d4                HAL_SPI_MspInit
 *fill*         0x080030d6        0x2 
 .text.HAL_SPI_Init
                0x080030d8       0x80 /home/phil/Repos/LoRa_STM32-claude/build/obj/stm32l0xx_hal_spi_0d710a1d.o
                0x080030d8                HAL_SPI_Init
 .text.HAL_SPI_TransmitReceive
                0x08003158      0x2ec /home/phil/Repos/LoRa_STM32-claude/build/obj/stm32l0xx_hal_spi_0d710a1d.o
                0x08003158                HAL_SPI_TransmitReceive
 .text.UART_EndRxTransfer
                0x08003444       0x20 /home/phil/Repos/LoRa_STM32-claude/build/obj/stm32l0xx_hal_uart_151166ad.o
 .text.HAL_UART_Transmit_IT
                0x08003464       0x5e /home/phil/Repos/LoRa_STM32-claude/build/obj/stm32l0xx_hal_uart_151166ad.o
                0x08003464                HAL_UART_Transmit_IT
 *fill*         0x080034c2        0x2 
 .text.HAL_UART_Receive_IT
                0x080034c4       0xa8 /home/phil/Repos/LoRa_STM32-claude/build/obj/stm32l0xx_hal_uart_151166ad.o
                0x080034c4                HAL_UART_Receive_IT
 .text.HAL_UART_Transmit_DMA
                0x0800356c       0x90 /home/phil/Repos/LoRa_STM32-claude/build/obj/stm32l0xx_hal_uart_151166ad.o
                0x0800356c                HAL_UART_Transmit_DMA
 .text.UART_DMATransmitCplt
                0x080035fc       0x34 /home/phil/Repos/LoRa_STM32-claude/build/obj/stm32l0xx_hal_uart_151166ad.o
 .text.HAL_UART_TxHalfCpltCallback
                0x08003630        0x2 /home/phil/Repos/LoRa_STM32-claude/build/obj/stm32l0xx_hal_uart_151166ad.o
                0x08003630                HAL_UART_TxHalfCpltCallback
 .text.UART_DMATxHalfCplt
                0x08003632        0xa /home/phil/Repos/LoRa_STM32-claude/build/obj/stm32l0xx_hal_uart_151166ad.o
 .text.UART_Receive_IT.isra.0
                0x0800363c       0x74 /home/phil/Repos/LoRa_STM32-claude/build/obj/stm32l0xx_hal_uart_151166ad.o
 .text.HAL_UART_ErrorCallback
                0x080036b0        0x2 /home/phil/Repos/LoRa_STM32-claude/build/obj/stm32l0xx_hal_uart_151166ad.o
                0x080036b0                HAL_UART_ErrorCallback
 .text.UART_DMAError
                0x080036b2       0x5a /home/phil/Repos/LoRa_STM32-claude/build/obj/stm32l0xx_hal_uart_151166ad.o
 .text.HAL_UART_IRQHandler
                0x0800370c      0x198 /home/phil/Repos/LoRa_STM32-claude/build/obj/stm32l0xx_hal_uart_151166ad.o
                0x0800370c                HAL_UART_IRQHandler
 .text.UART_DMAAbortOnError
                0x080038a4       0x16 /home/phil/Repos/LoRa_STM32-claude/build/obj/stm32l0xx_hal_uart_151166ad.o
 *fill*         0x080038ba        0x2 
 .text.UART_SetConfig
                0x080038bc      0x270 /home/phil/Repos/LoRa_STM32-claude/build/obj/stm32l0xx_hal_uart_151166ad.o
                0x080038bc                UART_SetConfig
 .text.UART_AdvFeatureConfig
                0x08003b2c       0xd0 /home/phil/Repos/LoRa_STM32-claude/build/obj/stm32l0xx_hal_uart_151166ad.o
                0x08003b2c                UART_AdvFeatureConfig
 .text.UART_WaitOnFlagUntilTimeout
                0x08003bfc       0x64 /home/phil/Repos/LoRa_STM32-claude/build/obj/stm32l0xx_hal_uart_151166ad.o
                0x08003bfc                UART_WaitOnFlagUntilTimeout
 .text.HAL_UART_Transmit
                0x08003c60       0xcc /home/phil/Repos/LoRa_STM32-claude/build/obj/stm32l0xx_hal_uart_151166ad.o
                0x08003c60                HAL_UART_Transmit
 .text.UART_CheckIdleState
                0x08003d2c       0x64 /home/phil/Repos/LoRa_STM32-claude/build/obj/stm32l0xx_hal_uart_151166ad.o
                0x08003d2c                UART_CheckIdleState
 .text.HAL_UART_Init
                0x08003d90       0x6c /home/phil/Repos/LoRa_STM32-claude/build/obj/stm32l0xx_hal_uart_151166ad.o
                0x08003d90                HAL_UART_Init
 .text.ADC_DelayMicroSecond
                0x08003dfc       0x2c /home/phil/Repos/LoRa_STM32-claude/build/obj/stm32l0xx_hal_adc_c7549bd9.o
 .text.ADC_Enable.constprop.0
                0x08003e28       0x70 /home/phil/Repos/LoRa_STM32-claude/build/obj/stm32l0xx_hal_adc_c7549bd9.o
 .text.HAL_ADC_MspInit
                0x08003e98        0x2 /home/phil/Repos/LoRa_STM32-claude/build/obj/stm32l0xx_hal_adc_c7549bd9.o
                0x08003e98                HAL_ADC_MspInit
 *fill*         0x08003e9a        0x2 
 .text.HAL_ADC_Init
                0x08003e9c      0x1a4 /home/phil/Repos/LoRa_STM32-claude/build/obj/stm32l0xx_hal_adc_c7549bd9.o
                0x08003e9c                HAL_ADC_Init
 .text.HAL_ADC_Start
                0x08004040       0x58 /home/phil/Repos/LoRa_STM32-claude/build/obj/stm32l0xx_hal_adc_c7549bd9.o
                0x08004040                HAL_ADC_Start
 .text.HAL_ADC_PollForConversion
                0x08004098       0xc0 /home/phil/Repos/LoRa_STM32-claude/build/obj/stm32l0xx_hal_adc_c7549bd9.o
                0x08004098                HAL_ADC_PollForConversion
 .text.HAL_ADC_GetValue
                0x08004158        0x6 /home/phil/Repos/LoRa_STM32-claude/build/obj/stm32l0xx_hal_adc_c7549bd9.o
                0x08004158                HAL_ADC_GetValue
 *fill*         0x0800415e        0x2 
 .text.HAL_ADC_ConfigChannel
                0x08004160       0xa8 /home/phil/Repos/LoRa_STM32-claude/build/obj/stm32l0xx_hal_adc_c7549bd9.o
                0x08004160                HAL_ADC_ConfigChannel
 .text.RCC_SetFlashLatencyFromMSIRange
                0x08004208       0x74 /home/phil/Repos/LoRa_STM32-claude/build/obj/stm32l0xx_hal_rcc_5d6cbea2.o
 .text.HAL_RCC_OscConfig
                0x0800427c      0x4e0 /home/phil/Repos/LoRa_STM32-claude/build/obj/stm32l0xx_hal_rcc_5d6cbea2.o
                0x0800427c                HAL_RCC_OscConfig
 .text.HAL_RCC_GetSysClockFreq
                0x0800475c       0x84 /home/phil/Repos/LoRa_STM32-claude/build/obj/stm32l0xx_hal_rcc_5d6cbea2.o
                0x0800475c                HAL_RCC_GetSysClockFreq
 .text.HAL_RCC_ClockConfig
                0x080047e0      0x170 /home/phil/Repos/LoRa_STM32-claude/build/obj/stm32l0xx_hal_rcc_5d6cbea2.o
                0x080047e0                HAL_RCC_ClockConfig
 .text.HAL_RCC_GetPCLK1Freq
                0x08004950       0x20 /home/phil/Repos/LoRa_STM32-claude/build/obj/stm32l0xx_hal_rcc_5d6cbea2.o
                0x08004950                HAL_RCC_GetPCLK1Freq
 .text.HAL_RCC_GetPCLK2Freq
                0x08004970       0x20 /home/phil/Repos/LoRa_STM32-claude/build/obj/stm32l0xx_hal_rcc_5d6cbea2.o
                0x08004970                HAL_RCC_GetPCLK2Freq
 .text.HAL_RCCEx_PeriphCLKConfig
                0x08004990      0x1b8 /home/phil/Repos/LoRa_STM32-claude/build/obj/stm32l0xx_hal_rcc_ex_717f907f.o
                0x08004990                HAL_RCCEx_PeriphCLKConfig
 .text.HAL_RCCEx_GetPeriphCLKFreq
                0x08004b48      0x200 /home/phil/Repos/LoRa_STM32-claude/build/obj/stm32l0xx_hal_rcc_ex_717f907f.o
                0x08004b48                HAL_RCCEx_GetPeriphCLKFreq
 .text.HAL_Init
                0x08004d48       0x20 /home/phil/Repos/LoRa_STM32-claude/build/obj/stm32l0xx_hal_48c60b3a.o
                0x08004d48                HAL_Init
 .text.HAL_IncTick
                0x08004d68       0x10 /home/phil/Repos/LoRa_STM32-claude/build/obj/stm32l0xx_hal_48c60b3a.o
                0x08004d68                HAL_IncTick
 .text.HAL_GetTick
                0x08004d78        0xc /home/phil/Repos/LoRa_STM32-claude/build/obj/stm32l0xx_hal_48c60b3a.o
                0x08004d78                HAL_GetTick
 .text.HAL_DBGMCU_DisableDBGSleepMode
                0x08004d84       0x10 /home/phil/Repos/LoRa_STM32-claude/build/obj/stm32l0xx_hal_48c60b3a.o
                0x08004d84                HAL_DBGMCU_DisableDBGSleepMode
 .text.HAL_DBGMCU_DisableDBGStopMode
                0x08004d94       0x10 /home/phil/Repos/LoRa_STM32-claude/build/obj/stm32l0xx_hal_48c60b3a.o
                0x08004d94                HAL_DBGMCU_DisableDBGStopMode
 .text.HAL_DBGMCU_DisableDBGStandbyMode
                0x08004da4       0x10 /home/phil/Repos/LoRa_STM32-claude/build/obj/stm32l0xx_hal_48c60b3a.o
                0x08004da4                HAL_DBGMCU_DisableDBGStandbyMode
 .text.HAL_NVIC_SetPriority
                0x08004db4       0x50 /home/phil/Repos/LoRa_STM32-claude/build/obj/stm32l0xx_hal_cortex_96b83243.o
                0x08004db4                HAL_NVIC_SetPriority
 .text.HAL_NVIC_EnableIRQ
                0x08004e04       0x14 /home/phil/Repos/LoRa_STM32-claude/build/obj/stm32l0xx_hal_cortex_96b83243.o
                0x08004e04                HAL_NVIC_EnableIRQ
 .text.HAL_NVIC_DisableIRQ
                0x08004e18       0x14 /home/phil/Repos/LoRa_STM32-claude/build/obj/stm32l0xx_hal_cortex_96b83243.o
                0x08004e18                HAL_NVIC_DisableIRQ
 .text.HAL_GPIO_Init
                0x08004e2c      0x174 /home/phil/Repos/LoRa_STM32-claude/build/obj/stm32l0xx_hal_gpio_6314eb15.o
                0x08004e2c                HAL_GPIO_Init
 .text.HAL_GPIO_DeInit
                0x08004fa0       0xf8 /home/phil/Repos/LoRa_STM32-claude/build/obj/stm32l0xx_hal_gpio_6314eb15.o
                0x08004fa0                HAL_GPIO_DeInit
 .text.HAL_GPIO_ReadPin
                0x08005098        0xc /home/phil/Repos/LoRa_STM32-claude/build/obj/stm32l0xx_hal_gpio_6314eb15.o
                0x08005098                HAL_GPIO_ReadPin
 .text.HAL_GPIO_WritePin
                0x080050a4        0xc /home/phil/Repos/LoRa_STM32-claude/build/obj/stm32l0xx_hal_gpio_6314eb15.o
                0x080050a4                HAL_GPIO_WritePin
 .text.HAL_GPIO_EXTI_IRQHandler
                0x080050b0       0x18 /home/phil/Repos/LoRa_STM32-claude/build/obj/stm32l0xx_hal_gpio_6314eb15.o
                0x080050b0                HAL_GPIO_EXTI_IRQHandler
 .text.HAL_DMA_Init
                0x080050c8      0x12c /home/phil/Repos/LoRa_STM32-claude/build/obj/stm32l0xx_hal_dma_059f8871.o
                0x080050c8                HAL_DMA_Init
 .text.HAL_DMA_Start_IT
                0x080051f4       0x56 /home/phil/Repos/LoRa_STM32-claude/build/obj/stm32l0xx_hal_dma_059f8871.o
                0x080051f4                HAL_DMA_Start_IT
 *fill*         0x0800524a        0x2 
 .text.HAL_DMA_Abort_IT
                0x0800524c       0x9c /home/phil/Repos/LoRa_STM32-claude/build/obj/stm32l0xx_hal_dma_059f8871.o
                0x0800524c                HAL_DMA_Abort_IT
 .text.HAL_DMA_IRQHandler
                0x080052e8      0x190 /home/phil/Repos/LoRa_STM32-claude/build/obj/stm32l0xx_hal_dma_059f8871.o
                0x080052e8                HAL_DMA_IRQHandler
 .text.HAL_PWR_DisablePVD
                0x08005478       0x10 /home/phil/Repos/LoRa_STM32-claude/build/obj/stm32l0xx_hal_pwr_cd42b393.o
                0x08005478                HAL_PWR_DisablePVD
 .text.HAL_PWR_EnterSLEEPMode
                0x08005488       0x30 /home/phil/Repos/LoRa_STM32-claude/build/obj/stm32l0xx_hal_pwr_cd42b393.o
                0x08005488                HAL_PWR_EnterSLEEPMode
 .text.HAL_PWR_EnterSTOPMode
                0x080054b8       0x38 /home/phil/Repos/LoRa_STM32-claude/build/obj/stm32l0xx_hal_pwr_cd42b393.o
                0x080054b8                HAL_PWR_EnterSTOPMode
 .text.HAL_PWREx_EnableFastWakeUp
                0x080054f0       0x14 /home/phil/Repos/LoRa_STM32-claude/build/obj/stm32l0xx_hal_pwr_ex_1298891d.o
                0x080054f0                HAL_PWREx_EnableFastWakeUp
 .text.HAL_PWREx_EnableUltraLowPower
                0x08005504       0x14 /home/phil/Repos/LoRa_STM32-claude/build/obj/stm32l0xx_hal_pwr_ex_1298891d.o
                0x08005504                HAL_PWREx_EnableUltraLowPower
 .text.HAL_RTC_DeactivateAlarm
                0x08005518       0xb8 /home/phil/Repos/LoRa_STM32-claude/build/obj/stm32l0xx_hal_rtc_760a24a3.o
                0x08005518                HAL_RTC_DeactivateAlarm
 .text.HAL_RTC_WaitForSynchro
                0x080055d0       0x34 /home/phil/Repos/LoRa_STM32-claude/build/obj/stm32l0xx_hal_rtc_760a24a3.o
                0x080055d0                HAL_RTC_WaitForSynchro
 .text.RTC_EnterInitMode
                0x08005604       0x38 /home/phil/Repos/LoRa_STM32-claude/build/obj/stm32l0xx_hal_rtc_760a24a3.o
                0x08005604                RTC_EnterInitMode
 .text.HAL_RTC_Init
                0x0800563c       0x90 /home/phil/Repos/LoRa_STM32-claude/build/obj/stm32l0xx_hal_rtc_760a24a3.o
                0x0800563c                HAL_RTC_Init
 .text.RTC_ByteToBcd2
                0x080056cc       0x16 /home/phil/Repos/LoRa_STM32-claude/build/obj/stm32l0xx_hal_rtc_760a24a3.o
                0x080056cc                RTC_ByteToBcd2
 *fill*         0x080056e2        0x2 
 .text.HAL_RTC_SetTime
                0x080056e4      0x10c /home/phil/Repos/LoRa_STM32-claude/build/obj/stm32l0xx_hal_rtc_760a24a3.o
                0x080056e4                HAL_RTC_SetTime
 .text.HAL_RTC_SetDate
                0x080057f0       0xe4 /home/phil/Repos/LoRa_STM32-claude/build/obj/stm32l0xx_hal_rtc_760a24a3.o
                0x080057f0                HAL_RTC_SetDate
 .text.HAL_RTC_SetAlarm_IT
                0x080058d4      0x19c /home/phil/Repos/LoRa_STM32-claude/build/obj/stm32l0xx_hal_rtc_760a24a3.o
                0x080058d4                HAL_RTC_SetAlarm_IT
 .text.RTC_Bcd2ToByte
                0x08005a70       0x12 /home/phil/Repos/LoRa_STM32-claude/build/obj/stm32l0xx_hal_rtc_760a24a3.o
                0x08005a70                RTC_Bcd2ToByte
 *fill*         0x08005a82        0x2 
 .text.HAL_RTC_GetTime
                0x08005a84       0x54 /home/phil/Repos/LoRa_STM32-claude/build/obj/stm32l0xx_hal_rtc_760a24a3.o
                0x08005a84                HAL_RTC_GetTime
 .text.HAL_RTC_GetDate
                0x08005ad8       0x44 /home/phil/Repos/LoRa_STM32-claude/build/obj/stm32l0xx_hal_rtc_760a24a3.o
                0x08005ad8                HAL_RTC_GetDate
 .text.HAL_RTCEx_EnableBypassShadow
                0x08005b1c       0x34 /home/phil/Repos/LoRa_STM32-claude/build/obj/stm32l0xx_hal_rtc_ex_dcf355d0.o
                0x08005b1c                HAL_RTCEx_EnableBypassShadow
 .text.TIM_Base_SetConfig
                0x08005b50       0x4c /home/phil/Repos/LoRa_STM32-claude/build/obj/stm32l0xx_hal_tim_821fd5ef.o
 .text.TIM_TI1_SetConfig
                0x08005b9c       0x5c /home/phil/Repos/LoRa_STM32-claude/build/obj/stm32l0xx_hal_tim_821fd5ef.o
 .text.TIM_CCxChannelCmd
                0x08005bf8       0x16 /home/phil/Repos/LoRa_STM32-claude/build/obj/stm32l0xx_hal_tim_821fd5ef.o
 .text.HAL_TIM_Base_MspInit
                0x08005c0e        0x2 /home/phil/Repos/LoRa_STM32-claude/build/obj/stm32l0xx_hal_tim_821fd5ef.o
                0x08005c0e                HAL_TIM_Base_MspInit
 .text.HAL_TIM_Base_Init
                0x08005c10       0x36 /home/phil/Repos/LoRa_STM32-claude/build/obj/stm32l0xx_hal_tim_821fd5ef.o
                0x08005c10                HAL_TIM_Base_Init
 .text.HAL_TIM_Base_Start_IT
                0x08005c46       0x14 /home/phil/Repos/LoRa_STM32-claude/build/obj/stm32l0xx_hal_tim_821fd5ef.o
                0x08005c46                HAL_TIM_Base_Start_IT
 *fill*         0x08005c5a        0x2 
 .text.HAL_TIM_Base_Stop_IT
                0x08005c5c       0x20 /home/phil/Repos/LoRa_STM32-claude/build/obj/stm32l0xx_hal_tim_821fd5ef.o
                0x08005c5c                HAL_TIM_Base_Stop_IT
 .text.HAL_TIM_OC_Start_IT
                0x08005c7c       0x40 /home/phil/Repos/LoRa_STM32-claude/build/obj/stm32l0xx_hal_tim_821fd5ef.o
                0x08005c7c                HAL_TIM_OC_Start_IT
 .text.HAL_TIM_OC_Stop_IT
                0x08005cbc       0x4c /home/phil/Repos/LoRa_STM32-claude/build/obj/stm32l0xx_hal_tim_821fd5ef.o
                0x08005cbc                HAL_TIM_OC_Stop_IT
 .text.HAL_TIM_IC_Init
                0x08005d08       0x36 /home/phil/Repos/LoRa_STM32-claude/build/obj/stm32l0xx_hal_tim_821fd5ef.o
                0x08005d08                HAL_TIM_IC_Init
 .text.HAL_TIM_IC_MspDeInit
                0x08005d3e        0x2 /home/phil/Repos/LoRa_STM32-claude/build/obj/stm32l0xx_hal_tim_821fd5ef.o
                0x08005d3e                HAL_TIM_IC_MspDeInit
 .text.HAL_TIM_IC_DeInit
                0x08005d40       0x34 /home/phil/Repos/LoRa_STM32-claude/build/obj/stm32l0xx_hal_tim_821fd5ef.o
                0x08005d40                HAL_TIM_IC_DeInit
 .text.HAL_TIM_IC_Start_IT
                0x08005d74        0xa /home/phil/Repos/LoRa_STM32-claude/build/obj/stm32l0xx_hal_tim_821fd5ef.o
                0x08005d74                HAL_TIM_IC_Start_IT
 .text.HAL_TIM_IC_Stop_IT
                0x08005d7e        0xa /home/phil/Repos/LoRa_STM32-claude/build/obj/stm32l0xx_hal_tim_821fd5ef.o
                0x08005d7e                HAL_TIM_IC_Stop_IT
 .text.HAL_TIM_IC_ConfigChannel
                0x08005d88      0x138 /home/phil/Repos/LoRa_STM32-claude/build/obj/stm32l0xx_hal_tim_821fd5ef.o
                0x08005d88                HAL_TIM_IC_ConfigChannel
 .text.HAL_TIM_ReadCapturedValue
                0x08005ec0       0x42 /home/phil/Repos/LoRa_STM32-claude/build/obj/stm32l0xx_hal_tim_821fd5ef.o
                0x08005ec0                HAL_TIM_ReadCapturedValue
 .text.HAL_TIM_OC_DelayElapsedCallback
                0x08005f02        0x2 /home/phil/Repos/LoRa_STM32-claude/build/obj/stm32l0xx_hal_tim_821fd5ef.o
                0x08005f02                HAL_TIM_OC_DelayElapsedCallback
 .text.HAL_TIM_PWM_PulseFinishedCallback
                0x08005f04        0x2 /home/phil/Repos/LoRa_STM32-claude/build/obj/stm32l0xx_hal_tim_821fd5ef.o
                0x08005f04                HAL_TIM_PWM_PulseFinishedCallback
 .text.HAL_TIM_TriggerCallback
                0x08005f06        0x2 /home/phil/Repos/LoRa_STM32-claude/build/obj/stm32l0xx_hal_tim_821fd5ef.o
                0x08005f06                HAL_TIM_TriggerCallback
 .text.HAL_TIM_IRQHandler
                0x08005f08      0x110 /home/phil/Repos/LoRa_STM32-claude/build/obj/stm32l0xx_hal_tim_821fd5ef.o
                0x08005f08                HAL_TIM_IRQHandler
 .text.HAL_TIMEx_RemapConfig
                0x08006018       0x20 /home/phil/Repos/LoRa_STM32-claude/build/obj/stm32l0xx_hal_tim_ex_b8a8c763.o
                0x08006018                HAL_TIMEx_RemapConfig
 .text.HAL_ADCEx_Calibration_Start
                0x08006038       0xa0 /home/phil/Repos/LoRa_STM32-claude/build/obj/stm32l0xx_hal_adc_ex_38e6fee2.o
                0x08006038                HAL_ADCEx_Calibration_Start
 .text.HAL_UARTEx_StopModeWakeUpSourceConfig
                0x080060d8       0x90 /home/phil/Repos/LoRa_STM32-claude/build/obj/stm32l0xx_hal_uart_ex_5f0f995d.o
                0x080060d8                HAL_UARTEx_StopModeWakeUpSourceConfig
 .text.HAL_UARTEx_EnableStopMode
                0x08006168       0x2c /home/phil/Repos/LoRa_STM32-claude/build/obj/stm32l0xx_hal_uart_ex_5f0f995d.o
                0x08006168                HAL_UARTEx_EnableStopMode
 .text.HAL_UARTEx_WakeupCallback
                0x08006194        0x2 /home/phil/Repos/LoRa_STM32-claude/build/obj/stm32l0xx_hal_uart_ex_5f0f995d.o
                0x08006194                HAL_UARTEx_WakeupCallback
 .text.I2C_Flush_TXDR
                0x08006196       0x1c /home/phil/Repos/LoRa_STM32-claude/build/obj/stm32l0xx_hal_i2c_d420655c.o
 *fill*         0x080061b2        0x2 
 .text.I2C_TransferConfig
                0x080061b4       0x24 /home/phil/Repos/LoRa_STM32-claude/build/obj/stm32l0xx_hal_i2c_d420655c.o
 .text.I2C_WaitOnFlagUntilTimeout
                0x080061d8       0x4c /home/phil/Repos/LoRa_STM32-claude/build/obj/stm32l0xx_hal_i2c_d420655c.o
 .text.I2C_IsAcknowledgeFailed
                0x08006224       0x80 /home/phil/Repos/LoRa_STM32-claude/build/obj/stm32l0xx_hal_i2c_d420655c.o
 .text.I2C_WaitOnTXISFlagUntilTimeout
                0x080062a4       0x5a /home/phil/Repos/LoRa_STM32-claude/build/obj/stm32l0xx_hal_i2c_d420655c.o
 .text.I2C_RequestMemoryWrite
                0x080062fe       0x68 /home/phil/Repos/LoRa_STM32-claude/build/obj/stm32l0xx_hal_i2c_d420655c.o
 .text.I2C_RequestMemoryRead
                0x08006366       0x66 /home/phil/Repos/LoRa_STM32-claude/build/obj/stm32l0xx_hal_i2c_d420655c.o
 .text.I2C_WaitOnSTOPFlagUntilTimeout
                0x080063cc       0x56 /home/phil/Repos/LoRa_STM32-claude/build/obj/stm32l0xx_hal_i2c_d420655c.o
 *fill*         0x08006422        0x2 
 .text.HAL_I2C_Init
                0x08006424       0xac /home/phil/Repos/LoRa_STM32-claude/build/obj/stm32l0xx_hal_i2c_d420655c.o
                0x08006424                HAL_I2C_Init
 .text.HAL_I2C_Master_Transmit
                0x080064d0      0x120 /home/phil/Repos/LoRa_STM32-claude/build/obj/stm32l0xx_hal_i2c_d420655c.o
                0x080064d0                HAL_I2C_Master_Transmit
 .text.HAL_I2C_Mem_Write
                0x080065f0      0x16c /home/phil/Repos/LoRa_STM32-claude/build/obj/stm32l0xx_hal_i2c_d420655c.o
                0x080065f0                HAL_I2C_Mem_Write
 .text.HAL_I2C_Mem_Read
                0x0800675c      0x174 /home/phil/Repos/LoRa_STM32-claude/build/obj/stm32l0xx_hal_i2c_d420655c.o
                0x0800675c                HAL_I2C_Mem_Read
 .text.HAL_I2C_IsDeviceReady
                0x080068d0      0x128 /home/phil/Repos/LoRa_STM32-claude/build/obj/stm32l0xx_hal_i2c_d420655c.o
                0x080068d0                HAL_I2C_IsDeviceReady
 .text.HAL_I2CEx_ConfigAnalogFilter
                0x080069f8       0x4c /home/phil/Repos/LoRa_STM32-claude/build/obj/stm32l0xx_hal_i2c_ex_a1e58d1b.o
                0x080069f8                HAL_I2CEx_ConfigAnalogFilter
 .text.HAL_FLASHEx_DATAEEPROM_Unlock
                0x08006a44       0x24 /home/phil/Repos/LoRa_STM32-claude/build/obj/stm32l0xx_hal_flash_ex_2521ef03.o
                0x08006a44                HAL_FLASHEx_DATAEEPROM_Unlock
 .text.HAL_FLASHEx_DATAEEPROM_Lock
                0x08006a68       0x14 /home/phil/Repos/LoRa_STM32-claude/build/obj/stm32l0xx_hal_flash_ex_2521ef03.o
                0x08006a68                HAL_FLASHEx_DATAEEPROM_Lock
 .text.HAL_FLASHEx_DATAEEPROM_Erase
                0x08006a7c       0x24 /home/phil/Repos/LoRa_STM32-claude/build/obj/stm32l0xx_hal_flash_ex_2521ef03.o
                0x08006a7c                HAL_FLASHEx_DATAEEPROM_Erase
 .text.HAL_FLASHEx_DATAEEPROM_Program
                0x08006aa0       0x54 /home/phil/Repos/LoRa_STM32-claude/build/obj/stm32l0xx_hal_flash_ex_2521ef03.o
                0x08006aa0                HAL_FLASHEx_DATAEEPROM_Program
 .text.FLASH_SetErrorCode
                0x08006af4       0xac /home/phil/Repos/LoRa_STM32-claude/build/obj/stm32l0xx_hal_flash_20ada424.o
 .text.FLASH_WaitForLastOperation
                0x08006ba0       0x74 /home/phil/Repos/LoRa_STM32-claude/build/obj/stm32l0xx_hal_flash_20ada424.o
                0x08006ba0                FLASH_WaitForLastOperation
 .text.HAL_IWDG_Init
                0x08006c14       0x58 /home/phil/Repos/LoRa_STM32-claude/build/obj/stm32l0xx_hal_iwdg_16129b01.o
                0x08006c14                HAL_IWDG_Init
 .text.HAL_IWDG_Refresh
                0x08006c6c       0x10 /home/phil/Repos/LoRa_STM32-claude/build/obj/stm32l0xx_hal_iwdg_16129b01.o
                0x08006c6c                HAL_IWDG_Refresh
 .text.bsp_chameleon_last_sample
                0x08006c7c        0x8 /home/phil/Repos/LoRa_STM32-claude/build/obj/bsp_fc5dfbea.o
                0x08006c7c                bsp_chameleon_last_sample
 .text.Device_status
                0x08006c84       0x54 /home/phil/Repos/LoRa_STM32-claude/build/obj/bsp_fc5dfbea.o
                0x08006c84                Device_status
 .text.HAL_I2C_MspInit
                0x08006cd8       0x74 /home/phil/Repos/LoRa_STM32-claude/build/obj/bsp_fc5dfbea.o
                0x08006cd8                HAL_I2C_MspInit
 .text.BSP_sensor_Read
                0x08006d4c      0x5e0 /home/phil/Repos/LoRa_STM32-claude/build/obj/bsp_fc5dfbea.o
                0x08006d4c                BSP_sensor_Read
 .text.HAL_I2C_MspDeInit
                0x0800732c       0x34 /home/phil/Repos/LoRa_STM32-claude/build/obj/bsp_fc5dfbea.o
                0x0800732c                HAL_I2C_MspDeInit
 .text.BSP_sensor_Init
                0x08007360      0x1d0 /home/phil/Repos/LoRa_STM32-claude/build/obj/bsp_fc5dfbea.o
                0x08007360                BSP_sensor_Init
 .text.chameleon_board_i2c_write
                0x08007530       0x44 /home/phil/Repos/LoRa_STM32-claude/build/obj/bsp_fc5dfbea.o
                0x08007530                chameleon_board_i2c_write
 .text.chameleon_board_battery_mv
                0x08007574        0xc /home/phil/Repos/LoRa_STM32-claude/build/obj/bsp_fc5dfbea.o
                0x08007574                chameleon_board_battery_mv
 .text.DBG_Init
                0x08007580       0x64 /home/phil/Repos/LoRa_STM32-claude/build/obj/debug_f8cb5e76.o
                0x08007580                DBG_Init
 .text.Error_Handler
                0x080075e4        0x2 /home/phil/Repos/LoRa_STM32-claude/build/obj/debug_f8cb5e76.o
                0x080075e4                Error_Handler
 *fill*         0x080075e6        0x2 
 .text.HW_GPIO_GetBitPos
                0x080075e8       0x38 /home/phil/Repos/LoRa_STM32-claude/build/obj/hw_gpio_097d5577.o
 .text.HW_GPIO_Init
                0x08007620       0x98 /home/phil/Repos/LoRa_STM32-claude/build/obj/hw_gpio_097d5577.o
                0x08007620                HW_GPIO_Init
 .text.HW_GPIO_SetIrq
                0x080076b8       0x34 /home/phil/Repos/LoRa_STM32-claude/build/obj/hw_gpio_097d5577.o
                0x080076b8                HW_GPIO_SetIrq
 .text.HW_GPIO_IrqHandler
                0x080076ec       0x18 /home/phil/Repos/LoRa_STM32-claude/build/obj/hw_gpio_097d5577.o
                0x080076ec                HW_GPIO_IrqHandler
 .text.HW_GPIO_Write
                0x08007704        0xa /home/phil/Repos/LoRa_STM32-claude/build/obj/hw_gpio_097d5577.o
                0x08007704                HW_GPIO_Write
 *fill*         0x0800770e        0x2 
 .text.HW_RTC_GetCalendarValue
                0x08007710       0xac /home/phil/Repos/LoRa_STM32-claude/build/obj/hw_rtc_40701610.o
 .text.HW_RTC_GetMinimumTimeout
                0x080077bc        0x4 /home/phil/Repos/LoRa_STM32-claude/build/obj/hw_rtc_40701610.o
                0x080077bc                HW_RTC_GetMinimumTimeout
 .text.HW_RTC_ms2Tick
                0x080077c0       0x10 /home/phil/Repos/LoRa_STM32-claude/build/obj/hw_rtc_40701610.o
                0x080077c0                HW_RTC_ms2Tick
 .text.HW_RTC_Tick2ms
                0x080077d0       0x14 /home/phil/Repos/LoRa_STM32-claude/build/obj/hw_rtc_40701610.o
                0x080077d0                HW_RTC_Tick2ms
 .text.HW_RTC_GetTimerElapsedTime
                0x080077e4       0x18 /home/phil/Repos/LoRa_STM32-claude/build/obj/hw_rtc_40701610.o
                0x080077e4                HW_RTC_GetTimerElapsedTime
 .text.HW_RTC_GetTimerValue
                0x080077fc        0xe /home/phil/Repos/LoRa_STM32-claude/build/obj/hw_rtc_40701610.o
                0x080077fc                HW_RTC_GetTimerValue
 *fill*         0x0800780a        0x2 
 .text.HW_RTC_StopAlarm
                0x0800780c       0x24 /home/phil/Repos/LoRa_STM32-claude/build/obj/hw_rtc_40701610.o
                0x0800780c                HW_RTC_StopAlarm
 .text.HW_RTC_SetAlarm
                0x08007830      0x144 /home/phil/Repos/LoRa_STM32-claude/build/obj/hw_rtc_40701610.o
                0x08007830                HW_RTC_SetAlarm
 .text.HW_RTC_IrqHandler
                0x08007974       0x40 /home/phil/Repos/LoRa_STM32-claude/build/obj/hw_rtc_40701610.o
                0x08007974                HW_RTC_IrqHandler
 .text.HW_RTC_DelayMs
                0x080079b4       0x26 /home/phil/Repos/LoRa_STM32-claude/build/obj/hw_rtc_40701610.o
                0x080079b4                HW_RTC_DelayMs
 *fill*         0x080079da        0x2 
 .text.HW_RTC_SetTimerContext
                0x080079dc       0x1c /home/phil/Repos/LoRa_STM32-claude/build/obj/hw_rtc_40701610.o
                0x080079dc                HW_RTC_SetTimerContext
 .text.HW_RTC_Init
                0x080079f8       0x78 /home/phil/Repos/LoRa_STM32-claude/build/obj/hw_rtc_40701610.o
                0x080079f8                HW_RTC_Init
 .text.HW_RTC_GetTimerContext
                0x08007a70        0xc /home/phil/Repos/LoRa_STM32-claude/build/obj/hw_rtc_40701610.o
                0x08007a70                HW_RTC_GetTimerContext
 .text.HW_SPI_IoInit
                0x08007a7c       0x62 /home/phil/Repos/LoRa_STM32-claude/build/obj/hw_spi_1d9ffd93.o
                0x08007a7c                HW_SPI_IoInit
 *fill*         0x08007ade        0x2 
 .text.HW_SPI_Init
                0x08007ae0       0x80 /home/phil/Repos/LoRa_STM32-claude/build/obj/hw_spi_1d9ffd93.o
                0x08007ae0                HW_SPI_Init
 .text.HW_SPI_IoDeInit
                0x08007b60       0x84 /home/phil/Repos/LoRa_STM32-claude/build/obj/hw_spi_1d9ffd93.o
                0x08007b60                HW_SPI_IoDeInit
 .text.HW_SPI_InOut
                0x08007be4       0x28 /home/phil/Repos/LoRa_STM32-claude/build/obj/hw_spi_1d9ffd93.o
                0x08007be4                HW_SPI_InOut
 .text.OnIWDGRefreshTimeoutEvent
                0x08007c0c       0x28 /home/phil/Repos/LoRa_STM32-claude/build/obj/main_47d3d071.o
 .text.OnNetworkJoinedLedEvent
                0x08007c34       0x28 /home/phil/Repos/LoRa_STM32-claude/build/obj/main_47d3d071.o
 .text.UnconfirmedUplinkChangeToConfirmedUplinkTimeoutEvent
                0x08007c5c       0x18 /home/phil/Repos/LoRa_STM32-claude/build/obj/main_47d3d071.o
 .text.OnReJoinTimerEvent
                0x08007c74       0x18 /home/phil/Repos/LoRa_STM32-claude/build/obj/main_47d3d071.o
 .text.LORA_ConfirmClass
                0x08007c8c       0x28 /home/phil/Repos/LoRa_STM32-claude/build/obj/main_47d3d071.o
 .text.OnDownlinkDetectTimeoutEvent
                0x08007cb4       0x20 /home/phil/Repos/LoRa_STM32-claude/build/obj/main_47d3d071.o
 .text.LORA_RxData
                0x08007cd4      0x634 /home/phil/Repos/LoRa_STM32-claude/build/obj/main_47d3d071.o
 .text.OnTxTimerEvent
                0x08008308       0x44 /home/phil/Repos/LoRa_STM32-claude/build/obj/main_47d3d071.o
 .text.OnTxTimerEvent2
                0x0800834c       0xdc /home/phil/Repos/LoRa_STM32-claude/build/obj/main_47d3d071.o
 .text.LORA_HasJoined
                0x08008428       0x8c /home/phil/Repos/LoRa_STM32-claude/build/obj/main_47d3d071.o
 .text.startup.main
                0x080084b4      0xd00 /home/phil/Repos/LoRa_STM32-claude/build/obj/main_47d3d071.o
                0x080084b4                main
 .text.HAL_InitTick
                0x080091b4        0x4 /home/phil/Repos/LoRa_STM32-claude/build/obj/stm32l0xx_hal_msp_59407185.o
                0x080091b4                HAL_InitTick
 .text.HAL_Delay
                0x080091b8        0xc /home/phil/Repos/LoRa_STM32-claude/build/obj/stm32l0xx_hal_msp_59407185.o
                0x080091b8                HAL_Delay
 .text.HAL_MspInit
                0x080091c4       0x30 /home/phil/Repos/LoRa_STM32-claude/build/obj/stm32l0xx_hal_msp_59407185.o
                0x080091c4                HAL_MspInit
 .text.HAL_RTC_MspInit
                0x080091f4       0x5c /home/phil/Repos/LoRa_STM32-claude/build/obj/stm32l0xx_hal_msp_59407185.o
                0x080091f4                HAL_RTC_MspInit
 .text.HAL_RTC_AlarmAEventCallback
                0x08009250        0x8 /home/phil/Repos/LoRa_STM32-claude/build/obj/stm32l0xx_hal_msp_59407185.o
                0x08009250                HAL_RTC_AlarmAEventCallback
 .text.HAL_GPIO_EXTI_Callback
                0x08009258        0x8 /home/phil/Repos/LoRa_STM32-claude/build/obj/stm32l0xx_hal_msp_59407185.o
                0x08009258                HAL_GPIO_EXTI_Callback
 .text.HAL_TIM_IC_MspInit
                0x08009260       0x20 /home/phil/Repos/LoRa_STM32-claude/build/obj/stm32l0xx_hal_msp_59407185.o
                0x08009260                HAL_TIM_IC_MspInit
 .text.MSP_GetIRQn
                0x08009280       0x20 /home/phil/Repos/LoRa_STM32-claude/build/obj/stm32l0xx_hal_msp_59407185.o
                0x08009280                MSP_GetIRQn
 .text.SystemClock_Config
                0x080092a0       0x98 /home/phil/Repos/LoRa_STM32-claude/build/obj/stm32l0xx_hw_492d4781.o
                0x080092a0                SystemClock_Config
 .text.HW_GetRandomSeed
                0x08009338       0x20 /home/phil/Repos/LoRa_STM32-claude/build/obj/stm32l0xx_hw_492d4781.o
                0x08009338                HW_GetRandomSeed
 .text.HW_GetUniqueId
                0x08009358       0x54 /home/phil/Repos/LoRa_STM32-claude/build/obj/stm32l0xx_hw_492d4781.o
                0x08009358                HW_GetUniqueId
 .text.HW_AdcInit
                0x080093ac       0x5c /home/phil/Repos/LoRa_STM32-claude/build/obj/stm32l0xx_hw_492d4781.o
                0x080093ac                HW_AdcInit
 .text.HW_Init  0x08009408       0x38 /home/phil/Repos/LoRa_STM32-claude/build/obj/stm32l0xx_hw_492d4781.o
                0x08009408                HW_Init
 .text.HW_AdcReadChannel
                0x08009440       0x9c /home/phil/Repos/LoRa_STM32-claude/build/obj/stm32l0xx_hw_492d4781.o
                0x08009440                HW_AdcReadChannel
 .text.HW_GetTemperatureLevel
                0x080094dc       0x64 /home/phil/Repos/LoRa_STM32-claude/build/obj/stm32l0xx_hw_492d4781.o
                0x080094dc                HW_GetTemperatureLevel
 .text.HW_GetBatteryLevel
                0x08009540       0x64 /home/phil/Repos/LoRa_STM32-claude/build/obj/stm32l0xx_hw_492d4781.o
                0x08009540                HW_GetBatteryLevel
 .text.LPM_EnterStopMode
                0x080095a4       0x38 /home/phil/Repos/LoRa_STM32-claude/build/obj/stm32l0xx_hw_492d4781.o
                0x080095a4                LPM_EnterStopMode
 .text.LPM_ExitStopMode
                0x080095dc       0x5c /home/phil/Repos/LoRa_STM32-claude/build/obj/stm32l0xx_hw_492d4781.o
                0x080095dc                LPM_ExitStopMode
 .text.LPM_EnterSleepMode
                0x08009638        0xc /home/phil/Repos/LoRa_STM32-claude/build/obj/stm32l0xx_hw_492d4781.o
                0x08009638                LPM_EnterSleepMode
 .text.NMI_Handler
                0x08009644        0x2 /home/phil/Repos/LoRa_STM32-claude/build/obj/stm32l0xx_it_b362cb1e.o
                0x08009644                NMI_Handler
 .text.HardFault_Handler
                0x08009646        0x4 /home/phil/Repos/LoRa_STM32-claude/build/obj/stm32l0xx_it_b362cb1e.o
                0x08009646                HardFault_Handler
 .text.SVC_Handler
                0x0800964a        0x2 /home/phil/Repos/LoRa_STM32-claude/build/obj/stm32l0xx_it_b362cb1e.o
                0x0800964a                SVC_Handler
 .text.PendSV_Handler
                0x0800964c        0x2 /home/phil/Repos/LoRa_STM32-claude/build/obj/stm32l0xx_it_b362cb1e.o
                0x0800964c                PendSV_Handler
 .text.SysTick_Handler
                0x0800964e        0x8 /home/phil/Repos/LoRa_STM32-claude/build/obj/stm32l0xx_it_b362cb1e.o
                0x0800964e                SysTick_Handler
 .text.USART1_IRQHandler
                0x08009656        0x8 /home/phil/Repos/LoRa_STM32-claude/build/obj/stm32l0xx_it_b362cb1e.o
                0x08009656                USART1_IRQHandler
 .text.RNG_LPUART1_IRQHandler
                0x0800965e        0x8 /home/phil/Repos/LoRa_STM32-claude/build/obj/stm32l0xx_it_b362cb1e.o
                0x0800965e                RNG_LPUART1_IRQHandler
 .text.DMA1_Channel4_5_6_7_IRQHandler
                0x08009666        0x8 /home/phil/Repos/LoRa_STM32-claude/build/obj/stm32l0xx_it_b362cb1e.o
                0x08009666                DMA1_Channel4_5_6_7_IRQHandler
 .text.RTC_IRQHandler
                0x0800966e        0x8 /home/phil/Repos/LoRa_STM32-claude/build/obj/stm32l0xx_it_b362cb1e.o
                0x0800966e                RTC_IRQHandler
 .text.EXTI0_1_IRQHandler
                0x08009676       0x10 /home/phil/Repos/LoRa_STM32-claude/build/obj/stm32l0xx_it_b362cb1e.o
                0x08009676                EXTI0_1_IRQHandler
 .text.EXTI2_3_IRQHandler
                0x08009686       0x10 /home/phil/Repos/LoRa_STM32-claude/build/obj/stm32l0xx_it_b362cb1e.o
                0x08009686                EXTI2_3_IRQHandler
 *fill*         0x08009696        0x2 
 .text.EXTI4_15_IRQHandler
                0x08009698      0x170 /home/phil/Repos/LoRa_STM32-claude/build/obj/stm32l0xx_it_b362cb1e.o
                0x08009698                EXTI4_15_IRQHandler
 .text.TIM21_IRQHandler
                0x08009808        0x8 /home/phil/Repos/LoRa_STM32-claude/build/obj/stm32l0xx_it_b362cb1e.o
                0x08009808                TIM21_IRQHandler
 .text.TIM3_IRQHandler
                0x08009810       0x10 /home/phil/Repos/LoRa_STM32-claude/build/obj/stm32l0xx_it_b362cb1e.o
                0x08009810                TIM3_IRQHandler
 .text.vcom_Init
                0x08009820       0x3c /home/phil/Repos/LoRa_STM32-claude/build/obj/vcom_81525599.o
                0x08009820                vcom_Init
 .text.vcom_Trace
                0x0800985c       0x14 /home/phil/Repos/LoRa_STM32-claude/build/obj/vcom_81525599.o
                0x0800985c                vcom_Trace
 .text.HAL_UART_TxCpltCallback
                0x08009870       0x14 /home/phil/Repos/LoRa_STM32-claude/build/obj/vcom_81525599.o
                0x08009870                HAL_UART_TxCpltCallback
 .text.vcom_ReceiveInit
                0x08009884       0x34 /home/phil/Repos/LoRa_STM32-claude/build/obj/vcom_81525599.o
                0x08009884                vcom_ReceiveInit
 .text.HAL_UART_RxCpltCallback
                0x080098b8       0xc4 /home/phil/Repos/LoRa_STM32-claude/build/obj/vcom_81525599.o
                0x080098b8                HAL_UART_RxCpltCallback
 .text.vcom_DMA_TX_IRQHandler
                0x0800997c       0x10 /home/phil/Repos/LoRa_STM32-claude/build/obj/vcom_81525599.o
                0x0800997c                vcom_DMA_TX_IRQHandler
 .text.vcom_IRQHandler
                0x0800998c       0x10 /home/phil/Repos/LoRa_STM32-claude/build/obj/vcom_81525599.o
                0x0800998c                vcom_IRQHandler
 .text.tfmini_uart_IRQHandler
                0x0800999c       0x10 /home/phil/Repos/LoRa_STM32-claude/build/obj/vcom_81525599.o
                0x0800999c                tfmini_uart_IRQHandler
 .text.vcom_IoInit
                0x080099ac       0x5c /home/phil/Repos/LoRa_STM32-claude/build/obj/vcom_81525599.o
                0x080099ac                vcom_IoInit
 .text.uart1_init_uart1
                0x08009a08       0x34 /home/phil/Repos/LoRa_STM32-claude/build/obj/vcom_81525599.o
                0x08009a08                uart1_init_uart1
 .text.uart1_IoInit
                0x08009a3c       0x54 /home/phil/Repos/LoRa_STM32-claude/build/obj/vcom_81525599.o
                0x08009a3c                uart1_IoInit
 .text.uart1_IoDeInit
                0x08009a90       0x4c /home/phil/Repos/LoRa_STM32-claude/build/obj/vcom_81525599.o
                0x08009a90                uart1_IoDeInit
 .text.HAL_UART_MspInit
                0x08009adc       0xe8 /home/phil/Repos/LoRa_STM32-claude/build/obj/vcom_81525599.o
                0x08009adc                HAL_UART_MspInit
 .text.at_tfmini_data_receive
                0x08009bc4       0xd0 /home/phil/Repos/LoRa_STM32-claude/build/obj/vcom_81525599.o
                0x08009bc4                at_tfmini_data_receive
 .text.translate_status
                0x08009c94       0x14 /home/phil/Repos/LoRa_STM32-claude/build/obj/at_82e457e9.o
 .text.print_8_02x
                0x08009ca8       0x34 /home/phil/Repos/LoRa_STM32-claude/build/obj/at_82e457e9.o
 .text.print_16_02x
                0x08009cdc       0x54 /home/phil/Repos/LoRa_STM32-claude/build/obj/at_82e457e9.o
 .text.print_d  0x08009d30       0x18 /home/phil/Repos/LoRa_STM32-claude/build/obj/at_82e457e9.o
 .text.print_u  0x08009d48       0x18 /home/phil/Repos/LoRa_STM32-claude/build/obj/at_82e457e9.o
 .text.changeform
                0x08009d60       0x8c /home/phil/Repos/LoRa_STM32-claude/build/obj/at_82e457e9.o
 .text.sscanf_uint32_as_hhx.part.0
                0x08009dec       0x28 /home/phil/Repos/LoRa_STM32-claude/build/obj/at_82e457e9.o
 .text.sscanf_16_hhx.constprop.0
                0x08009e14       0x20 /home/phil/Repos/LoRa_STM32-claude/build/obj/at_82e457e9.o
 .text.sscanf_16_hhx.part.0.isra.0
                0x08009e34       0x50 /home/phil/Repos/LoRa_STM32-claude/build/obj/at_82e457e9.o
 .text.set_at_receive
                0x08009e84       0x24 /home/phil/Repos/LoRa_STM32-claude/build/obj/at_82e457e9.o
                0x08009e84                set_at_receive
 .text.at_return_error
                0x08009ea8        0x4 /home/phil/Repos/LoRa_STM32-claude/build/obj/at_82e457e9.o
                0x08009ea8                at_return_error
 .text.at_reset
                0x08009eac       0x1c /home/phil/Repos/LoRa_STM32-claude/build/obj/at_82e457e9.o
                0x08009eac                at_reset
 .text.at_DEBUG_run
                0x08009ec8       0x20 /home/phil/Repos/LoRa_STM32-claude/build/obj/at_82e457e9.o
                0x08009ec8                at_DEBUG_run
 .text.at_FDR   0x08009ee8       0x40 /home/phil/Repos/LoRa_STM32-claude/build/obj/at_82e457e9.o
                0x08009ee8                at_FDR
 .text.at_DevEUI_get
                0x08009f28        0xe /home/phil/Repos/LoRa_STM32-claude/build/obj/at_82e457e9.o
                0x08009f28                at_DevEUI_get
 *fill*         0x08009f36        0x2 
 .text.at_DevEUI_set
                0x08009f38       0x64 /home/phil/Repos/LoRa_STM32-claude/build/obj/at_82e457e9.o
                0x08009f38                at_DevEUI_set
 .text.at_AppEUI_get
                0x08009f9c        0xe /home/phil/Repos/LoRa_STM32-claude/build/obj/at_82e457e9.o
                0x08009f9c                at_AppEUI_get
 *fill*         0x08009faa        0x2 
 .text.at_AppEUI_set
                0x08009fac       0x64 /home/phil/Repos/LoRa_STM32-claude/build/obj/at_82e457e9.o
                0x08009fac                at_AppEUI_set
 .text.at_DevAddr_set
                0x0800a010       0x3c /home/phil/Repos/LoRa_STM32-claude/build/obj/at_82e457e9.o
                0x0800a010                at_DevAddr_set
 .text.at_DevAddr_get
                0x0800a04c        0xa /home/phil/Repos/LoRa_STM32-claude/build/obj/at_82e457e9.o
                0x0800a04c                at_DevAddr_get
 .text.at_AppKey_get
                0x0800a056        0xe /home/phil/Repos/LoRa_STM32-claude/build/obj/at_82e457e9.o
                0x0800a056                at_AppKey_get
 .text.at_AppKey_set
                0x0800a064       0x22 /home/phil/Repos/LoRa_STM32-claude/build/obj/at_82e457e9.o
                0x0800a064                at_AppKey_set
 .text.at_NwkSKey_get
                0x0800a086        0xe /home/phil/Repos/LoRa_STM32-claude/build/obj/at_82e457e9.o
                0x0800a086                at_NwkSKey_get
 .text.at_NwkSKey_set
                0x0800a094       0x22 /home/phil/Repos/LoRa_STM32-claude/build/obj/at_82e457e9.o
                0x0800a094                at_NwkSKey_set
 .text.at_AppSKey_get
                0x0800a0b6        0xe /home/phil/Repos/LoRa_STM32-claude/build/obj/at_82e457e9.o
                0x0800a0b6                at_AppSKey_get
 .text.at_AppSKey_set
                0x0800a0c4       0x22 /home/phil/Repos/LoRa_STM32-claude/build/obj/at_82e457e9.o
                0x0800a0c4                at_AppSKey_set
 .text.at_ADR_get
                0x0800a0e6       0x24 /home/phil/Repos/LoRa_STM32-claude/build/obj/at_82e457e9.o
                0x0800a0e6                at_ADR_get
 .text.at_ADR_set
                0x0800a10a       0x26 /home/phil/Repos/LoRa_STM32-claude/build/obj/at_82e457e9.o
                0x0800a10a                at_ADR_set
 .text.at_TransmitPower_get
                0x0800a130       0x26 /home/phil/Repos/LoRa_STM32-claude/build/obj/at_82e457e9.o
                0x0800a130                at_TransmitPower_get
 *fill*         0x0800a156        0x2 
 .text.at_TransmitPower_set
                0x0800a158       0x3c /home/phil/Repos/LoRa_STM32-claude/build/obj/at_82e457e9.o
                0x0800a158                at_TransmitPower_set
 .text.at_DataRate_get
                0x0800a194       0x26 /home/phil/Repos/LoRa_STM32-claude/build/obj/at_82e457e9.o
                0x0800a194                at_DataRate_get
 *fill*         0x0800a1ba        0x2 
 .text.at_DataRate_set
                0x0800a1bc       0x38 /home/phil/Repos/LoRa_STM32-claude/build/obj/at_82e457e9.o
                0x0800a1bc                at_DataRate_set
 .text.at_DutyCycle_set
                0x0800a1f4       0x1c /home/phil/Repos/LoRa_STM32-claude/build/obj/at_82e457e9.o
                0x0800a1f4                at_DutyCycle_set
 .text.at_DutyCycle_get
                0x0800a210       0x2c /home/phil/Repos/LoRa_STM32-claude/build/obj/at_82e457e9.o
                0x0800a210                at_DutyCycle_get
 .text.at_PublicNetwork_get
                0x0800a23c       0x24 /home/phil/Repos/LoRa_STM32-claude/build/obj/at_82e457e9.o
                0x0800a23c                at_PublicNetwork_get
 .text.at_PublicNetwork_set
                0x0800a260       0x26 /home/phil/Repos/LoRa_STM32-claude/build/obj/at_82e457e9.o
                0x0800a260                at_PublicNetwork_set
 .text.at_Rx2Frequency_get
                0x0800a286       0x24 /home/phil/Repos/LoRa_STM32-claude/build/obj/at_82e457e9.o
                0x0800a286                at_Rx2Frequency_get
 *fill*         0x0800a2aa        0x2 
 .text.at_Rx2Frequency_set
                0x0800a2ac       0x3c /home/phil/Repos/LoRa_STM32-claude/build/obj/at_82e457e9.o
                0x0800a2ac                at_Rx2Frequency_set
 .text.at_Rx2DataRate_get
                0x0800a2e8       0x24 /home/phil/Repos/LoRa_STM32-claude/build/obj/at_82e457e9.o
                0x0800a2e8                at_Rx2DataRate_get
 .text.at_Rx2DataRate_set
                0x0800a30c       0x44 /home/phil/Repos/LoRa_STM32-claude/build/obj/at_82e457e9.o
                0x0800a30c                at_Rx2DataRate_set
 .text.at_Rx1Delay_get
                0x0800a350       0x24 /home/phil/Repos/LoRa_STM32-claude/build/obj/at_82e457e9.o
                0x0800a350                at_Rx1Delay_get
 .text.at_Rx1Delay_set
                0x0800a374       0x2c /home/phil/Repos/LoRa_STM32-claude/build/obj/at_82e457e9.o
                0x0800a374                at_Rx1Delay_set
 .text.at_Rx2Delay_get
                0x0800a3a0       0x24 /home/phil/Repos/LoRa_STM32-claude/build/obj/at_82e457e9.o
                0x0800a3a0                at_Rx2Delay_get
 .text.at_Rx2Delay_set
                0x0800a3c4       0x2c /home/phil/Repos/LoRa_STM32-claude/build/obj/at_82e457e9.o
                0x0800a3c4                at_Rx2Delay_set
 .text.at_JoinAcceptDelay1_get
                0x0800a3f0       0x24 /home/phil/Repos/LoRa_STM32-claude/build/obj/at_82e457e9.o
                0x0800a3f0                at_JoinAcceptDelay1_get
 .text.at_JoinAcceptDelay1_set
                0x0800a414       0x3c /home/phil/Repos/LoRa_STM32-claude/build/obj/at_82e457e9.o
                0x0800a414                at_JoinAcceptDelay1_set
 .text.at_JoinAcceptDelay2_get
                0x0800a450       0x24 /home/phil/Repos/LoRa_STM32-claude/build/obj/at_82e457e9.o
                0x0800a450                at_JoinAcceptDelay2_get
 .text.at_JoinAcceptDelay2_set
                0x0800a474       0x3c /home/phil/Repos/LoRa_STM32-claude/build/obj/at_82e457e9.o
                0x0800a474                at_JoinAcceptDelay2_set
 .text.at_NetworkJoinMode_get
                0x0800a4b0       0x14 /home/phil/Repos/LoRa_STM32-claude/build/obj/at_82e457e9.o
                0x0800a4b0                at_NetworkJoinMode_get
 .text.at_NetworkJoinMode_set
                0x0800a4c4       0x28 /home/phil/Repos/LoRa_STM32-claude/build/obj/at_82e457e9.o
                0x0800a4c4                at_NetworkJoinMode_set
 .text.at_NetworkID_get
                0x0800a4ec       0x40 /home/phil/Repos/LoRa_STM32-claude/build/obj/at_82e457e9.o
                0x0800a4ec                at_NetworkID_get
 .text.at_NetworkID_set
                0x0800a52c       0x44 /home/phil/Repos/LoRa_STM32-claude/build/obj/at_82e457e9.o
                0x0800a52c                at_NetworkID_set
 .text.at_UplinkCounter_get
                0x0800a570       0x24 /home/phil/Repos/LoRa_STM32-claude/build/obj/at_82e457e9.o
                0x0800a570                at_UplinkCounter_get
 .text.at_UplinkCounter_set
                0x0800a594       0x2c /home/phil/Repos/LoRa_STM32-claude/build/obj/at_82e457e9.o
                0x0800a594                at_UplinkCounter_set
 .text.at_DownlinkCounter_get
                0x0800a5c0       0x24 /home/phil/Repos/LoRa_STM32-claude/build/obj/at_82e457e9.o
                0x0800a5c0                at_DownlinkCounter_get
 .text.at_DownlinkCounter_set
                0x0800a5e4       0x2c /home/phil/Repos/LoRa_STM32-claude/build/obj/at_82e457e9.o
                0x0800a5e4                at_DownlinkCounter_set
 .text.at_DeviceClass_get
                0x0800a610       0x30 /home/phil/Repos/LoRa_STM32-claude/build/obj/at_82e457e9.o
                0x0800a610                at_DeviceClass_get
 .text.at_DeviceClass_set
                0x0800a640       0x38 /home/phil/Repos/LoRa_STM32-claude/build/obj/at_82e457e9.o
                0x0800a640                at_DeviceClass_set
 .text.at_Join  0x0800a678        0xa /home/phil/Repos/LoRa_STM32-claude/build/obj/at_82e457e9.o
                0x0800a678                at_Join
 .text.at_NetworkJoinStatus
                0x0800a682       0x22 /home/phil/Repos/LoRa_STM32-claude/build/obj/at_82e457e9.o
                0x0800a682                at_NetworkJoinStatus
 .text.at_SendBinary
                0x0800a6a4       0xa0 /home/phil/Repos/LoRa_STM32-claude/build/obj/at_82e457e9.o
                0x0800a6a4                at_SendBinary
 .text.at_Send  0x0800a744       0x78 /home/phil/Repos/LoRa_STM32-claude/build/obj/at_82e457e9.o
                0x0800a744                at_Send
 .text.at_ReceiveBinary
                0x0800a7bc       0x50 /home/phil/Repos/LoRa_STM32-claude/build/obj/at_82e457e9.o
                0x0800a7bc                at_ReceiveBinary
 .text.at_Receive
                0x0800a80c       0x4c /home/phil/Repos/LoRa_STM32-claude/build/obj/at_82e457e9.o
                0x0800a80c                at_Receive
 .text.at_RJTDC_set
                0x0800a858       0x3c /home/phil/Repos/LoRa_STM32-claude/build/obj/at_82e457e9.o
                0x0800a858                at_RJTDC_set
 .text.at_RJTDC_get
                0x0800a894       0x14 /home/phil/Repos/LoRa_STM32-claude/build/obj/at_82e457e9.o
                0x0800a894                at_RJTDC_get
 .text.at_RPL_set
                0x0800a8a8       0x3c /home/phil/Repos/LoRa_STM32-claude/build/obj/at_82e457e9.o
                0x0800a8a8                at_RPL_set
 .text.at_RPL_get
                0x0800a8e4       0x14 /home/phil/Repos/LoRa_STM32-claude/build/obj/at_82e457e9.o
                0x0800a8e4                at_RPL_get
 .text.at_version_get
                0x0800a8f8       0x18 /home/phil/Repos/LoRa_STM32-claude/build/obj/at_82e457e9.o
                0x0800a8f8                at_version_get
 .text.at_ack_set
                0x0800a910       0x90 /home/phil/Repos/LoRa_STM32-claude/build/obj/at_82e457e9.o
                0x0800a910                at_ack_set
 .text.at_ack_get
                0x0800a9a0       0x2c /home/phil/Repos/LoRa_STM32-claude/build/obj/at_82e457e9.o
                0x0800a9a0                at_ack_get
 .text.at_isack_get
                0x0800a9cc       0x14 /home/phil/Repos/LoRa_STM32-claude/build/obj/at_82e457e9.o
                0x0800a9cc                at_isack_get
 .text.at_snr_get
                0x0800a9e0        0xe /home/phil/Repos/LoRa_STM32-claude/build/obj/at_82e457e9.o
                0x0800a9e0                at_snr_get
 .text.at_rssi_get
                0x0800a9ee        0xe /home/phil/Repos/LoRa_STM32-claude/build/obj/at_82e457e9.o
                0x0800a9ee                at_rssi_get
 .text.at_CFG_run
                0x0800a9fc       0xd0 /home/phil/Repos/LoRa_STM32-claude/build/obj/at_82e457e9.o
                0x0800a9fc                at_CFG_run
 .text.at_TDC_set
                0x0800aacc       0x40 /home/phil/Repos/LoRa_STM32-claude/build/obj/at_82e457e9.o
                0x0800aacc                at_TDC_set
 .text.at_TDC_get
                0x0800ab0c       0x14 /home/phil/Repos/LoRa_STM32-claude/build/obj/at_82e457e9.o
                0x0800ab0c                at_TDC_get
 .text.at_application_port_set
                0x0800ab20       0x28 /home/phil/Repos/LoRa_STM32-claude/build/obj/at_82e457e9.o
                0x0800ab20                at_application_port_set
 .text.at_application_port_get
                0x0800ab48        0xe /home/phil/Repos/LoRa_STM32-claude/build/obj/at_82e457e9.o
                0x0800ab48                at_application_port_get
 *fill*         0x0800ab56        0x2 
 .text.at_CHS_set
                0x0800ab58       0x38 /home/phil/Repos/LoRa_STM32-claude/build/obj/at_82e457e9.o
                0x0800ab58                at_CHS_set
 .text.at_CHS_get
                0x0800ab90        0xe /home/phil/Repos/LoRa_STM32-claude/build/obj/at_82e457e9.o
                0x0800ab90                at_CHS_get
 *fill*         0x0800ab9e        0x2 
 .text.at_symbtimeout1LSB_get
                0x0800aba0       0x14 /home/phil/Repos/LoRa_STM32-claude/build/obj/at_82e457e9.o
                0x0800aba0                at_symbtimeout1LSB_get
 .text.at_symbtimeout1LSB_set
                0x0800abb4       0x30 /home/phil/Repos/LoRa_STM32-claude/build/obj/at_82e457e9.o
                0x0800abb4                at_symbtimeout1LSB_set
 .text.at_symbtimeout2LSB_get
                0x0800abe4       0x14 /home/phil/Repos/LoRa_STM32-claude/build/obj/at_82e457e9.o
                0x0800abe4                at_symbtimeout2LSB_get
 .text.at_symbtimeout2LSB_set
                0x0800abf8       0x30 /home/phil/Repos/LoRa_STM32-claude/build/obj/at_82e457e9.o
                0x0800abf8                at_symbtimeout2LSB_set
 .text.at_decrypt_set
                0x0800ac28       0x2c /home/phil/Repos/LoRa_STM32-claude/build/obj/at_82e457e9.o
                0x0800ac28                at_decrypt_set
 .text.at_decrypt_get
                0x0800ac54       0x1c /home/phil/Repos/LoRa_STM32-claude/build/obj/at_82e457e9.o
                0x0800ac54                at_decrypt_get
 .text.at_MOD_set
                0x0800ac70       0x48 /home/phil/Repos/LoRa_STM32-claude/build/obj/at_82e457e9.o
                0x0800ac70                at_MOD_set
 .text.at_MOD_get
                0x0800acb8       0x14 /home/phil/Repos/LoRa_STM32-claude/build/obj/at_82e457e9.o
                0x0800acb8                at_MOD_get
 .text.at_INTMOD1_set
                0x0800accc       0x40 /home/phil/Repos/LoRa_STM32-claude/build/obj/at_82e457e9.o
                0x0800accc                at_INTMOD1_set
 .text.at_INTMOD1_get
                0x0800ad0c       0x14 /home/phil/Repos/LoRa_STM32-claude/build/obj/at_82e457e9.o
                0x0800ad0c                at_INTMOD1_get
 .text.at_INTMOD2_set
                0x0800ad20       0x40 /home/phil/Repos/LoRa_STM32-claude/build/obj/at_82e457e9.o
                0x0800ad20                at_INTMOD2_set
 .text.at_INTMOD2_get
                0x0800ad60       0x14 /home/phil/Repos/LoRa_STM32-claude/build/obj/at_82e457e9.o
                0x0800ad60                at_INTMOD2_get
 .text.at_INTMOD3_set
                0x0800ad74       0x40 /home/phil/Repos/LoRa_STM32-claude/build/obj/at_82e457e9.o
                0x0800ad74                at_INTMOD3_set
 .text.at_INTMOD3_get
                0x0800adb4       0x14 /home/phil/Repos/LoRa_STM32-claude/build/obj/at_82e457e9.o
                0x0800adb4                at_INTMOD3_get
 .text.at_weight_GapValue_set
                0x0800adc8       0x68 /home/phil/Repos/LoRa_STM32-claude/build/obj/at_82e457e9.o
                0x0800adc8                at_weight_GapValue_set
 .text.at_weight_GapValue_get
                0x0800ae30       0x24 /home/phil/Repos/LoRa_STM32-claude/build/obj/at_82e457e9.o
                0x0800ae30                at_weight_GapValue_get
 .text.at_5Vtime_set
                0x0800ae54       0x28 /home/phil/Repos/LoRa_STM32-claude/build/obj/at_82e457e9.o
                0x0800ae54                at_5Vtime_set
 .text.at_5Vtime_get
                0x0800ae7c       0x14 /home/phil/Repos/LoRa_STM32-claude/build/obj/at_82e457e9.o
                0x0800ae7c                at_5Vtime_get
 .text.at_SETCNT_set
                0x0800ae90       0x3c /home/phil/Repos/LoRa_STM32-claude/build/obj/at_82e457e9.o
                0x0800ae90                at_SETCNT_set
 .text.at_getsensorvaule_set
                0x0800aecc       0x54 /home/phil/Repos/LoRa_STM32-claude/build/obj/at_82e457e9.o
                0x0800aecc                at_getsensorvaule_set
 .text.at_downlink_detect_set
                0x0800af20       0x70 /home/phil/Repos/LoRa_STM32-claude/build/obj/at_82e457e9.o
                0x0800af20                at_downlink_detect_set
 .text.at_downlink_detect_get
                0x0800af90       0x2c /home/phil/Repos/LoRa_STM32-claude/build/obj/at_82e457e9.o
                0x0800af90                at_downlink_detect_get
 .text.at_setmaxnbtrans_set
                0x0800afbc       0x44 /home/phil/Repos/LoRa_STM32-claude/build/obj/at_82e457e9.o
                0x0800afbc                at_setmaxnbtrans_set
 .text.at_setmaxnbtrans_get
                0x0800b000       0x24 /home/phil/Repos/LoRa_STM32-claude/build/obj/at_82e457e9.o
                0x0800b000                at_setmaxnbtrans_get
 .text.at_disdownlinkcheck_set
                0x0800b024       0x30 /home/phil/Repos/LoRa_STM32-claude/build/obj/at_82e457e9.o
                0x0800b024                at_disdownlinkcheck_set
 .text.at_disdownlinkcheck_get
                0x0800b054       0x1c /home/phil/Repos/LoRa_STM32-claude/build/obj/at_82e457e9.o
                0x0800b054                at_disdownlinkcheck_get
 .text.at_dismac_answer_set
                0x0800b070       0x30 /home/phil/Repos/LoRa_STM32-claude/build/obj/at_82e457e9.o
                0x0800b070                at_dismac_answer_set
 .text.at_dismac_answer_get
                0x0800b0a0       0x1c /home/phil/Repos/LoRa_STM32-claude/build/obj/at_82e457e9.o
                0x0800b0a0                at_dismac_answer_get
 .text.at_rxdata_test
                0x0800b0bc       0x64 /home/phil/Repos/LoRa_STM32-claude/build/obj/at_82e457e9.o
                0x0800b0bc                at_rxdata_test
 .text.weightreset
                0x0800b120       0x3c /home/phil/Repos/LoRa_STM32-claude/build/obj/at_82e457e9.o
                0x0800b120                weightreset
 .text.at_weightreset
                0x0800b15c        0xa /home/phil/Repos/LoRa_STM32-claude/build/obj/at_82e457e9.o
                0x0800b15c                at_weightreset
 *fill*         0x0800b166        0x2 
 .text.CMD_GetChar
                0x0800b168       0x20 /home/phil/Repos/LoRa_STM32-claude/build/obj/command_a2f38ca8.o
 .text.com_error
                0x0800b188       0x24 /home/phil/Repos/LoRa_STM32-claude/build/obj/command_a2f38ca8.o
 .text.CMD_Init
                0x0800b1ac       0x18 /home/phil/Repos/LoRa_STM32-claude/build/obj/command_a2f38ca8.o
                0x0800b1ac                CMD_Init
 .text.CMD_Process
                0x0800b1c4      0x1f8 /home/phil/Repos/LoRa_STM32-claude/build/obj/command_a2f38ca8.o
                0x0800b1c4                CMD_Process
 .text.printf_all_config
                0x0800b3bc       0x3c /home/phil/Repos/LoRa_STM32-claude/build/obj/command_a2f38ca8.o
                0x0800b3bc                printf_all_config
 .text.McpsConfirm
                0x0800b3f8        0x2 /home/phil/Repos/LoRa_STM32-claude/build/obj/lora_bb201500.o
 *fill*         0x0800b3fa        0x2 
 .text.MlmeConfirm
                0x0800b3fc       0x48 /home/phil/Repos/LoRa_STM32-claude/build/obj/lora_bb201500.o
 .text.McpsIndication
                0x0800b444       0xa0 /home/phil/Repos/LoRa_STM32-claude/build/obj/lora_bb201500.o
 .text.customize_freq1_get
                0x0800b4e4        0xc /home/phil/Repos/LoRa_STM32-claude/build/obj/lora_bb201500.o
                0x0800b4e4                customize_freq1_get
 .text.customize_freq1_set
                0x0800b4f0        0xc /home/phil/Repos/LoRa_STM32-claude/build/obj/lora_bb201500.o
                0x0800b4f0                customize_freq1_set
 .text.region_printf
                0x0800b4fc       0x14 /home/phil/Repos/LoRa_STM32-claude/build/obj/lora_bb201500.o
                0x0800b4fc                region_printf
 .text.key_printf
                0x0800b510       0x38 /home/phil/Repos/LoRa_STM32-claude/build/obj/lora_bb201500.o
                0x0800b510                key_printf
 .text.LORA_Join
                0x0800b548       0xb8 /home/phil/Repos/LoRa_STM32-claude/build/obj/lora_bb201500.o
                0x0800b548                LORA_Join
 .text.LORA_JoinStatus
                0x0800b600       0x14 /home/phil/Repos/LoRa_STM32-claude/build/obj/lora_bb201500.o
                0x0800b600                LORA_JoinStatus
 .text.LORA_send
                0x0800b614       0x90 /home/phil/Repos/LoRa_STM32-claude/build/obj/lora_bb201500.o
                0x0800b614                LORA_send
 .text.LORA_RequestClass
                0x0800b6a4       0x68 /home/phil/Repos/LoRa_STM32-claude/build/obj/lora_bb201500.o
                0x0800b6a4                LORA_RequestClass
 .text.lora_config_otaa_set
                0x0800b70c        0xc /home/phil/Repos/LoRa_STM32-claude/build/obj/lora_bb201500.o